Archive member included to satisfy reference by file (symbol)

../../../../../../components/nfc/t4t_lib/nfc_t4t_lib_gcc.a(nfc_t4t_lib.c.o)
                              build/nfc_writable_ndef_msg_pca10040_Debug/obj/main.o (nfc_t4t_ndef_rwpayload_set)
../../../../../../components/nfc/t4t_lib/nfc_t4t_lib_gcc.a(nfc_t4t_lib_al.c.o)
                              ../../../../../../components/nfc/t4t_lib/nfc_t4t_lib_gcc.a(nfc_t4t_lib.c.o) (nfc_t4t_lib_al_parameter_set)
../../../../../../components/nfc/t4t_lib/nfc_t4t_lib_gcc.a(isodepmsg.c.o)
                              ../../../../../../components/nfc/t4t_lib/nfc_t4t_lib_gcc.a(nfc_t4t_lib.c.o) (isodepTransmit)
D:/Programas/SEGGER/SEGGER Embedded Studio for ARM 4.30b/lib/libc_v7em_fpv4_sp_d16_hard_t_le_eabi.a(libc2.o)
                              build/nfc_writable_ndef_msg_pca10040_Debug/obj/nrf_log_str_formatter.o (isprint)
D:/Programas/SEGGER/SEGGER Embedded Studio for ARM 4.30b/lib/libc_v7em_fpv4_sp_d16_hard_t_le_eabi.a(libc2_asm.o)
                              build/nfc_writable_ndef_msg_pca10040_Debug/obj/nrf_log_frontend.o (memcpy)
D:/Programas/SEGGER/SEGGER Embedded Studio for ARM 4.30b/lib/libc_v7em_fpv4_sp_d16_hard_t_le_eabi.a(libc.o)
                              D:/Programas/SEGGER/SEGGER Embedded Studio for ARM 4.30b/lib/libc_v7em_fpv4_sp_d16_hard_t_le_eabi.a(libc2.o) (__heap_lock)
D:/Programas/SEGGER/SEGGER Embedded Studio for ARM 4.30b/lib/libc_v7em_fpv4_sp_d16_hard_t_le_eabi.a(libc_asm.o)
                              D:/Programas/SEGGER/SEGGER Embedded Studio for ARM 4.30b/lib/libc_v7em_fpv4_sp_d16_hard_t_le_eabi.a(libc2.o) (__aeabi_uldivmod)
D:/Programas/SEGGER/SEGGER Embedded Studio for ARM 4.30b/lib/libdebugio_v7em_fpv4_sp_d16_hard_t_le_eabi.a(libdebugio.o)
                              build/nfc_writable_ndef_msg_pca10040_Debug/obj/thumb_crt0.o (debug_fopen)
D:/Programas/SEGGER/SEGGER Embedded Studio for ARM 4.30b/lib/libdebugio_mempoll_v7em_fpv4_sp_d16_hard_t_le_eabi.a(mempoll_debug_operations.o)
                              D:/Programas/SEGGER/SEGGER Embedded Studio for ARM 4.30b/lib/libdebugio_v7em_fpv4_sp_d16_hard_t_le_eabi.a(libdebugio.o) (__do_debug_operation)
D:/Programas/SEGGER/SEGGER Embedded Studio for ARM 4.30b/lib/libdebugio_mempoll_v7em_fpv4_sp_d16_hard_t_le_eabi.a(do_nv_debug_operation.o)
                              D:/Programas/SEGGER/SEGGER Embedded Studio for ARM 4.30b/lib/libdebugio_v7em_fpv4_sp_d16_hard_t_le_eabi.a(libdebugio.o) (__do_nvdebug_operation)
D:/Programas/SEGGER/SEGGER Embedded Studio for ARM 4.30b/lib/libm_v7em_fpv4_sp_d16_hard_t_le_eabi.a(libm_asm.o)
                              D:/Programas/SEGGER/SEGGER Embedded Studio for ARM 4.30b/lib/libc_v7em_fpv4_sp_d16_hard_t_le_eabi.a(libc2.o) (__aeabi_dadd)
D:/Programas/SEGGER/SEGGER Embedded Studio for ARM 4.30b/lib/libm_v7em_fpv4_sp_d16_hard_t_le_eabi.a(libm2.o)
                              D:/Programas/SEGGER/SEGGER Embedded Studio for ARM 4.30b/lib/libvfprintf_v7em_fpv4_sp_d16_hard_t_le_eabi.o (frexp)

Allocating common symbols
Common symbol       size              file

gCCArea             0xf               ../../../../../../components/nfc/t4t_lib/nfc_t4t_lib_gcc.a(nfc_t4t_lib.c.o)
isoCB               0x148             ../../../../../../components/nfc/t4t_lib/nfc_t4t_lib_gcc.a(isodepmsg.c.o)

Discarded input sections

 .text          0x0000000000000000        0x0 build/nfc_writable_ndef_msg_pca10040_Debug/obj/thumb_crt0.o
 .data          0x0000000000000000        0x0 build/nfc_writable_ndef_msg_pca10040_Debug/obj/thumb_crt0.o
 .bss           0x0000000000000000        0x0 build/nfc_writable_ndef_msg_pca10040_Debug/obj/thumb_crt0.o
 .text.__aeabi_read_tp
                0x0000000000000000        0x8 build/nfc_writable_ndef_msg_pca10040_Debug/obj/thumb_crt0.o
 .text.abort    0x0000000000000000        0x2 build/nfc_writable_ndef_msg_pca10040_Debug/obj/thumb_crt0.o
 .text.__assert
                0x0000000000000000        0x2 build/nfc_writable_ndef_msg_pca10040_Debug/obj/thumb_crt0.o
 .text.__aeabi_assert
                0x0000000000000000        0x2 build/nfc_writable_ndef_msg_pca10040_Debug/obj/thumb_crt0.o
 .text.__sync_synchronize
                0x0000000000000000        0x2 build/nfc_writable_ndef_msg_pca10040_Debug/obj/thumb_crt0.o
 .text.__getchar
                0x0000000000000000        0x4 build/nfc_writable_ndef_msg_pca10040_Debug/obj/thumb_crt0.o
 .text.__putchar
                0x0000000000000000        0x4 build/nfc_writable_ndef_msg_pca10040_Debug/obj/thumb_crt0.o
 .text.__open   0x0000000000000000        0x4 build/nfc_writable_ndef_msg_pca10040_Debug/obj/thumb_crt0.o
 .text.__close  0x0000000000000000        0x4 build/nfc_writable_ndef_msg_pca10040_Debug/obj/thumb_crt0.o
 .text.__write  0x0000000000000000        0xa build/nfc_writable_ndef_msg_pca10040_Debug/obj/thumb_crt0.o
 .text.__read   0x0000000000000000        0xa build/nfc_writable_ndef_msg_pca10040_Debug/obj/thumb_crt0.o
[...]
Memory Configuration

Name             Origin             Length             Attributes
UNPLACED_SECTIONS 0x0000000100000000 0x0000000000000000 xw
RAM              0x0000000020000000 0x0000000000010000 xw
FLASH            0x0000000000000000 0x0000000000080000 xw
*default*        0x0000000000000000 0xffffffffffffffff

Linker script and memory map

                0x0000000000000000                __vfprintf = __vfprintf_long
                0x0000000000000000                __vfscanf = __vfscanf_long
                0x0000000020000000                __RAM_segment_start__ = 0x20000000
                0x0000000020010000                __RAM_segment_end__ = 0x20010000
                0x0000000000010000                __RAM_segment_size__ = 0x10000
                0x0000000000000000                __FLASH_segment_start__ = 0x0
                0x0000000000080000                __FLASH_segment_end__ = 0x80000
                0x0000000000080000                __FLASH_segment_size__ = 0x80000
                0x0000000000002000                __HEAPSIZE__ = 0x2000
                0x0000000000000000                __STACKSIZE_PROCESS__ = 0x0
                0x0000000000002000                __STACKSIZE__ = 0x2000
                0x0000000020000000                __vectors_ram_load_start__ = 0x20000000

.vectors_ram    0x0000000020000000        0x0
                0x0000000020000000                __vectors_ram_start__ = .
                0x0000000020000000                __app_ram_start__ = __vectors_ram_start__
 *(.vectors_ram .vectors_ram.*)
                0x0000000020000000                __vectors_ram_end__ = (__vectors_ram_start__ + SIZEOF (.vectors_ram))
                0x0000000000000000                __vectors_ram_size__ = SIZEOF (.vectors_ram)
                0x0000000020000000                __vectors_ram_load_end__ = __vectors_ram_end__
                0x0000000000000001                . = ASSERT (((__vectors_ram_start__ == __vectors_ram_end__) || ((__vectors_ram_end__ - __RAM_segment_start__) <= __RAM_segment_size__)), error: .vectors_ram is too large to fit in RAM memory segment)
                0x0000000020000000                __nrf_sections_run_load_start__ = ALIGN (__vectors_ram_end__, 0x4)

.nrf_sections_run
                0x0000000020000000        0x0
                0x0000000020000000                __nrf_sections_run_start__ = .
                0x0000000020000000                __start_nrf_sections_run = __nrf_sections_run_start__
 *(.nrf_sections_run .nrf_sections_run.*)
                0x0000000020000000                __nrf_sections_run_end__ = (__nrf_sections_run_start__ + SIZEOF (.nrf_sections_run))
                0x0000000000000000                __nrf_sections_run_size__ = SIZEOF (.nrf_sections_run)
                0x0000000020000000                __nrf_sections_run_load_end__ = __nrf_sections_run_end__
                0x0000000000000001                . = ASSERT (((__nrf_sections_run_start__ == __nrf_sections_run_end__) || ((__nrf_sections_run_end__ - __RAM_segment_start__) <= __RAM_segment_size__)), error: .nrf_sections_run is too large to fit in RAM memory segment)
                0x0000000000000000                __vectors_load_start__ = 0x0

.vectors        0x0000000000000000      0x200
                0x0000000000000000                __vectors_start__ = .
 *(.vectors .vectors.*)
 .vectors       0x0000000000000000      0x200 build/nfc_writable_ndef_msg_pca10040_Debug/obj/ses_startup_nrf52.o
                0x0000000000000000                _vectors
                0x0000000000000200                __vectors_end__ = (__vectors_start__ + SIZEOF (.vectors))
                0x0000000000000200                __vectors_size__ = SIZEOF (.vectors)
                0x0000000000000200                __vectors_load_end__ = __vectors_end__
                0x0000000000000001                . = ASSERT (((__vectors_start__ == __vectors_end__) || ((__vectors_end__ - __FLASH_segment_start__) <= __FLASH_segment_size__)), error: .vectors is too large to fit in FLASH memory segment)
                0x0000000000000200                __init_load_start__ = ALIGN (__vectors_end__, 0x4)

.init           0x0000000000000200      0x1d0
                0x0000000000000200                __init_start__ = .
 *(.init .init.*)
 .init          0x0000000000000200      0x15c build/nfc_writable_ndef_msg_pca10040_Debug/obj/thumb_crt0.o
                0x0000000000000200                _start
                0x00000000000002b4                exit
 .init          0x000000000000035c       0x18 build/nfc_writable_ndef_msg_pca10040_Debug/obj/ses_startup_nrf52.o
                0x000000000000035c                NMI_Handler
                0x0000000000000360                MemoryManagement_Handler
                0x0000000000000362                BusFault_Handler
                0x0000000000000364                UsageFault_Handler
                0x0000000000000366                SVC_Handler
                0x0000000000000368                DebugMon_Handler
                0x000000000000036a                PendSV_Handler
                0x000000000000036c                SysTick_Handler
                0x000000000000036e                PWM1_IRQHandler
                0x000000000000036e                GPIOTE_IRQHandler
                0x000000000000036e                SWI0_EGU0_IRQHandler
                0x000000000000036e                RADIO_IRQHandler
                0x000000000000036e                PDM_IRQHandler
                0x000000000000036e                TEMP_IRQHandler
                0x000000000000036e                QDEC_IRQHandler
                0x000000000000036e                RTC0_IRQHandler
                0x000000000000036e                FPU_IRQHandler
                0x000000000000036e                SPIM0_SPIS0_TWIM0_TWIS0_SPI0_TWI0_IRQHandler
                0x000000000000036e                SWI2_EGU2_IRQHandler
                0x000000000000036e                I2S_IRQHandler
                0x000000000000036e                SWI4_EGU4_IRQHandler
                0x000000000000036e                TIMER0_IRQHandler
                0x000000000000036e                Dummy_Handler
                0x000000000000036e                TIMER1_IRQHandler
                0x000000000000036e                PWM2_IRQHandler
                0x000000000000036e                ECB_IRQHandler
                0x000000000000036e                SPIM1_SPIS1_TWIM1_TWIS1_SPI1_TWI1_IRQHandler
                0x000000000000036e                SAADC_IRQHandler
                0x000000000000036e                CCM_AAR_IRQHandler
                0x000000000000036e                WDT_IRQHandler
                0x000000000000036e                TIMER3_IRQHandler
                0x000000000000036e                SWI5_EGU5_IRQHandler
                0x000000000000036e                RNG_IRQHandler
                0x000000000000036e                RTC2_IRQHandler
                0x000000000000036e                PWM0_IRQHandler
                0x000000000000036e                SWI3_EGU3_IRQHandler
                0x000000000000036e                RTC1_IRQHandler
                0x000000000000036e                SWI1_EGU1_IRQHandler
                0x000000000000036e                SPIM2_SPIS2_SPI2_IRQHandler
                0x000000000000036e                TIMER2_IRQHandler
                0x000000000000036e                MWU_IRQHandler
                0x000000000000036e                COMP_LPCOMP_IRQHandler
                0x0000000000000370                nRFInitialize
 .init          0x0000000000000374       0x5c build/nfc_writable_ndef_msg_pca10040_Debug/obj/ses_startup_nrf_common.o
                0x0000000000000374                Reset_Handler
                0x0000000000000378                afterInitialize
                0x000000000000039c                InitializeUserMemorySections
                0x00000000000003d0                __init_end__ = (__init_start__ + SIZEOF (.init))
                0x00000000000001d0                __init_size__ = SIZEOF (.init)
                0x00000000000003d0                __init_load_end__ = __init_end__
                0x0000000000000001                . = ASSERT (((__init_start__ == __init_end__) || ((__init_end__ - __FLASH_segment_start__) <= __FLASH_segment_size__)), error: .init is too large to fit in FLASH memory segment)
                0x00000000000003d0                __init_rodata_load_start__ = ALIGN (__init_end__, 0x4)

.init_rodata    0x00000000000003d0        0x0
                0x00000000000003d0                __init_rodata_start__ = .
 *(.init_rodata .init_rodata.*)
                0x00000000000003d0                __init_rodata_end__ = (__init_rodata_start__ + SIZEOF (.init_rodata))
                0x0000000000000000                __init_rodata_size__ = SIZEOF (.init_rodata)
                0x00000000000003d0                __init_rodata_load_end__ = __init_rodata_end__
                0x0000000000000001                . = ASSERT (((__init_rodata_start__ == __init_rodata_end__) || ((__init_rodata_end__ - __FLASH_segment_start__) <= __FLASH_segment_size__)), error: .init_rodata is too large to fit in FLASH memory segment)
                0x00000000000003d0                __text_load_start__ = ALIGN (__init_rodata_end__, 0x4)

.text           0x00000000000003d0     0x91f8
                0x00000000000003d0                __text_start__ = .
 *(.text .text.* .glue_7t .glue_7 .gnu.linkonce.t.* .gcc_except_table .ARM.extab* .gnu.linkonce.armextab.*)
 .glue_7        0x00000000000003d0        0x0 linker stubs
 .glue_7t       0x00000000000003d0        0x0 linker stubs
 .text.nrf_log_backend_serial_put
                0x00000000000003d0      0x132 build/nfc_writable_ndef_msg_pca10040_Debug/obj/nrf_log_backend_serial.o
                0x00000000000003d0                nrf_log_backend_serial_put
 *fill*         0x0000000000000502        0x2 
 .text.nrf_drv_uart_uninit
                0x0000000000000504       0x48 build/nfc_writable_ndef_msg_pca10040_Debug/obj/nrf_log_backend_uart.o
 .text.nrf_drv_uart_tx
                0x000000000000054c       0x60 build/nfc_writable_ndef_msg_pca10040_Debug/obj/nrf_log_backend_uart.o
 .text.uart_evt_handler
                0x00000000000005ac       0x20 build/nfc_writable_ndef_msg_pca10040_Debug/obj/nrf_log_backend_uart.o
 .text.uart_init
                0x00000000000005cc       0x8c build/nfc_writable_ndef_msg_pca10040_Debug/obj/nrf_log_backend_uart.o
 .text.nrf_log_backend_uart_init
                0x0000000000000658       0x1a build/nfc_writable_ndef_msg_pca10040_Debug/obj/nrf_log_backend_uart.o
                0x0000000000000658                nrf_log_backend_uart_init
 *fill*         0x0000000000000672        0x2 
 .text.serial_tx
                0x0000000000000674       0x6c build/nfc_writable_ndef_msg_pca10040_Debug/obj/nrf_log_backend_uart.o
 .text.nrf_log_backend_uart_put
                0x00000000000006e0       0x2c build/nfc_writable_ndef_msg_pca10040_Debug/obj/nrf_log_backend_uart.o
 .text.nrf_log_backend_uart_flush
                0x000000000000070c       0x14 build/nfc_writable_ndef_msg_pca10040_Debug/obj/nrf_log_backend_uart.o
 .text.nrf_log_backend_uart_panic_set
                0x0000000000000720       0x20 build/nfc_writable_ndef_msg_pca10040_Debug/obj/nrf_log_backend_uart.o
 .text.nrf_log_backend_enable
                0x0000000000000740       0x1c build/nfc_writable_ndef_msg_pca10040_Debug/obj/nrf_log_default_backends.o
 .text.nrf_log_default_backends_init
                0x000000000000075c       0x40 build/nfc_writable_ndef_msg_pca10040_Debug/obj/nrf_log_default_backends.o
                0x000000000000075c                nrf_log_default_backends_init
 .text.nrf_log_backend_put
                0x000000000000079c       0x1e build/nfc_writable_ndef_msg_pca10040_Debug/obj/nrf_log_frontend.o
 .text.nrf_log_backend_panic_set
                0x00000000000007ba       0x1a build/nfc_writable_ndef_msg_pca10040_Debug/obj/nrf_log_frontend.o
 .text.nrf_log_backend_flush
                0x00000000000007d4       0x1a build/nfc_writable_ndef_msg_pca10040_Debug/obj/nrf_log_frontend.o
 .text.nrf_log_backend_id_set
                0x00000000000007ee       0x20 build/nfc_writable_ndef_msg_pca10040_Debug/obj/nrf_log_frontend.o
 .text.nrf_log_backend_id_get
                0x000000000000080e       0x1a build/nfc_writable_ndef_msg_pca10040_Debug/obj/nrf_log_frontend.o
 .text.nrf_log_backend_enable
                0x0000000000000828       0x1c build/nfc_writable_ndef_msg_pca10040_Debug/obj/nrf_log_frontend.o
 .text.nrf_log_backend_is_enabled
                0x0000000000000844       0x1a build/nfc_writable_ndef_msg_pca10040_Debug/obj/nrf_log_frontend.o
 *fill*         0x000000000000085e        0x2 
 .text.nrf_log_init
                0x0000000000000860       0x74 build/nfc_writable_ndef_msg_pca10040_Debug/obj/nrf_log_frontend.o
                0x0000000000000860                nrf_log_init
 .text.nrf_log_module_cnt_get
                0x00000000000008d4       0x20 build/nfc_writable_ndef_msg_pca10040_Debug/obj/nrf_log_frontend.o
                0x00000000000008d4                nrf_log_module_cnt_get
 .text.module_idx_get
                0x00000000000008f4       0x60 build/nfc_writable_ndef_msg_pca10040_Debug/obj/nrf_log_frontend.o
 .text.nrf_log_module_name_get
                0x0000000000000954       0x3c build/nfc_writable_ndef_msg_pca10040_Debug/obj/nrf_log_frontend.o
                0x0000000000000954                nrf_log_module_name_get
 .text.nrf_log_color_id_get
                0x0000000000000990       0x68 build/nfc_writable_ndef_msg_pca10040_Debug/obj/nrf_log_frontend.o
                0x0000000000000990                nrf_log_color_id_get
 .text.invalid_packets_omit
                0x00000000000009f8       0x72 build/nfc_writable_ndef_msg_pca10040_Debug/obj/nrf_log_frontend.o
 *fill*         0x0000000000000a6a        0x2 
 .text.log_skip
                0x0000000000000a6c      0x104 build/nfc_writable_ndef_msg_pca10040_Debug/obj/nrf_log_frontend.o
 .text.dropped_sat16_get
                0x0000000000000b70       0x2c build/nfc_writable_ndef_msg_pca10040_Debug/obj/nrf_log_frontend.o
 .text.std_header_set
                0x0000000000000b9c       0xb8 build/nfc_writable_ndef_msg_pca10040_Debug/obj/nrf_log_frontend.o
 .text.buf_prealloc
                0x0000000000000c54      0x104 build/nfc_writable_ndef_msg_pca10040_Debug/obj/nrf_log_frontend.o
 .text.std_n    0x0000000000000d58       0x94 build/nfc_writable_ndef_msg_pca10040_Debug/obj/nrf_log_frontend.o
 .text.nrf_log_frontend_std_0
                0x0000000000000dec       0x1e build/nfc_writable_ndef_msg_pca10040_Debug/obj/nrf_log_frontend.o
                0x0000000000000dec                nrf_log_frontend_std_0
 .text.nrf_log_frontend_std_1
                0x0000000000000e0a       0x26 build/nfc_writable_ndef_msg_pca10040_Debug/obj/nrf_log_frontend.o
                0x0000000000000e0a                nrf_log_frontend_std_1
 .text.nrf_log_frontend_std_2
                0x0000000000000e30       0x2c build/nfc_writable_ndef_msg_pca10040_Debug/obj/nrf_log_frontend.o
                0x0000000000000e30                nrf_log_frontend_std_2
 .text.nrf_log_frontend_std_3
                0x0000000000000e5c       0x30 build/nfc_writable_ndef_msg_pca10040_Debug/obj/nrf_log_frontend.o
                0x0000000000000e5c                nrf_log_frontend_std_3
 .text.nrf_log_frontend_std_4
                0x0000000000000e8c       0x34 build/nfc_writable_ndef_msg_pca10040_Debug/obj/nrf_log_frontend.o
                0x0000000000000e8c                nrf_log_frontend_std_4
 .text.nrf_log_frontend_std_5
                0x0000000000000ec0       0x38 build/nfc_writable_ndef_msg_pca10040_Debug/obj/nrf_log_frontend.o
                0x0000000000000ec0                nrf_log_frontend_std_5
 .text.buffer_is_empty
                0x0000000000000ef8       0x24 build/nfc_writable_ndef_msg_pca10040_Debug/obj/nrf_log_frontend.o
                0x0000000000000ef8                buffer_is_empty
 .text.nrf_log_frontend_dequeue
                0x0000000000000f1c      0x37c build/nfc_writable_ndef_msg_pca10040_Debug/obj/nrf_log_frontend.o
                0x0000000000000f1c                nrf_log_frontend_dequeue
 .text.backend_id_assign
                0x0000000000001298       0x64 build/nfc_writable_ndef_msg_pca10040_Debug/obj/nrf_log_frontend.o
 .text.nrf_log_backend_add
                0x00000000000012fc       0x70 build/nfc_writable_ndef_msg_pca10040_Debug/obj/nrf_log_frontend.o
                0x00000000000012fc                nrf_log_backend_add
 .text.nrf_log_panic
                0x000000000000136c       0x40 build/nfc_writable_ndef_msg_pca10040_Debug/obj/nrf_log_frontend.o
                0x000000000000136c                nrf_log_panic
 .text.timestamp_print
                0x00000000000013ac       0x16 build/nfc_writable_ndef_msg_pca10040_Debug/obj/nrf_log_str_formatter.o
 *fill*         0x00000000000013c2        0x2 
 .text.prefix_process
                0x00000000000013c4       0xb4 build/nfc_writable_ndef_msg_pca10040_Debug/obj/nrf_log_str_formatter.o
 .text.postfix_process
                0x0000000000001478       0x60 build/nfc_writable_ndef_msg_pca10040_Debug/obj/nrf_log_str_formatter.o
 .text.nrf_log_std_entry_process
                0x00000000000014d8      0x144 build/nfc_writable_ndef_msg_pca10040_Debug/obj/nrf_log_str_formatter.o
                0x00000000000014d8                nrf_log_std_entry_process
 .text.nrf_log_hexdump_entry_process
                0x000000000000161c       0xe8 build/nfc_writable_ndef_msg_pca10040_Debug/obj/nrf_log_str_formatter.o
                0x000000000000161c                nrf_log_hexdump_entry_process
 .text.app_error_save_and_stop
                0x0000000000001704       0x9c build/nfc_writable_ndef_msg_pca10040_Debug/obj/app_error.o
                0x0000000000001704                app_error_save_and_stop
 .text.app_error_handler
                0x00000000000017a0       0x1c build/nfc_writable_ndef_msg_pca10040_Debug/obj/app_error_handler_gcc.o
                0x00000000000017a0                app_error_handler
 .text.app_error_fault_handler
                0x00000000000017bc      0x108 build/nfc_writable_ndef_msg_pca10040_Debug/obj/app_error_weak.o
                0x00000000000017bc                app_error_fault_handler
 .text.is_word_aligned
                0x00000000000018c4       0x24 build/nfc_writable_ndef_msg_pca10040_Debug/obj/app_scheduler.o
 .text.next_index
                0x00000000000018e8       0x30 build/nfc_writable_ndef_msg_pca10040_Debug/obj/app_scheduler.o
 .text.app_sched_queue_empty
                0x0000000000001918       0x34 build/nfc_writable_ndef_msg_pca10040_Debug/obj/app_scheduler.o
 .text.app_sched_init
                0x000000000000194c       0x7c build/nfc_writable_ndef_msg_pca10040_Debug/obj/app_scheduler.o
                0x000000000000194c                app_sched_init
 .text.is_app_sched_paused
                0x00000000000019c8       0x10 build/nfc_writable_ndef_msg_pca10040_Debug/obj/app_scheduler.o
 .text.app_sched_execute
                0x00000000000019d8       0x90 build/nfc_writable_ndef_msg_pca10040_Debug/obj/app_scheduler.o
                0x00000000000019d8                app_sched_execute
 .text.app_util_disable_irq
                0x0000000000001a68       0x20 build/nfc_writable_ndef_msg_pca10040_Debug/obj/app_util_platform.o
                0x0000000000001a68                app_util_disable_irq
 .text.app_util_enable_irq
                0x0000000000001a88       0x28 build/nfc_writable_ndef_msg_pca10040_Debug/obj/app_util_platform.o
                0x0000000000001a88                app_util_enable_irq
 .text.app_util_critical_region_enter
                0x0000000000001ab0       0x2c build/nfc_writable_ndef_msg_pca10040_Debug/obj/app_util_platform.o
                0x0000000000001ab0                app_util_critical_region_enter
 .text.app_util_critical_region_exit
                0x0000000000001adc       0x2c build/nfc_writable_ndef_msg_pca10040_Debug/obj/app_util_platform.o
                0x0000000000001adc                app_util_critical_region_exit
 .text.privilege_level_get
                0x0000000000001b08       0x44 build/nfc_writable_ndef_msg_pca10040_Debug/obj/app_util_platform.o
                0x0000000000001b08                privilege_level_get
 .text.is_word_aligned
                0x0000000000001b4c       0x24 build/nfc_writable_ndef_msg_pca10040_Debug/obj/fds.o
 .text.event_send
                0x0000000000001b70       0x40 build/nfc_writable_ndef_msg_pca10040_Debug/obj/fds.o
 .text.event_prepare
                0x0000000000001bb0       0xe8 build/nfc_writable_ndef_msg_pca10040_Debug/obj/fds.o
 .text.header_has_next
                0x0000000000001c98       0x38 build/nfc_writable_ndef_msg_pca10040_Debug/obj/fds.o
 .text.header_jump
                0x0000000000001cd0       0x20 build/nfc_writable_ndef_msg_pca10040_Debug/obj/fds.o
 .text.header_check
                0x0000000000001cf0       0x48 build/nfc_writable_ndef_msg_pca10040_Debug/obj/fds.o
 .text.address_is_valid
                0x0000000000001d38       0x4c build/nfc_writable_ndef_msg_pca10040_Debug/obj/fds.o
 .text.page_from_record
                0x0000000000001d84       0x74 build/nfc_writable_ndef_msg_pca10040_Debug/obj/fds.o
 .text.page_offsets_update
                0x0000000000001df8       0x46 build/nfc_writable_ndef_msg_pca10040_Debug/obj/fds.o
 *fill*         0x0000000000001e3e        0x2 
 .text.page_tag_write_swap
                0x0000000000001e40       0x30 build/nfc_writable_ndef_msg_pca10040_Debug/obj/fds.o
 .text.page_tag_write_data
                0x0000000000001e70       0x2c build/nfc_writable_ndef_msg_pca10040_Debug/obj/fds.o
 .text.record_find_next
                0x0000000000001e9c       0x9c build/nfc_writable_ndef_msg_pca10040_Debug/obj/fds.o
 .text.record_find_by_desc
                0x0000000000001f38       0xb8 build/nfc_writable_ndef_msg_pca10040_Debug/obj/fds.o
 .text.record_find
                0x0000000000001ff0       0xe4 build/nfc_writable_ndef_msg_pca10040_Debug/obj/fds.o
 .text.queue_load
                0x00000000000020d4       0x20 build/nfc_writable_ndef_msg_pca10040_Debug/obj/fds.o
 .text.queue_free
                0x00000000000020f4       0x20 build/nfc_writable_ndef_msg_pca10040_Debug/obj/fds.o
 .text.queue_has_next
                0x0000000000002114       0x38 build/nfc_writable_ndef_msg_pca10040_Debug/obj/fds.o
 .text.record_header_write_begin
                0x000000000000214c       0x40 build/nfc_writable_ndef_msg_pca10040_Debug/obj/fds.o
 .text.record_header_write_id
                0x000000000000218c       0x50 build/nfc_writable_ndef_msg_pca10040_Debug/obj/fds.o
 .text.record_header_write_finalize
                0x00000000000021dc       0x50 build/nfc_writable_ndef_msg_pca10040_Debug/obj/fds.o
 .text.record_header_flag_dirty
                0x000000000000222c       0x54 build/nfc_writable_ndef_msg_pca10040_Debug/obj/fds.o
 .text.record_find_and_delete
                0x0000000000002280       0x64 build/nfc_writable_ndef_msg_pca10040_Debug/obj/fds.o
 .text.file_find_and_delete
                0x00000000000022e4       0x4c build/nfc_writable_ndef_msg_pca10040_Debug/obj/fds.o
 .text.record_write_data
                0x0000000000002330       0x4c build/nfc_writable_ndef_msg_pca10040_Debug/obj/fds.o
 .text.gc_init  0x000000000000237c       0x68 build/nfc_writable_ndef_msg_pca10040_Debug/obj/fds.o
 .text.gc_page_next
                0x00000000000023e4       0x84 build/nfc_writable_ndef_msg_pca10040_Debug/obj/fds.o
 .text.gc_swap_erase
                0x0000000000002468       0x34 build/nfc_writable_ndef_msg_pca10040_Debug/obj/fds.o
 .text.gc_page_erase
                0x000000000000249c       0x68 build/nfc_writable_ndef_msg_pca10040_Debug/obj/fds.o
 .text.gc_record_copy
                0x0000000000002504       0x54 build/nfc_writable_ndef_msg_pca10040_Debug/obj/fds.o
 .text.gc_record_find_next
                0x0000000000002558       0x38 build/nfc_writable_ndef_msg_pca10040_Debug/obj/fds.o
 .text.gc_swap_promote
                0x0000000000002590       0x34 build/nfc_writable_ndef_msg_pca10040_Debug/obj/fds.o
 .text.gc_tag_new_swap
                0x00000000000025c4       0x20 build/nfc_writable_ndef_msg_pca10040_Debug/obj/fds.o
 .text.gc_next_page
                0x00000000000025e4       0x40 build/nfc_writable_ndef_msg_pca10040_Debug/obj/fds.o
 .text.gc_update_swap_offset
                0x0000000000002624       0x38 build/nfc_writable_ndef_msg_pca10040_Debug/obj/fds.o
 .text.gc_swap_pages
                0x000000000000265c       0x78 build/nfc_writable_ndef_msg_pca10040_Debug/obj/fds.o
 .text.gc_state_advance
                0x00000000000026d4       0x74 build/nfc_writable_ndef_msg_pca10040_Debug/obj/fds.o
 .text.init_execute
                0x0000000000002748      0x19c build/nfc_writable_ndef_msg_pca10040_Debug/obj/fds.o
 .text.write_execute
                0x00000000000028e4      0x114 build/nfc_writable_ndef_msg_pca10040_Debug/obj/fds.o
 .text.delete_execute
                0x00000000000029f8       0x6c build/nfc_writable_ndef_msg_pca10040_Debug/obj/fds.o
 .text.gc_execute
                0x0000000000002a64       0x9c build/nfc_writable_ndef_msg_pca10040_Debug/obj/fds.o
 .text.queue_process
                0x0000000000002b00      0x118 build/nfc_writable_ndef_msg_pca10040_Debug/obj/fds.o
 .text.fs_event_handler
                0x0000000000002c18       0x1a build/nfc_writable_ndef_msg_pca10040_Debug/obj/fds.o
 *fill*         0x0000000000002c32        0x2 
 .text.HardFault_Handler
                0x0000000000002c34       0x38 build/nfc_writable_ndef_msg_pca10040_Debug/obj/hardfault_handler_gcc.o
                0x0000000000002c34                HardFault_Handler
 .text.NVIC_SystemReset
                0x0000000000002c6c       0x28 build/nfc_writable_ndef_msg_pca10040_Debug/obj/hardfault_implementation.o
 .text.HardFault_process
                0x0000000000002c94       0x14 build/nfc_writable_ndef_msg_pca10040_Debug/obj/hardfault_implementation.o
                0x0000000000002c94                HardFault_process
 .text.HardFault_c_handler
                0x0000000000002ca8      0x1b4 build/nfc_writable_ndef_msg_pca10040_Debug/obj/hardfault_implementation.o
                0x0000000000002ca8                HardFault_c_handler
 .text.assert_nrf_callback
                0x0000000000002e5c       0x2c build/nfc_writable_ndef_msg_pca10040_Debug/obj/nrf_assert.o
                0x0000000000002e5c                assert_nrf_callback
 .text.nrf_atfifo_rspace_req
                0x0000000000002e88       0x5c build/nfc_writable_ndef_msg_pca10040_Debug/obj/nrf_atfifo.o
 .text.nrf_atfifo_rspace_close
                0x0000000000002ee4       0x2a build/nfc_writable_ndef_msg_pca10040_Debug/obj/nrf_atfifo.o
 .text.nrf_atfifo_item_get
                0x0000000000002f0e       0x34 build/nfc_writable_ndef_msg_pca10040_Debug/obj/nrf_atfifo.o
                0x0000000000002f0e                nrf_atfifo_item_get
 .text.nrf_atfifo_item_free
                0x0000000000002f42       0x2a build/nfc_writable_ndef_msg_pca10040_Debug/obj/nrf_atfifo.o
                0x0000000000002f42                nrf_atfifo_item_free
 .text.nrf_atomic_u32_fetch_store
                0x0000000000002f6c       0x30 build/nfc_writable_ndef_msg_pca10040_Debug/obj/nrf_atomic.o
                0x0000000000002f6c                nrf_atomic_u32_fetch_store
 .text.nrf_atomic_u32_or
                0x0000000000002f9c       0x32 build/nfc_writable_ndef_msg_pca10040_Debug/obj/nrf_atomic.o
                0x0000000000002f9c                nrf_atomic_u32_or
 .text.nrf_atomic_u32_fetch_and
                0x0000000000002fce       0x32 build/nfc_writable_ndef_msg_pca10040_Debug/obj/nrf_atomic.o
                0x0000000000002fce                nrf_atomic_u32_fetch_and
 .text.nrf_atomic_u32_add
                0x0000000000003000       0x32 build/nfc_writable_ndef_msg_pca10040_Debug/obj/nrf_atomic.o
                0x0000000000003000                nrf_atomic_u32_add
 .text.nrf_atomic_u32_sub
                0x0000000000003032       0x32 build/nfc_writable_ndef_msg_pca10040_Debug/obj/nrf_atomic.o
                0x0000000000003032                nrf_atomic_u32_sub
 .text.nrf_atomic_flag_set
                0x0000000000003064       0x1a build/nfc_writable_ndef_msg_pca10040_Debug/obj/nrf_atomic.o
                0x0000000000003064                nrf_atomic_flag_set
 .text.nrf_atomic_flag_clear_fetch
                0x000000000000307e       0x1a build/nfc_writable_ndef_msg_pca10040_Debug/obj/nrf_atomic.o
                0x000000000000307e                nrf_atomic_flag_clear_fetch
 .text.nrf_balloc_idx2block
                0x0000000000003098       0x38 build/nfc_writable_ndef_msg_pca10040_Debug/obj/nrf_balloc.o
 .text.nrf_balloc_block2idx
                0x00000000000030d0       0x38 build/nfc_writable_ndef_msg_pca10040_Debug/obj/nrf_balloc.o
 .text.nrf_balloc_init
                0x0000000000003108       0xb0 build/nfc_writable_ndef_msg_pca10040_Debug/obj/nrf_balloc.o
                0x0000000000003108                nrf_balloc_init
 .text.nrf_balloc_alloc
                0x00000000000031b8       0x80 build/nfc_writable_ndef_msg_pca10040_Debug/obj/nrf_balloc.o
                0x00000000000031b8                nrf_balloc_alloc
 .text.nrf_balloc_free
                0x0000000000003238       0x5c build/nfc_writable_ndef_msg_pca10040_Debug/obj/nrf_balloc.o
                0x0000000000003238                nrf_balloc_free
 .text.nrf_fprintf_buffer_flush
                0x0000000000003294       0x44 build/nfc_writable_ndef_msg_pca10040_Debug/obj/nrf_fprintf.o
                0x0000000000003294                nrf_fprintf_buffer_flush
 .text.nrf_fprintf
                0x00000000000032d8       0x7c build/nfc_writable_ndef_msg_pca10040_Debug/obj/nrf_fprintf.o
                0x00000000000032d8                nrf_fprintf
 .text.buffer_add
                0x0000000000003354       0x48 build/nfc_writable_ndef_msg_pca10040_Debug/obj/nrf_fprintf_format.o
 .text.string_print
                0x000000000000339c       0xb8 build/nfc_writable_ndef_msg_pca10040_Debug/obj/nrf_fprintf_format.o
 .text.unsigned_print
                0x0000000000003454      0x12c build/nfc_writable_ndef_msg_pca10040_Debug/obj/nrf_fprintf_format.o
 .text.int_print
                0x0000000000003580      0x11e build/nfc_writable_ndef_msg_pca10040_Debug/obj/nrf_fprintf_format.o
 *fill*         0x000000000000369e        0x2 
 .text.nrf_fprintf_fmt
                0x00000000000036a0      0x438 build/nfc_writable_ndef_msg_pca10040_Debug/obj/nrf_fprintf_format.o
                0x00000000000036a0                nrf_fprintf_fmt
 .text.nrf_fstorage_write
                0x0000000000003ad8      0x1c8 build/nfc_writable_ndef_msg_pca10040_Debug/obj/nrf_fstorage.o
                0x0000000000003ad8                nrf_fstorage_write
 .text.nrf_fstorage_erase
                0x0000000000003ca0      0x134 build/nfc_writable_ndef_msg_pca10040_Debug/obj/nrf_fstorage.o
                0x0000000000003ca0                nrf_fstorage_erase
 .text.addr_is_within_bounds
                0x0000000000003dd4       0x3e build/nfc_writable_ndef_msg_pca10040_Debug/obj/nrf_fstorage.o
 .text.addr_is_aligned32
                0x0000000000003e12       0x24 build/nfc_writable_ndef_msg_pca10040_Debug/obj/nrf_fstorage.o
 .text.addr_is_page_aligned
                0x0000000000003e36       0x2c build/nfc_writable_ndef_msg_pca10040_Debug/obj/nrf_fstorage.o
 .text.nrf_memobj_pool_init
                0x0000000000003e62       0x18 build/nfc_writable_ndef_msg_pca10040_Debug/obj/nrf_memobj.o
                0x0000000000003e62                nrf_memobj_pool_init
 .text.nrf_memobj_alloc
                0x0000000000003e7a       0xac build/nfc_writable_ndef_msg_pca10040_Debug/obj/nrf_memobj.o
                0x0000000000003e7a                nrf_memobj_alloc
 .text.nrf_memobj_free
                0x0000000000003f26       0x6e build/nfc_writable_ndef_msg_pca10040_Debug/obj/nrf_memobj.o
                0x0000000000003f26                nrf_memobj_free
 .text.nrf_memobj_get
                0x0000000000003f94       0x20 build/nfc_writable_ndef_msg_pca10040_Debug/obj/nrf_memobj.o
                0x0000000000003f94                nrf_memobj_get
 .text.nrf_memobj_put
                0x0000000000003fb4       0x38 build/nfc_writable_ndef_msg_pca10040_Debug/obj/nrf_memobj.o
                0x0000000000003fb4                nrf_memobj_put
 .text.memobj_op
                0x0000000000003fec      0x124 build/nfc_writable_ndef_msg_pca10040_Debug/obj/nrf_memobj.o
 .text.nrf_memobj_write
                0x0000000000004110       0x40 build/nfc_writable_ndef_msg_pca10040_Debug/obj/nrf_memobj.o
                0x0000000000004110                nrf_memobj_write
 .text.nrf_memobj_read
                0x0000000000004150       0x44 build/nfc_writable_ndef_msg_pca10040_Debug/obj/nrf_memobj.o
                0x0000000000004150                nrf_memobj_read
 .text.nrf_ringbuf_init
                0x0000000000004194       0x44 build/nfc_writable_ndef_msg_pca10040_Debug/obj/nrf_ringbuf.o
                0x0000000000004194                nrf_ringbuf_init
 .text.nrf_strerror_get
                0x00000000000041d8       0x28 build/nfc_writable_ndef_msg_pca10040_Debug/obj/nrf_strerror.o
                0x00000000000041d8                nrf_strerror_get
 .text.nrf_strerror_find
                0x0000000000004200       0x70 build/nfc_writable_ndef_msg_pca10040_Debug/obj/nrf_strerror.o
                0x0000000000004200                nrf_strerror_find
 .text.hfclk_start
                0x0000000000004270        0xc build/nfc_writable_ndef_msg_pca10040_Debug/obj/nrf_drv_clock.o
 .text.hfclk_stop
                0x000000000000427c       0x18 build/nfc_writable_ndef_msg_pca10040_Debug/obj/nrf_drv_clock.o
 .text.nrf_drv_clock_init
                0x0000000000004294       0x54 build/nfc_writable_ndef_msg_pca10040_Debug/obj/nrf_drv_clock.o
                0x0000000000004294                nrf_drv_clock_init
 .text.item_enqueue
                0x00000000000042e8       0x42 build/nfc_writable_ndef_msg_pca10040_Debug/obj/nrf_drv_clock.o
 .text.item_dequeue
                0x000000000000432a       0x2a build/nfc_writable_ndef_msg_pca10040_Debug/obj/nrf_drv_clock.o
 .text.nrf_drv_clock_hfclk_request
                0x0000000000004354       0xa0 build/nfc_writable_ndef_msg_pca10040_Debug/obj/nrf_drv_clock.o
                0x0000000000004354                nrf_drv_clock_hfclk_request
 .text.nrf_drv_clock_hfclk_release
                0x00000000000043f4       0x58 build/nfc_writable_ndef_msg_pca10040_Debug/obj/nrf_drv_clock.o
                0x00000000000043f4                nrf_drv_clock_hfclk_release
 .text.clock_clk_started_notify
                0x000000000000444c       0x48 build/nfc_writable_ndef_msg_pca10040_Debug/obj/nrf_drv_clock.o
 .text.clock_irq_handler
                0x0000000000004494       0x3c build/nfc_writable_ndef_msg_pca10040_Debug/obj/nrf_drv_clock.o
 .text.uarte_evt_handler
                0x00000000000044d0       0x50 build/nfc_writable_ndef_msg_pca10040_Debug/obj/nrf_drv_uart.o
 .text.uart_evt_handler
                0x0000000000004520       0x50 build/nfc_writable_ndef_msg_pca10040_Debug/obj/nrf_drv_uart.o
 .text.nrf_drv_uart_init
                0x0000000000004570       0xcc build/nfc_writable_ndef_msg_pca10040_Debug/obj/nrf_drv_uart.o
                0x0000000000004570                nrf_drv_uart_init
 .text.NVIC_EnableIRQ
                0x000000000000463c       0x34 build/nfc_writable_ndef_msg_pca10040_Debug/obj/nrfx_clock.o
 .text.NVIC_SetPriority
                0x0000000000004670       0x54 build/nfc_writable_ndef_msg_pca10040_Debug/obj/nrfx_clock.o
 .text.nrfx_get_irq_number
                0x00000000000046c4       0x1a build/nfc_writable_ndef_msg_pca10040_Debug/obj/nrfx_clock.o
 *fill*         0x00000000000046de        0x2 
 .text._NRFX_IRQ_PRIORITY_SET
                0x00000000000046e0       0x38 build/nfc_writable_ndef_msg_pca10040_Debug/obj/nrfx_clock.o
 .text._NRFX_IRQ_ENABLE
                0x0000000000004718       0x1c build/nfc_writable_ndef_msg_pca10040_Debug/obj/nrfx_clock.o
 .text._NRFX_IRQ_IS_ENABLED
                0x0000000000004734       0x54 build/nfc_writable_ndef_msg_pca10040_Debug/obj/nrfx_clock.o
 .text.nrf_clock_int_enable
                0x0000000000004788       0x1e build/nfc_writable_ndef_msg_pca10040_Debug/obj/nrfx_clock.o
 .text.nrf_clock_int_disable
                0x00000000000047a6       0x1e build/nfc_writable_ndef_msg_pca10040_Debug/obj/nrfx_clock.o
 .text.nrf_clock_task_trigger
                0x00000000000047c4       0x20 build/nfc_writable_ndef_msg_pca10040_Debug/obj/nrfx_clock.o
 .text.nrf_clock_event_clear
                0x00000000000047e4       0x2c build/nfc_writable_ndef_msg_pca10040_Debug/obj/nrfx_clock.o
 .text.nrf_clock_event_check
                0x0000000000004810       0x28 build/nfc_writable_ndef_msg_pca10040_Debug/obj/nrfx_clock.o
 .text.nrf_clock_lf_src_set
                0x0000000000004838       0x1e build/nfc_writable_ndef_msg_pca10040_Debug/obj/nrfx_clock.o
 .text.nrf_clock_hf_is_running
                0x0000000000004856       0x32 build/nfc_writable_ndef_msg_pca10040_Debug/obj/nrfx_clock.o
 .text.nrfx_power_clock_irq_init
                0x0000000000004888       0x54 build/nfc_writable_ndef_msg_pca10040_Debug/obj/nrfx_clock.o
 .text.nrfx_clock_init
                0x00000000000048dc       0x4c build/nfc_writable_ndef_msg_pca10040_Debug/obj/nrfx_clock.o
                0x00000000000048dc                nrfx_clock_init
 .text.nrfx_clock_enable
                0x0000000000004928       0x2c build/nfc_writable_ndef_msg_pca10040_Debug/obj/nrfx_clock.o
                0x0000000000004928                nrfx_clock_enable
 .text.nrfx_clock_hfclk_start
                0x0000000000004954       0x34 build/nfc_writable_ndef_msg_pca10040_Debug/obj/nrfx_clock.o
                0x0000000000004954                nrfx_clock_hfclk_start
 .text.nrfx_clock_hfclk_stop
                0x0000000000004988       0x3c build/nfc_writable_ndef_msg_pca10040_Debug/obj/nrfx_clock.o
                0x0000000000004988                nrfx_clock_hfclk_stop
 .text.POWER_CLOCK_IRQHandler
                0x00000000000049c4       0x68 build/nfc_writable_ndef_msg_pca10040_Debug/obj/nrfx_clock.o
                0x00000000000049c4                POWER_CLOCK_IRQHandler
 .text.NVIC_EnableIRQ
                0x0000000000004a2c       0x34 build/nfc_writable_ndef_msg_pca10040_Debug/obj/nrfx_nfct.o
 .text.NVIC_ClearPendingIRQ
                0x0000000000004a60       0x34 build/nfc_writable_ndef_msg_pca10040_Debug/obj/nrfx_nfct.o
 .text.NVIC_SetPriority
                0x0000000000004a94       0x54 build/nfc_writable_ndef_msg_pca10040_Debug/obj/nrfx_nfct.o
 .text._NRFX_IRQ_PRIORITY_SET
                0x0000000000004ae8       0x38 build/nfc_writable_ndef_msg_pca10040_Debug/obj/nrfx_nfct.o
 .text._NRFX_IRQ_ENABLE
                0x0000000000004b20       0x1c build/nfc_writable_ndef_msg_pca10040_Debug/obj/nrfx_nfct.o
 .text._NRFX_IRQ_PENDING_CLEAR
                0x0000000000004b3c       0x1c build/nfc_writable_ndef_msg_pca10040_Debug/obj/nrfx_nfct.o
 .text.nrf_nfct_task_trigger
                0x0000000000004b58       0x24 build/nfc_writable_ndef_msg_pca10040_Debug/obj/nrfx_nfct.o
 .text.nrf_nfct_event_clear
                0x0000000000004b7c       0x28 build/nfc_writable_ndef_msg_pca10040_Debug/obj/nrfx_nfct.o
 .text.nrf_nfct_event_check
                0x0000000000004ba4       0x2c build/nfc_writable_ndef_msg_pca10040_Debug/obj/nrfx_nfct.o
 .text.nrf_nfct_int_enable
                0x0000000000004bd0       0x20 build/nfc_writable_ndef_msg_pca10040_Debug/obj/nrfx_nfct.o
 .text.nrf_nfct_int_enable_check
                0x0000000000004bf0       0x2c build/nfc_writable_ndef_msg_pca10040_Debug/obj/nrfx_nfct.o
 .text.nrf_nfct_int_enable_get
                0x0000000000004c1c       0x18 build/nfc_writable_ndef_msg_pca10040_Debug/obj/nrfx_nfct.o
 .text.nrf_nfct_int_disable
                0x0000000000004c34       0x20 build/nfc_writable_ndef_msg_pca10040_Debug/obj/nrfx_nfct.o
 .text.nrf_nfct_error_status_get
                0x0000000000004c54       0x18 build/nfc_writable_ndef_msg_pca10040_Debug/obj/nrfx_nfct.o
 .text.nrf_nfct_error_status_clear
                0x0000000000004c6c       0x20 build/nfc_writable_ndef_msg_pca10040_Debug/obj/nrfx_nfct.o
 .text.nrf_nfct_rx_frame_status_get
                0x0000000000004c8c       0x18 build/nfc_writable_ndef_msg_pca10040_Debug/obj/nrfx_nfct.o
 .text.nrf_nfct_rx_frame_status_clear
                0x0000000000004ca4       0x20 build/nfc_writable_ndef_msg_pca10040_Debug/obj/nrfx_nfct.o
 .text.nrf_nfct_field_status_get
                0x0000000000004cc4       0x1c build/nfc_writable_ndef_msg_pca10040_Debug/obj/nrfx_nfct.o
 .text.nrf_nfct_frame_delay_max_get
                0x0000000000004ce0       0x1c build/nfc_writable_ndef_msg_pca10040_Debug/obj/nrfx_nfct.o
 .text.nrf_nfct_frame_delay_max_set
                0x0000000000004cfc       0x24 build/nfc_writable_ndef_msg_pca10040_Debug/obj/nrfx_nfct.o
 .text.nrf_nfct_frame_delay_mode_set
                0x0000000000004d20       0x24 build/nfc_writable_ndef_msg_pca10040_Debug/obj/nrfx_nfct.o
 .text.nrf_nfct_rxtx_buffer_get
                0x0000000000004d44       0x18 build/nfc_writable_ndef_msg_pca10040_Debug/obj/nrfx_nfct.o
 .text.nrf_nfct_rxtx_buffer_set
                0x0000000000004d5c       0x30 build/nfc_writable_ndef_msg_pca10040_Debug/obj/nrfx_nfct.o
 .text.nrf_nfct_tx_bits_get
                0x0000000000004d8c       0x20 build/nfc_writable_ndef_msg_pca10040_Debug/obj/nrfx_nfct.o
 .text.nrf_nfct_tx_bits_set
                0x0000000000004dac       0x28 build/nfc_writable_ndef_msg_pca10040_Debug/obj/nrfx_nfct.o
 .text.nrf_nfct_rx_bits_get
                0x0000000000004dd4       0x3c build/nfc_writable_ndef_msg_pca10040_Debug/obj/nrfx_nfct.o
 .text.nrf_nfct_nfcid1_get
                0x0000000000004e10       0xd4 build/nfc_writable_ndef_msg_pca10040_Debug/obj/nrfx_nfct.o
 .text.nrf_nfct_nfcid1_set
                0x0000000000004ee4       0xc0 build/nfc_writable_ndef_msg_pca10040_Debug/obj/nrfx_nfct.o
 .text.nrf_nfct_sensres_bit_frame_sdd_set
                0x0000000000004fa4       0x30 build/nfc_writable_ndef_msg_pca10040_Debug/obj/nrfx_nfct.o
 .text.nrf_nfct_selsres_protocol_get
                0x0000000000004fd4       0x20 build/nfc_writable_ndef_msg_pca10040_Debug/obj/nrfx_nfct.o
 .text.nrf_nfct_selres_protocol_set
                0x0000000000004ff4       0x30 build/nfc_writable_ndef_msg_pca10040_Debug/obj/nrfx_nfct.o
 .text.nrf_timer_frequency_get
                0x0000000000005024       0x1c build/nfc_writable_ndef_msg_pca10040_Debug/obj/nrfx_nfct.o
 .text.nrf_timer_us_to_ticks
                0x0000000000005040       0x70 build/nfc_writable_ndef_msg_pca10040_Debug/obj/nrfx_nfct.o
 .text.nrfx_timer_us_to_ticks
                0x00000000000050b0       0x28 build/nfc_writable_ndef_msg_pca10040_Debug/obj/nrfx_nfct.o
 .text.nrfx_nfct_hw_init_setup
                0x00000000000050d8       0x14 build/nfc_writable_ndef_msg_pca10040_Debug/obj/nrfx_nfct.o
 .text.nrfx_nfct_frame_delay_max_set
                0x00000000000050ec       0x30 build/nfc_writable_ndef_msg_pca10040_Debug/obj/nrfx_nfct.o
 .text.nrfx_nfct_field_event_handler
                0x000000000000511c       0xc0 build/nfc_writable_ndef_msg_pca10040_Debug/obj/nrfx_nfct.o
 .text.nrfx_nfct_reset
                0x00000000000051dc       0x80 build/nfc_writable_ndef_msg_pca10040_Debug/obj/nrfx_nfct.o
 .text.nrfx_nfct_field_poll
                0x000000000000525c       0x7c build/nfc_writable_ndef_msg_pca10040_Debug/obj/nrfx_nfct.o
 .text.nrfx_nfct_field_timer_handler
                0x00000000000052d8       0x22 build/nfc_writable_ndef_msg_pca10040_Debug/obj/nrfx_nfct.o
 *fill*         0x00000000000052fa        0x2 
 .text.nrfx_nfct_field_timer_config
                0x00000000000052fc       0x58 build/nfc_writable_ndef_msg_pca10040_Debug/obj/nrfx_nfct.o
 .text.nrf_nfct_nfcid1_size_to_sensres_size
                0x0000000000005354       0x32 build/nfc_writable_ndef_msg_pca10040_Debug/obj/nrfx_nfct.o
 *fill*         0x0000000000005386        0x2 
 .text.nrfx_nfct_rxtx_int_enable
                0x0000000000005388       0x24 build/nfc_writable_ndef_msg_pca10040_Debug/obj/nrfx_nfct.o
 .text.nrfx_nfct_init
                0x00000000000053ac       0xa8 build/nfc_writable_ndef_msg_pca10040_Debug/obj/nrfx_nfct.o
                0x00000000000053ac                nrfx_nfct_init
 .text.nrfx_nfct_enable
                0x0000000000005454       0x20 build/nfc_writable_ndef_msg_pca10040_Debug/obj/nrfx_nfct.o
                0x0000000000005454                nrfx_nfct_enable
 .text.nrfx_nfct_field_check
                0x0000000000005474       0x30 build/nfc_writable_ndef_msg_pca10040_Debug/obj/nrfx_nfct.o
                0x0000000000005474                nrfx_nfct_field_check
 .text.nrfx_nfct_rx
                0x00000000000054a4       0x44 build/nfc_writable_ndef_msg_pca10040_Debug/obj/nrfx_nfct.o
                0x00000000000054a4                nrfx_nfct_rx
 .text.nrfx_nfct_tx
                0x00000000000054e8       0x80 build/nfc_writable_ndef_msg_pca10040_Debug/obj/nrfx_nfct.o
                0x00000000000054e8                nrfx_nfct_tx
 .text.nrfx_nfct_state_force
                0x0000000000005568       0x1a build/nfc_writable_ndef_msg_pca10040_Debug/obj/nrfx_nfct.o
                0x0000000000005568                nrfx_nfct_state_force
 *fill*         0x0000000000005582        0x2 
 .text.nrfx_nfct_init_substate_force
                0x0000000000005584       0x50 build/nfc_writable_ndef_msg_pca10040_Debug/obj/nrfx_nfct.o
                0x0000000000005584                nrfx_nfct_init_substate_force
 .text.nrfx_nfct_parameter_set
                0x00000000000055d4       0xa0 build/nfc_writable_ndef_msg_pca10040_Debug/obj/nrfx_nfct.o
                0x00000000000055d4                nrfx_nfct_parameter_set
 .text.nrfx_nfct_nfcid1_default_bytes_get
                0x0000000000005674       0xe6 build/nfc_writable_ndef_msg_pca10040_Debug/obj/nrfx_nfct.o
                0x0000000000005674                nrfx_nfct_nfcid1_default_bytes_get
 *fill*         0x000000000000575a        0x2 
 .text.nrfx_nfct_autocolres_enable
                0x000000000000575c       0x20 build/nfc_writable_ndef_msg_pca10040_Debug/obj/nrfx_nfct.o
                0x000000000000575c                nrfx_nfct_autocolres_enable
 .text.nrfx_nfct_autocolres_disable
                0x000000000000577c       0x20 build/nfc_writable_ndef_msg_pca10040_Debug/obj/nrfx_nfct.o
                0x000000000000577c                nrfx_nfct_autocolres_disable
 .text.NFCT_IRQHandler
                0x000000000000579c      0x27c build/nfc_writable_ndef_msg_pca10040_Debug/obj/nrfx_nfct.o
                0x000000000000579c                NFCT_IRQHandler
 .text.UARTE0_UART0_IRQHandler
                0x0000000000005a18       0x28 build/nfc_writable_ndef_msg_pca10040_Debug/obj/nrfx_prs.o
                0x0000000000005a18                UARTE0_UART0_IRQHandler
 .text.prs_box_get
                0x0000000000005a40       0x2c build/nfc_writable_ndef_msg_pca10040_Debug/obj/nrfx_prs.o
 .text.nrfx_prs_acquire
                0x0000000000005a6c       0x70 build/nfc_writable_ndef_msg_pca10040_Debug/obj/nrfx_prs.o
                0x0000000000005a6c                nrfx_prs_acquire
 .text.nrfx_prs_release
                0x0000000000005adc       0x3c build/nfc_writable_ndef_msg_pca10040_Debug/obj/nrfx_prs.o
                0x0000000000005adc                nrfx_prs_release
 .text.NVIC_EnableIRQ
                0x0000000000005b18       0x34 build/nfc_writable_ndef_msg_pca10040_Debug/obj/nrfx_timer.o
 .text.NVIC_SetPriority
                0x0000000000005b4c       0x54 build/nfc_writable_ndef_msg_pca10040_Debug/obj/nrfx_timer.o
 .text.nrfx_get_irq_number
                0x0000000000005ba0       0x1a build/nfc_writable_ndef_msg_pca10040_Debug/obj/nrfx_timer.o
 *fill*         0x0000000000005bba        0x2 
 .text._NRFX_IRQ_PRIORITY_SET
                0x0000000000005bbc       0x38 build/nfc_writable_ndef_msg_pca10040_Debug/obj/nrfx_timer.o
 .text._NRFX_IRQ_ENABLE
                0x0000000000005bf4       0x1c build/nfc_writable_ndef_msg_pca10040_Debug/obj/nrfx_timer.o
 .text.nrf_timer_task_trigger
                0x0000000000005c10       0x22 build/nfc_writable_ndef_msg_pca10040_Debug/obj/nrfx_timer.o
 .text.nrf_timer_event_clear
                0x0000000000005c32       0x2e build/nfc_writable_ndef_msg_pca10040_Debug/obj/nrfx_timer.o
 .text.nrf_timer_event_check
                0x0000000000005c60       0x2a build/nfc_writable_ndef_msg_pca10040_Debug/obj/nrfx_timer.o
 .text.nrf_timer_shorts_enable
                0x0000000000005c8a       0x26 build/nfc_writable_ndef_msg_pca10040_Debug/obj/nrfx_timer.o
 .text.nrf_timer_shorts_disable
                0x0000000000005cb0       0x28 build/nfc_writable_ndef_msg_pca10040_Debug/obj/nrfx_timer.o
 .text.nrf_timer_int_enable
                0x0000000000005cd8       0x1e build/nfc_writable_ndef_msg_pca10040_Debug/obj/nrfx_timer.o
 .text.nrf_timer_int_disable
                0x0000000000005cf6       0x1e build/nfc_writable_ndef_msg_pca10040_Debug/obj/nrfx_timer.o
 .text.nrf_timer_int_enable_check
                0x0000000000005d14       0x2a build/nfc_writable_ndef_msg_pca10040_Debug/obj/nrfx_timer.o
 .text.nrf_timer_mode_set
                0x0000000000005d3e       0x30 build/nfc_writable_ndef_msg_pca10040_Debug/obj/nrfx_timer.o
 .text.nrf_timer_bit_width_set
                0x0000000000005d6e       0x30 build/nfc_writable_ndef_msg_pca10040_Debug/obj/nrfx_timer.o
 .text.nrf_timer_frequency_set
                0x0000000000005d9e       0x30 build/nfc_writable_ndef_msg_pca10040_Debug/obj/nrfx_timer.o
 .text.nrf_timer_cc_write
                0x0000000000005dce       0x28 build/nfc_writable_ndef_msg_pca10040_Debug/obj/nrfx_timer.o
 .text.nrf_timer_compare_event_get
                0x0000000000005df6       0x1e build/nfc_writable_ndef_msg_pca10040_Debug/obj/nrfx_timer.o
 .text.nrf_timer_compare_int_get
                0x0000000000005e14       0x1e build/nfc_writable_ndef_msg_pca10040_Debug/obj/nrfx_timer.o
 *fill*         0x0000000000005e32        0x2 
 .text.nrfx_timer_init
                0x0000000000005e34      0x1f0 build/nfc_writable_ndef_msg_pca10040_Debug/obj/nrfx_timer.o
                0x0000000000005e34                nrfx_timer_init
 .text.nrfx_timer_enable
                0x0000000000006024       0x60 build/nfc_writable_ndef_msg_pca10040_Debug/obj/nrfx_timer.o
                0x0000000000006024                nrfx_timer_enable
 .text.nrfx_timer_disable
                0x0000000000006084       0x60 build/nfc_writable_ndef_msg_pca10040_Debug/obj/nrfx_timer.o
                0x0000000000006084                nrfx_timer_disable
 .text.nrfx_timer_clear
                0x00000000000060e4       0x48 build/nfc_writable_ndef_msg_pca10040_Debug/obj/nrfx_timer.o
                0x00000000000060e4                nrfx_timer_clear
 .text.nrfx_timer_compare
                0x000000000000612c       0x6a build/nfc_writable_ndef_msg_pca10040_Debug/obj/nrfx_timer.o
                0x000000000000612c                nrfx_timer_compare
 .text.nrfx_timer_extended_compare
                0x0000000000006196       0x52 build/nfc_writable_ndef_msg_pca10040_Debug/obj/nrfx_timer.o
                0x0000000000006196                nrfx_timer_extended_compare
 .text.irq_handler
                0x00000000000061e8       0x76 build/nfc_writable_ndef_msg_pca10040_Debug/obj/nrfx_timer.o
 *fill*         0x000000000000625e        0x2 
 .text.TIMER4_IRQHandler
                0x0000000000006260       0x1c build/nfc_writable_ndef_msg_pca10040_Debug/obj/nrfx_timer.o
                0x0000000000006260                TIMER4_IRQHandler
 .text.NVIC_EnableIRQ
                0x000000000000627c       0x34 build/nfc_writable_ndef_msg_pca10040_Debug/obj/nrfx_uart.o
 .text.NVIC_DisableIRQ
                0x00000000000062b0       0x34 build/nfc_writable_ndef_msg_pca10040_Debug/obj/nrfx_uart.o
 .text.NVIC_SetPriority
                0x00000000000062e4       0x54 build/nfc_writable_ndef_msg_pca10040_Debug/obj/nrfx_uart.o
 .text.nrfx_get_irq_number
                0x0000000000006338       0x1a build/nfc_writable_ndef_msg_pca10040_Debug/obj/nrfx_uart.o
 *fill*         0x0000000000006352        0x2 
 .text._NRFX_IRQ_PRIORITY_SET
                0x0000000000006354       0x38 build/nfc_writable_ndef_msg_pca10040_Debug/obj/nrfx_uart.o
 .text._NRFX_IRQ_ENABLE
                0x000000000000638c       0x1c build/nfc_writable_ndef_msg_pca10040_Debug/obj/nrfx_uart.o
 .text._NRFX_IRQ_DISABLE
                0x00000000000063a8       0x1c build/nfc_writable_ndef_msg_pca10040_Debug/obj/nrfx_uart.o
 .text.nrf_uart_event_clear
                0x00000000000063c4       0x2e build/nfc_writable_ndef_msg_pca10040_Debug/obj/nrfx_uart.o
 .text.nrf_uart_event_check
                0x00000000000063f2       0x2a build/nfc_writable_ndef_msg_pca10040_Debug/obj/nrfx_uart.o
 .text.nrf_uart_int_enable
                0x000000000000641c       0x1e build/nfc_writable_ndef_msg_pca10040_Debug/obj/nrfx_uart.o
 .text.nrf_uart_int_enable_check
                0x000000000000643a       0x2a build/nfc_writable_ndef_msg_pca10040_Debug/obj/nrfx_uart.o
 .text.nrf_uart_int_disable
                0x0000000000006464       0x1e build/nfc_writable_ndef_msg_pca10040_Debug/obj/nrfx_uart.o
 .text.nrf_uart_errorsrc_get_and_clear
                0x0000000000006482       0x26 build/nfc_writable_ndef_msg_pca10040_Debug/obj/nrfx_uart.o
 .text.nrf_uart_enable
                0x00000000000064a8       0x1c build/nfc_writable_ndef_msg_pca10040_Debug/obj/nrfx_uart.o
 .text.nrf_uart_disable
                0x00000000000064c4       0x1c build/nfc_writable_ndef_msg_pca10040_Debug/obj/nrfx_uart.o
 .text.nrf_uart_txrx_pins_set
                0x00000000000064e0       0x28 build/nfc_writable_ndef_msg_pca10040_Debug/obj/nrfx_uart.o
 .text.nrf_uart_txrx_pins_disconnect
                0x0000000000006508       0x1e build/nfc_writable_ndef_msg_pca10040_Debug/obj/nrfx_uart.o
 .text.nrf_uart_tx_pin_get
                0x0000000000006526       0x1a build/nfc_writable_ndef_msg_pca10040_Debug/obj/nrfx_uart.o
 .text.nrf_uart_rx_pin_get
                0x0000000000006540       0x1a build/nfc_writable_ndef_msg_pca10040_Debug/obj/nrfx_uart.o
 .text.nrf_uart_rts_pin_get
                0x000000000000655a       0x1a build/nfc_writable_ndef_msg_pca10040_Debug/obj/nrfx_uart.o
 .text.nrf_uart_cts_pin_get
                0x0000000000006574       0x1a build/nfc_writable_ndef_msg_pca10040_Debug/obj/nrfx_uart.o
 .text.nrf_uart_hwfc_pins_set
                0x000000000000658e       0x28 build/nfc_writable_ndef_msg_pca10040_Debug/obj/nrfx_uart.o
 .text.nrf_uart_hwfc_pins_disconnect
                0x00000000000065b6       0x1e build/nfc_writable_ndef_msg_pca10040_Debug/obj/nrfx_uart.o
 .text.nrf_uart_rxd_get
                0x00000000000065d4       0x1c build/nfc_writable_ndef_msg_pca10040_Debug/obj/nrfx_uart.o
 .text.nrf_uart_txd_set
                0x00000000000065f0       0x20 build/nfc_writable_ndef_msg_pca10040_Debug/obj/nrfx_uart.o
 .text.nrf_uart_task_trigger
                0x0000000000006610       0x22 build/nfc_writable_ndef_msg_pca10040_Debug/obj/nrfx_uart.o
 .text.nrf_uart_configure
                0x0000000000006632       0x2c build/nfc_writable_ndef_msg_pca10040_Debug/obj/nrfx_uart.o
 .text.nrf_uart_baudrate_set
                0x000000000000665e       0x1e build/nfc_writable_ndef_msg_pca10040_Debug/obj/nrfx_uart.o
 .text.nrf_gpio_pin_port_decode
                0x000000000000667c       0x2c build/nfc_writable_ndef_msg_pca10040_Debug/obj/nrfx_uart.o
 .text.nrf_gpio_cfg
                0x00000000000066a8       0x54 build/nfc_writable_ndef_msg_pca10040_Debug/obj/nrfx_uart.o
 .text.nrf_gpio_cfg_output
                0x00000000000066fc       0x24 build/nfc_writable_ndef_msg_pca10040_Debug/obj/nrfx_uart.o
 .text.nrf_gpio_cfg_input
                0x0000000000006720       0x2a build/nfc_writable_ndef_msg_pca10040_Debug/obj/nrfx_uart.o
 .text.nrf_gpio_cfg_default
                0x000000000000674a       0x24 build/nfc_writable_ndef_msg_pca10040_Debug/obj/nrfx_uart.o
 .text.nrf_gpio_pin_set
                0x000000000000676e       0x2a build/nfc_writable_ndef_msg_pca10040_Debug/obj/nrfx_uart.o
 .text.nrf_gpio_port_out_set
                0x0000000000006798       0x1e build/nfc_writable_ndef_msg_pca10040_Debug/obj/nrfx_uart.o
 .text.apply_config
                0x00000000000067b6       0xc8 build/nfc_writable_ndef_msg_pca10040_Debug/obj/nrfx_uart.o
 *fill*         0x000000000000687e        0x2 
 .text.interrupts_enable
                0x0000000000006880       0x6c build/nfc_writable_ndef_msg_pca10040_Debug/obj/nrfx_uart.o
 .text.interrupts_disable
                0x00000000000068ec       0x34 build/nfc_writable_ndef_msg_pca10040_Debug/obj/nrfx_uart.o
 .text.pins_to_default
                0x0000000000006920       0x8c build/nfc_writable_ndef_msg_pca10040_Debug/obj/nrfx_uart.o
 .text.nrfx_uart_init
                0x00000000000069ac       0xd4 build/nfc_writable_ndef_msg_pca10040_Debug/obj/nrfx_uart.o
                0x00000000000069ac                nrfx_uart_init
 .text.nrfx_uart_uninit
                0x0000000000006a80       0x5c build/nfc_writable_ndef_msg_pca10040_Debug/obj/nrfx_uart.o
                0x0000000000006a80                nrfx_uart_uninit
 .text.tx_byte  0x0000000000006adc       0x3e build/nfc_writable_ndef_msg_pca10040_Debug/obj/nrfx_uart.o
 .text.tx_blocking
                0x0000000000006b1a       0x54 build/nfc_writable_ndef_msg_pca10040_Debug/obj/nrfx_uart.o
 *fill*         0x0000000000006b6e        0x2 
 .text.nrfx_uart_tx
                0x0000000000006b70      0x110 build/nfc_writable_ndef_msg_pca10040_Debug/obj/nrfx_uart.o
                0x0000000000006b70                nrfx_uart_tx
 .text.nrfx_uart_tx_in_progress
                0x0000000000006c80       0x38 build/nfc_writable_ndef_msg_pca10040_Debug/obj/nrfx_uart.o
                0x0000000000006c80                nrfx_uart_tx_in_progress
 .text.rx_byte  0x0000000000006cb8       0x52 build/nfc_writable_ndef_msg_pca10040_Debug/obj/nrfx_uart.o
 .text.rx_done_event
                0x0000000000006d0a       0x30 build/nfc_writable_ndef_msg_pca10040_Debug/obj/nrfx_uart.o
 .text.tx_done_event
                0x0000000000006d3a       0x36 build/nfc_writable_ndef_msg_pca10040_Debug/obj/nrfx_uart.o
 .text.uart_irq_handler
                0x0000000000006d70      0x1e0 build/nfc_writable_ndef_msg_pca10040_Debug/obj/nrfx_uart.o
 .text.nrfx_uart_0_irq_handler
                0x0000000000006f50       0x18 build/nfc_writable_ndef_msg_pca10040_Debug/obj/nrfx_uart.o
                0x0000000000006f50                nrfx_uart_0_irq_handler
 .text.NVIC_EnableIRQ
                0x0000000000006f68       0x34 build/nfc_writable_ndef_msg_pca10040_Debug/obj/nrfx_uarte.o
 .text.NVIC_DisableIRQ
                0x0000000000006f9c       0x34 build/nfc_writable_ndef_msg_pca10040_Debug/obj/nrfx_uarte.o
 .text.NVIC_SetPriority
                0x0000000000006fd0       0x54 build/nfc_writable_ndef_msg_pca10040_Debug/obj/nrfx_uarte.o
 .text.nrfx_is_in_ram
                0x0000000000007024       0x26 build/nfc_writable_ndef_msg_pca10040_Debug/obj/nrfx_uarte.o
 .text.nrfx_get_irq_number
                0x000000000000704a       0x1a build/nfc_writable_ndef_msg_pca10040_Debug/obj/nrfx_uarte.o
 .text._NRFX_IRQ_PRIORITY_SET
                0x0000000000007064       0x38 build/nfc_writable_ndef_msg_pca10040_Debug/obj/nrfx_uarte.o
 .text._NRFX_IRQ_ENABLE
                0x000000000000709c       0x1c build/nfc_writable_ndef_msg_pca10040_Debug/obj/nrfx_uarte.o
 .text._NRFX_IRQ_DISABLE
                0x00000000000070b8       0x1c build/nfc_writable_ndef_msg_pca10040_Debug/obj/nrfx_uarte.o
 .text.nrf_uarte_event_clear
                0x00000000000070d4       0x2e build/nfc_writable_ndef_msg_pca10040_Debug/obj/nrfx_uarte.o
 .text.nrf_uarte_event_check
                0x0000000000007102       0x2a build/nfc_writable_ndef_msg_pca10040_Debug/obj/nrfx_uarte.o
 .text.nrf_uarte_shorts_disable
                0x000000000000712c       0x28 build/nfc_writable_ndef_msg_pca10040_Debug/obj/nrfx_uarte.o
 .text.nrf_uarte_int_enable
                0x0000000000007154       0x1e build/nfc_writable_ndef_msg_pca10040_Debug/obj/nrfx_uarte.o
 .text.nrf_uarte_int_disable
                0x0000000000007172       0x1e build/nfc_writable_ndef_msg_pca10040_Debug/obj/nrfx_uarte.o
 .text.nrf_uarte_errorsrc_get_and_clear
                0x0000000000007190       0x26 build/nfc_writable_ndef_msg_pca10040_Debug/obj/nrfx_uarte.o
 .text.nrf_uarte_enable
                0x00000000000071b6       0x1c build/nfc_writable_ndef_msg_pca10040_Debug/obj/nrfx_uarte.o
 .text.nrf_uarte_disable
                0x00000000000071d2       0x1c build/nfc_writable_ndef_msg_pca10040_Debug/obj/nrfx_uarte.o
 .text.nrf_uarte_txrx_pins_set
                0x00000000000071ee       0x28 build/nfc_writable_ndef_msg_pca10040_Debug/obj/nrfx_uarte.o
 .text.nrf_uarte_txrx_pins_disconnect
                0x0000000000007216       0x1e build/nfc_writable_ndef_msg_pca10040_Debug/obj/nrfx_uarte.o
 .text.nrf_uarte_tx_pin_get
                0x0000000000007234       0x1a build/nfc_writable_ndef_msg_pca10040_Debug/obj/nrfx_uarte.o
 .text.nrf_uarte_rx_pin_get
                0x000000000000724e       0x1a build/nfc_writable_ndef_msg_pca10040_Debug/obj/nrfx_uarte.o
 .text.nrf_uarte_rts_pin_get
                0x0000000000007268       0x1a build/nfc_writable_ndef_msg_pca10040_Debug/obj/nrfx_uarte.o
 .text.nrf_uarte_cts_pin_get
                0x0000000000007282       0x1a build/nfc_writable_ndef_msg_pca10040_Debug/obj/nrfx_uarte.o
 .text.nrf_uarte_hwfc_pins_set
                0x000000000000729c       0x28 build/nfc_writable_ndef_msg_pca10040_Debug/obj/nrfx_uarte.o
 .text.nrf_uarte_hwfc_pins_disconnect
                0x00000000000072c4       0x1e build/nfc_writable_ndef_msg_pca10040_Debug/obj/nrfx_uarte.o
 .text.nrf_uarte_task_trigger
                0x00000000000072e2       0x22 build/nfc_writable_ndef_msg_pca10040_Debug/obj/nrfx_uarte.o
 .text.nrf_uarte_configure
                0x0000000000007304       0x2c build/nfc_writable_ndef_msg_pca10040_Debug/obj/nrfx_uarte.o
 .text.nrf_uarte_baudrate_set
                0x0000000000007330       0x1e build/nfc_writable_ndef_msg_pca10040_Debug/obj/nrfx_uarte.o
 .text.nrf_uarte_tx_buffer_set
                0x000000000000734e       0x28 build/nfc_writable_ndef_msg_pca10040_Debug/obj/nrfx_uarte.o
 .text.nrf_uarte_tx_amount_get
                0x0000000000007376       0x1a build/nfc_writable_ndef_msg_pca10040_Debug/obj/nrfx_uarte.o
 .text.nrf_uarte_rx_amount_get
                0x0000000000007390       0x1a build/nfc_writable_ndef_msg_pca10040_Debug/obj/nrfx_uarte.o
 *fill*         0x00000000000073aa        0x2 
 .text.nrf_gpio_pin_port_decode
                0x00000000000073ac       0x2c build/nfc_writable_ndef_msg_pca10040_Debug/obj/nrfx_uarte.o
 .text.nrf_gpio_cfg
                0x00000000000073d8       0x54 build/nfc_writable_ndef_msg_pca10040_Debug/obj/nrfx_uarte.o
 .text.nrf_gpio_cfg_output
                0x000000000000742c       0x24 build/nfc_writable_ndef_msg_pca10040_Debug/obj/nrfx_uarte.o
 .text.nrf_gpio_cfg_input
                0x0000000000007450       0x2a build/nfc_writable_ndef_msg_pca10040_Debug/obj/nrfx_uarte.o
 .text.nrf_gpio_cfg_default
                0x000000000000747a       0x24 build/nfc_writable_ndef_msg_pca10040_Debug/obj/nrfx_uarte.o
 .text.nrf_gpio_pin_set
                0x000000000000749e       0x2a build/nfc_writable_ndef_msg_pca10040_Debug/obj/nrfx_uarte.o
 .text.nrf_gpio_port_out_set
                0x00000000000074c8       0x1e build/nfc_writable_ndef_msg_pca10040_Debug/obj/nrfx_uarte.o
 .text.apply_config
                0x00000000000074e6       0xc8 build/nfc_writable_ndef_msg_pca10040_Debug/obj/nrfx_uarte.o
 *fill*         0x00000000000075ae        0x2 
 .text.interrupts_enable
                0x00000000000075b0       0x94 build/nfc_writable_ndef_msg_pca10040_Debug/obj/nrfx_uarte.o
 .text.interrupts_disable
                0x0000000000007644       0x34 build/nfc_writable_ndef_msg_pca10040_Debug/obj/nrfx_uarte.o
 .text.pins_to_default
                0x0000000000007678       0x8c build/nfc_writable_ndef_msg_pca10040_Debug/obj/nrfx_uarte.o
 .text.nrfx_uarte_init
                0x0000000000007704       0xd0 build/nfc_writable_ndef_msg_pca10040_Debug/obj/nrfx_uarte.o
                0x0000000000007704                nrfx_uarte_init
 .text.nrfx_uarte_uninit
                0x00000000000077d4       0xac build/nfc_writable_ndef_msg_pca10040_Debug/obj/nrfx_uarte.o
                0x00000000000077d4                nrfx_uarte_uninit
 .text.nrfx_uarte_tx
                0x0000000000007880      0x174 build/nfc_writable_ndef_msg_pca10040_Debug/obj/nrfx_uarte.o
                0x0000000000007880                nrfx_uarte_tx
 .text.nrfx_uarte_tx_in_progress
                0x00000000000079f4       0x38 build/nfc_writable_ndef_msg_pca10040_Debug/obj/nrfx_uarte.o
                0x00000000000079f4                nrfx_uarte_tx_in_progress
 .text.rx_done_event
                0x0000000000007a2c       0x30 build/nfc_writable_ndef_msg_pca10040_Debug/obj/nrfx_uarte.o
 .text.tx_done_event
                0x0000000000007a5c       0x36 build/nfc_writable_ndef_msg_pca10040_Debug/obj/nrfx_uarte.o
 .text.uarte_irq_handler
                0x0000000000007a92      0x18e build/nfc_writable_ndef_msg_pca10040_Debug/obj/nrfx_uarte.o
 .text.nrfx_uarte_0_irq_handler
                0x0000000000007c20       0x18 build/nfc_writable_ndef_msg_pca10040_Debug/obj/nrfx_uarte.o
                0x0000000000007c20                nrfx_uarte_0_irq_handler
 .text.nfc_callback
                0x0000000000007c38       0x40 build/nfc_writable_ndef_msg_pca10040_Debug/obj/main.o
 .text.log_init
                0x0000000000007c78       0x34 build/nfc_writable_ndef_msg_pca10040_Debug/obj/main.o
 .text.main     0x0000000000007cac       0xc8 build/nfc_writable_ndef_msg_pca10040_Debug/obj/main.o
                0x0000000000007cac                main
 .text.NVIC_SystemReset
                0x0000000000007d74       0x28 build/nfc_writable_ndef_msg_pca10040_Debug/obj/system_nrf52.o
 .text.SystemCoreClockUpdate
                0x0000000000007d9c       0x1c build/nfc_writable_ndef_msg_pca10040_Debug/obj/system_nrf52.o
                0x0000000000007d9c                SystemCoreClockUpdate
 .text.SystemInit
                0x0000000000007db8      0x2d8 build/nfc_writable_ndef_msg_pca10040_Debug/obj/system_nrf52.o
                0x0000000000007db8                SystemInit
 .text.errata_12
                0x0000000000008090       0x64 build/nfc_writable_ndef_msg_pca10040_Debug/obj/system_nrf52.o
 .text.errata_16
                0x00000000000080f4       0x44 build/nfc_writable_ndef_msg_pca10040_Debug/obj/system_nrf52.o
 .text.errata_31
                0x0000000000008138       0x64 build/nfc_writable_ndef_msg_pca10040_Debug/obj/system_nrf52.o
 .text.errata_32
                0x000000000000819c       0x44 build/nfc_writable_ndef_msg_pca10040_Debug/obj/system_nrf52.o
 .text.errata_36
                0x00000000000081e0       0x64 build/nfc_writable_ndef_msg_pca10040_Debug/obj/system_nrf52.o
 .text.errata_37
                0x0000000000008244       0x44 build/nfc_writable_ndef_msg_pca10040_Debug/obj/system_nrf52.o
 .text.errata_57
                0x0000000000008288       0x44 build/nfc_writable_ndef_msg_pca10040_Debug/obj/system_nrf52.o
 .text.errata_66
                0x00000000000082cc       0x44 build/nfc_writable_ndef_msg_pca10040_Debug/obj/system_nrf52.o
 .text.errata_108
                0x0000000000008310       0x64 build/nfc_writable_ndef_msg_pca10040_Debug/obj/system_nrf52.o
 .text.errata_136
                0x0000000000008374       0x64 build/nfc_writable_ndef_msg_pca10040_Debug/obj/system_nrf52.o
 .text.errata_182
                0x00000000000083d8       0x2c build/nfc_writable_ndef_msg_pca10040_Debug/obj/system_nrf52.o
 .text.clock_event_handler
                0x0000000000008404       0x22 build/nfc_writable_ndef_msg_pca10040_Debug/obj/nfc_platform.o
 *fill*         0x0000000000008426        0x2 
 .text.nfc_platform_setup
                0x0000000000008428       0x40 build/nfc_writable_ndef_msg_pca10040_Debug/obj/nfc_platform.o
                0x0000000000008428                nfc_platform_setup
 .text.nfc_platform_event_handler
                0x0000000000008468       0x30 build/nfc_writable_ndef_msg_pca10040_Debug/obj/nfc_platform.o
                0x0000000000008468                nfc_platform_event_handler
 .text.nfc_t4t_ndef_rwpayload_set
                0x0000000000008498       0x58 ../../../../../../components/nfc/t4t_lib/nfc_t4t_lib_gcc.a(nfc_t4t_lib.c.o)
                0x0000000000008498                nfc_t4t_ndef_rwpayload_set
 .text.nfcHandle7816Select
                0x00000000000084f0       0x8c ../../../../../../components/nfc/t4t_lib/nfc_t4t_lib_gcc.a(nfc_t4t_lib.c.o)
                0x00000000000084f0                nfcHandle7816Select
 .text.nfcHandle7816Update
                0x000000000000857c       0xac ../../../../../../components/nfc/t4t_lib/nfc_t4t_lib_gcc.a(nfc_t4t_lib.c.o)
                0x000000000000857c                nfcHandle7816Update
 .text.nfcHandle7816ChainUpdate
                0x0000000000008628       0x88 ../../../../../../components/nfc/t4t_lib/nfc_t4t_lib_gcc.a(nfc_t4t_lib.c.o)
                0x0000000000008628                nfcHandle7816ChainUpdate
 .text.nfcHandleEvDataIndication
                0x00000000000086b0       0xf4 ../../../../../../components/nfc/t4t_lib/nfc_t4t_lib_gcc.a(nfc_t4t_lib.c.o)
                0x00000000000086b0                nfcHandleEvDataIndication
 .text.isodepCallback
                0x00000000000087a4       0xc4 ../../../../../../components/nfc/t4t_lib/nfc_t4t_lib_gcc.a(nfc_t4t_lib.c.o)
                0x00000000000087a4                isodepCallback
 .text.nfc_t4t_setup
                0x0000000000008868       0x74 ../../../../../../components/nfc/t4t_lib/nfc_t4t_lib_gcc.a(nfc_t4t_lib.c.o)
                0x0000000000008868                nfc_t4t_setup
 .text.nfc_t4t_emulation_start
                0x00000000000088dc       0x24 ../../../../../../components/nfc/t4t_lib/nfc_t4t_lib_gcc.a(nfc_t4t_lib.c.o)
                0x00000000000088dc                nfc_t4t_emulation_start
 .text.nrfx_nfct_evt_handler
                0x0000000000008900      0x184 ../../../../../../components/nfc/t4t_lib/nfc_t4t_lib_gcc.a(nfc_t4t_lib_al.c.o)
 .text.nfc_t4t_lib_al_setup
                0x0000000000008a84       0x7c ../../../../../../components/nfc/t4t_lib/nfc_t4t_lib_gcc.a(nfc_t4t_lib_al.c.o)
                0x0000000000008a84                nfc_t4t_lib_al_setup
 .text.nfc_t4t_lib_al_parameter_set
                0x0000000000008b00       0xcc ../../../../../../components/nfc/t4t_lib/nfc_t4t_lib_gcc.a(nfc_t4t_lib_al.c.o)
                0x0000000000008b00                nfc_t4t_lib_al_parameter_set
 .text.nfc_t4t_lib_al_start
                0x0000000000008bcc        0x4 ../../../../../../components/nfc/t4t_lib/nfc_t4t_lib_gcc.a(nfc_t4t_lib_al.c.o)
                0x0000000000008bcc                nfc_t4t_lib_al_start
 .text.nfc_t4t_lib_al_send
                0x0000000000008bd0       0x1c ../../../../../../components/nfc/t4t_lib/nfc_t4t_lib_gcc.a(nfc_t4t_lib_al.c.o)
                0x0000000000008bd0                nfc_t4t_lib_al_send
 .text.isodepTransmit
                0x0000000000008bec      0x12c ../../../../../../components/nfc/t4t_lib/nfc_t4t_lib_gcc.a(isodepmsg.c.o)
                0x0000000000008bec                isodepTransmit
 .text.isodepSetup
                0x0000000000008d18       0x70 ../../../../../../components/nfc/t4t_lib/nfc_t4t_lib_gcc.a(isodepmsg.c.o)
                0x0000000000008d18                isodepSetup
 .text.isodepSendChunk
                0x0000000000008d88      0x108 ../../../../../../components/nfc/t4t_lib/nfc_t4t_lib_gcc.a(isodepmsg.c.o)
                0x0000000000008d88                isodepSendChunk
 .text.isodepSendATS
                0x0000000000008e90       0x80 ../../../../../../components/nfc/t4t_lib/nfc_t4t_lib_gcc.a(isodepmsg.c.o)
                0x0000000000008e90                isodepSendATS
 .text.isodepSetWtx
                0x0000000000008f10       0x4c ../../../../../../components/nfc/t4t_lib/nfc_t4t_lib_gcc.a(isodepmsg.c.o)
                0x0000000000008f10                isodepSetWtx
 .text.isodepSendAck
                0x0000000000008f5c       0x34 ../../../../../../components/nfc/t4t_lib/nfc_t4t_lib_gcc.a(isodepmsg.c.o)
                0x0000000000008f5c                isodepSendAck
 .text.isodepHandleDeselect
                0x0000000000008f90       0x74 ../../../../../../components/nfc/t4t_lib/nfc_t4t_lib_gcc.a(isodepmsg.c.o)
                0x0000000000008f90                isodepHandleDeselect
 .text.alNfcCallback
                0x0000000000009004      0x37c ../../../../../../components/nfc/t4t_lib/nfc_t4t_lib_gcc.a(isodepmsg.c.o)
                0x0000000000009004                alNfcCallback
 .text.libc.__RAL_ascii_isctype
                0x0000000000009380       0x1c D:/Programas/SEGGER/SEGGER Embedded Studio for ARM 4.30b/lib/libc_v7em_fpv4_sp_d16_hard_t_le_eabi.a(libc2.o)
 .text.libc.__RAL_ascii_toupper
                0x000000000000939c        0xc D:/Programas/SEGGER/SEGGER Embedded Studio for ARM 4.30b/lib/libc_v7em_fpv4_sp_d16_hard_t_le_eabi.a(libc2.o)
 .text.libc.__RAL_ascii_tolower
                0x00000000000093a8        0xc D:/Programas/SEGGER/SEGGER Embedded Studio for ARM 4.30b/lib/libc_v7em_fpv4_sp_d16_hard_t_le_eabi.a(libc2.o)
 .text.libc.__RAL_ascii_iswctype
                0x00000000000093b4       0x1c D:/Programas/SEGGER/SEGGER Embedded Studio for ARM 4.30b/lib/libc_v7em_fpv4_sp_d16_hard_t_le_eabi.a(libc2.o)
 .text.libc.__RAL_ascii_towupper
                0x00000000000093d0        0xc D:/Programas/SEGGER/SEGGER Embedded Studio for ARM 4.30b/lib/libc_v7em_fpv4_sp_d16_hard_t_le_eabi.a(libc2.o)
 .text.libc.__RAL_ascii_towlower
                0x00000000000093dc        0xc D:/Programas/SEGGER/SEGGER Embedded Studio for ARM 4.30b/lib/libc_v7em_fpv4_sp_d16_hard_t_le_eabi.a(libc2.o)
 .text.libc.__RAL_ascii_wctomb
                0x00000000000093e8        0xe D:/Programas/SEGGER/SEGGER Embedded Studio for ARM 4.30b/lib/libc_v7em_fpv4_sp_d16_hard_t_le_eabi.a(libc2.o)
                0x00000000000093e8                __RAL_ascii_wctomb
 .text.libc.__RAL_ascii_mbtowc
                0x00000000000093f6       0x24 D:/Programas/SEGGER/SEGGER Embedded Studio for ARM 4.30b/lib/libc_v7em_fpv4_sp_d16_hard_t_le_eabi.a(libc2.o)
                0x00000000000093f6                __RAL_ascii_mbtowc
 *fill*         0x000000000000941a        0x2 
 .text.libc.__RAL_isctype
                0x000000000000941c       0x14 D:/Programas/SEGGER/SEGGER Embedded Studio for ARM 4.30b/lib/libc_v7em_fpv4_sp_d16_hard_t_le_eabi.a(libc2.o)
                0x000000000000941c                __RAL_isctype
 .text.libc.isprint
                0x0000000000009430        0xa D:/Programas/SEGGER/SEGGER Embedded Studio for ARM 4.30b/lib/libc_v7em_fpv4_sp_d16_hard_t_le_eabi.a(libc2.o)
                0x0000000000009430                isprint
 .text.libc.memcmp
                0x000000000000943a       0x76 D:/Programas/SEGGER/SEGGER Embedded Studio for ARM 4.30b/lib/libc_v7em_fpv4_sp_d16_hard_t_le_eabi.a(libc2.o)
                0x000000000000943a                memcmp
 .text.libc.memcpy
                0x00000000000094b0       0x52 D:/Programas/SEGGER/SEGGER Embedded Studio for ARM 4.30b/lib/libc_v7em_fpv4_sp_d16_hard_t_le_eabi.a(libc2_asm.o)
                0x00000000000094b0                __aeabi_memcpy
                0x00000000000094b0                memcpy
                0x00000000000094bc                __aeabi_memcpy8
                0x00000000000094bc                __aeabi_memcpy4
 .text.libc.memset
                0x0000000000009502       0x66 D:/Programas/SEGGER/SEGGER Embedded Studio for ARM 4.30b/lib/libc_v7em_fpv4_sp_d16_hard_t_le_eabi.a(libc2_asm.o)
                0x0000000000009502                memset
 .text.libc.strlen
                0x0000000000009568       0x60 D:/Programas/SEGGER/SEGGER Embedded Studio for ARM 4.30b/lib/libc_v7em_fpv4_sp_d16_hard_t_le_eabi.a(libc2_asm.o)
                0x0000000000009568                strlen
                0x00000000000095c8                __text_end__ = (__text_start__ + SIZEOF (.text))
                0x00000000000091f8                __text_size__ = SIZEOF (.text)
                0x00000000000095c8                __text_load_end__ = __text_end__

.vfp11_veneer   0x0000000100000000        0x0
 .vfp11_veneer  0x0000000100000000        0x0 linker stubs

.v4_bx          0x0000000100000000        0x0
 .v4_bx         0x0000000100000000        0x0 linker stubs

.iplt           0x0000000100000000        0x0
 .iplt          0x0000000100000000        0x0 build/nfc_writable_ndef_msg_pca10040_Debug/obj/thumb_crt0.o
                0x0000000000000001                . = ASSERT (((__text_start__ == __text_end__) || ((__text_end__ - __FLASH_segment_start__) <= __FLASH_segment_size__)), error: .text is too large to fit in FLASH memory segment)
                0x00000000000095c8                __log_const_data_load_start__ = ALIGN (__text_end__, 0x4)

.log_const_data
                0x00000000000095c8       0x58
                0x00000000000095c8                __log_const_data_start__ = .
                0x00000000000095c8                __start_log_const_data = __log_const_data_start__
 *(SORT_BY_NAME(.log_const_data*))
 .log_const_data_CLOCK
                0x00000000000095c8        0x8 build/nfc_writable_ndef_msg_pca10040_Debug/obj/nrfx_clock.o
                0x00000000000095c8                m_nrf_log_CLOCK_logs_data_const
 .log_const_data_NFCT
                0x00000000000095d0        0x8 build/nfc_writable_ndef_msg_pca10040_Debug/obj/nrfx_nfct.o
                0x00000000000095d0                m_nrf_log_NFCT_logs_data_const
 .log_const_data_PRS
                0x00000000000095d8        0x8 build/nfc_writable_ndef_msg_pca10040_Debug/obj/nrfx_prs.o
                0x00000000000095d8                m_nrf_log_PRS_logs_data_const
 .log_const_data_TIMER
                0x00000000000095e0        0x8 build/nfc_writable_ndef_msg_pca10040_Debug/obj/nrfx_timer.o
                0x00000000000095e0                m_nrf_log_TIMER_logs_data_const
 .log_const_data_UART
                0x00000000000095e8        0x8 build/nfc_writable_ndef_msg_pca10040_Debug/obj/nrfx_uart.o
                0x00000000000095e8                m_nrf_log_UART_logs_data_const
 .log_const_data_UARTE
                0x00000000000095f0        0x8 build/nfc_writable_ndef_msg_pca10040_Debug/obj/nrfx_uarte.o
                0x00000000000095f0                m_nrf_log_UARTE_logs_data_const
 .log_const_data_app
                0x00000000000095f8        0x8 build/nfc_writable_ndef_msg_pca10040_Debug/obj/nrf_log_frontend.o
                0x00000000000095f8                m_nrf_log_app_logs_data_const
 .log_const_data_clock
                0x0000000000009600        0x8 build/nfc_writable_ndef_msg_pca10040_Debug/obj/nrf_drv_clock.o
                0x0000000000009600                m_nrf_log_clock_logs_data_const
 .log_const_data_hardfault
                0x0000000000009608        0x8 build/nfc_writable_ndef_msg_pca10040_Debug/obj/hardfault_implementation.o
                0x0000000000009608                m_nrf_log_hardfault_logs_data_const
 .log_const_data_ndef_file_m
                0x0000000000009610        0x8 build/nfc_writable_ndef_msg_pca10040_Debug/obj/ndef_file_m.o
                0x0000000000009610                m_nrf_log_ndef_file_m_logs_data_const
 .log_const_data_nrf_fstorage
                0x0000000000009618        0x8 build/nfc_writable_ndef_msg_pca10040_Debug/obj/nrf_fstorage.o
                0x0000000000009618                m_nrf_log_nrf_fstorage_logs_data_const
                0x0000000000009620                __log_const_data_end__ = (__log_const_data_start__ + SIZEOF (.log_const_data))
                0x0000000000000058                __log_const_data_size__ = SIZEOF (.log_const_data)
                0x0000000000009620                __stop_log_const_data = __log_const_data_end__
                0x0000000000009620                __log_const_data_load_end__ = __log_const_data_end__
                0x0000000000000001                . = ASSERT (((__log_const_data_start__ == __log_const_data_end__) || ((__log_const_data_end__ - __FLASH_segment_start__) <= __FLASH_segment_size__)), error: .log_const_data is too large to fit in FLASH memory segment)
                0x0000000000009620                __log_backends_load_start__ = ALIGN (__log_const_data_end__, 0x4)

.log_backends   0x0000000000009620       0x10
                0x0000000000009620                __log_backends_start__ = .
                0x0000000000009620                __start_log_backends = __log_backends_start__
 *(SORT_BY_NAME(.log_backends*))
 .log_backends  0x0000000000009620       0x10 build/nfc_writable_ndef_msg_pca10040_Debug/obj/nrf_log_default_backends.o
                0x0000000000009630                __log_backends_end__ = (__log_backends_start__ + SIZEOF (.log_backends))
                0x0000000000000010                __log_backends_size__ = SIZEOF (.log_backends)
                0x0000000000009630                __stop_log_backends = __log_backends_end__
                0x0000000000009630                __log_backends_load_end__ = __log_backends_end__
                0x0000000000000001                . = ASSERT (((__log_backends_start__ == __log_backends_end__) || ((__log_backends_end__ - __FLASH_segment_start__) <= __FLASH_segment_size__)), error: .log_backends is too large to fit in FLASH memory segment)
                0x0000000000009630                __nrf_balloc_load_start__ = ALIGN (__log_backends_end__, 0x4)

.nrf_balloc     0x0000000000009630       0x14
                0x0000000000009630                __nrf_balloc_start__ = .
                0x0000000000009630                __start_nrf_balloc = __nrf_balloc_start__
 *(.nrf_balloc*)
 .nrf_balloc    0x0000000000009630       0x14 build/nfc_writable_ndef_msg_pca10040_Debug/obj/nrf_log_frontend.o
                0x0000000000009630                log_mempool
                0x0000000000009644                __nrf_balloc_end__ = (__nrf_balloc_start__ + SIZEOF (.nrf_balloc))
                0x0000000000000014                __nrf_balloc_size__ = SIZEOF (.nrf_balloc)
                0x0000000000009644                __stop_nrf_balloc = __nrf_balloc_end__
                0x0000000000009644                __nrf_balloc_load_end__ = __nrf_balloc_end__
                0x0000000000000001                . = ASSERT (((__nrf_balloc_start__ == __nrf_balloc_end__) || ((__nrf_balloc_end__ - __FLASH_segment_start__) <= __FLASH_segment_size__)), error: .nrf_balloc is too large to fit in FLASH memory segment)
                0x0000000000009644                __nrf_sections_load_start__ = ALIGN (__nrf_balloc_end__, 0x4)

.nrf_sections   0x0000000000009644        0x0
                0x0000000000009644                __nrf_sections_start__ = .
                0x0000000000009644                __start_nrf_sections = __nrf_sections_start__
 *(.nrf_sections .nrf_sections.*)
                0x0000000000009644                __nrf_sections_end__ = (__nrf_sections_start__ + SIZEOF (.nrf_sections))
                0x0000000000000000                __nrf_sections_size__ = SIZEOF (.nrf_sections)
                0x0000000000009644                __nrf_sections_load_end__ = __nrf_sections_end__
                0x0000000000000001                . = ASSERT (((__nrf_sections_start__ == __nrf_sections_end__) || ((__nrf_sections_end__ - __FLASH_segment_start__) <= __FLASH_segment_size__)), error: .nrf_sections is too large to fit in FLASH memory segment)
                0x0000000000009644                __fs_data_load_start__ = ALIGN (__nrf_sections_end__, 0x4)

.fs_data        0x0000000020000000       0x14 load address 0x0000000000009644
                0x0000000020000000                __fs_data_start__ = .
 *(.fs_data*)
 .fs_data       0x0000000020000000       0x14 build/nfc_writable_ndef_msg_pca10040_Debug/obj/fds.o
                0x0000000020000000                m_fs
                0x0000000020000014                __fs_data_end__ = (__fs_data_start__ + SIZEOF (.fs_data))
                0x0000000000000014                __fs_data_size__ = SIZEOF (.fs_data)
                0x0000000000009658                __fs_data_load_end__ = (__fs_data_load_start__ + SIZEOF (.fs_data))
                0x0000000000000001                . = ASSERT (((__fs_data_load_start__ == __fs_data_load_end__) || ((__fs_data_load_end__ - __FLASH_segment_start__) <= __FLASH_segment_size__)), error: .fs_data is too large to fit in FLASH memory segment)

.fs_data_run    0x0000000020000000       0x14 load address 0x0000000000009644
                0x0000000020000000                __fs_data_run_start__ = .
                0x0000000020000000                __start_fs_data = __fs_data_run_start__
                0x0000000020000014                . = MAX ((__fs_data_run_start__ + SIZEOF (.fs_data)), .)
 *fill*         0x0000000020000000       0x14 
                0x0000000020000014                __fs_data_run_end__ = (__fs_data_run_start__ + SIZEOF (.fs_data_run))
                0x0000000000000014                __fs_data_run_size__ = SIZEOF (.fs_data_run)
                0x0000000020000014                __stop_fs_data = __fs_data_run_end__
                0x0000000020000014                __fs_data_run_load_end__ = __fs_data_run_end__
                0x0000000000000001                . = ASSERT (((__fs_data_run_start__ == __fs_data_run_end__) || ((__fs_data_run_end__ - __RAM_segment_start__) <= __RAM_segment_size__)), error: .fs_data_run is too large to fit in RAM memory segment)
                0x0000000000009658                __log_dynamic_data_load_start__ = ALIGN ((__fs_data_load_start__ + SIZEOF (.fs_data)), 0x4)

.log_dynamic_data
                0x0000000020000014        0x0 load address 0x0000000000009658
                0x0000000020000014                __log_dynamic_data_start__ = .
 *(SORT_BY_NAME(.log_dynamic_data*))
                0x0000000020000014                __log_dynamic_data_end__ = (__log_dynamic_data_start__ + SIZEOF (.log_dynamic_data))
                0x0000000000000000                __log_dynamic_data_size__ = SIZEOF (.log_dynamic_data)
                0x0000000000009658                __log_dynamic_data_load_end__ = (__log_dynamic_data_load_start__ + SIZEOF (.log_dynamic_data))
                0x0000000000000001                . = ASSERT (((__log_dynamic_data_load_start__ == __log_dynamic_data_load_end__) || ((__log_dynamic_data_load_end__ - __FLASH_segment_start__) <= __FLASH_segment_size__)), error: .log_dynamic_data is too large to fit in FLASH memory segment)

.log_dynamic_data_run
                0x0000000020000014        0x0
                0x0000000020000014                __log_dynamic_data_run_start__ = .
                0x0000000020000014                __start_log_dynamic_data = __log_dynamic_data_run_start__
                0x0000000020000014                . = MAX ((__log_dynamic_data_run_start__ + SIZEOF (.log_dynamic_data)), .)
                0x0000000020000014                __log_dynamic_data_run_end__ = (__log_dynamic_data_run_start__ + SIZEOF (.log_dynamic_data_run))
                0x0000000000000000                __log_dynamic_data_run_size__ = SIZEOF (.log_dynamic_data_run)
                0x0000000020000014                __stop_log_dynamic_data = __log_dynamic_data_run_end__
                0x0000000020000014                __log_dynamic_data_run_load_end__ = __log_dynamic_data_run_end__
                0x0000000000000001                . = ASSERT (((__log_dynamic_data_run_start__ == __log_dynamic_data_run_end__) || ((__log_dynamic_data_run_end__ - __RAM_segment_start__) <= __RAM_segment_size__)), error: .log_dynamic_data_run is too large to fit in RAM memory segment)
                0x0000000000009658                __log_filter_data_load_start__ = ALIGN ((__log_dynamic_data_load_start__ + SIZEOF (.log_dynamic_data)), 0x4)

.log_filter_data
                0x0000000020000014        0x0 load address 0x0000000000009658
                0x0000000020000014                __log_filter_data_start__ = .
 *(SORT_BY_NAME(.log_filter_data*))
                0x0000000020000014                __log_filter_data_end__ = (__log_filter_data_start__ + SIZEOF (.log_filter_data))
                0x0000000000000000                __log_filter_data_size__ = SIZEOF (.log_filter_data)
                0x0000000000009658                __log_filter_data_load_end__ = (__log_filter_data_load_start__ + SIZEOF (.log_filter_data))
                0x0000000000000001                . = ASSERT (((__log_filter_data_load_start__ == __log_filter_data_load_end__) || ((__log_filter_data_load_end__ - __FLASH_segment_start__) <= __FLASH_segment_size__)), error: .log_filter_data is too large to fit in FLASH memory segment)

.log_filter_data_run
                0x0000000020000014        0x0
                0x0000000020000014                __log_filter_data_run_start__ = .
                0x0000000020000014                __start_log_filter_data = __log_filter_data_run_start__
                0x0000000020000014                . = MAX ((__log_filter_data_run_start__ + SIZEOF (.log_filter_data)), .)
                0x0000000020000014                __log_filter_data_run_end__ = (__log_filter_data_run_start__ + SIZEOF (.log_filter_data_run))
                0x0000000000000000                __log_filter_data_run_size__ = SIZEOF (.log_filter_data_run)
                0x0000000020000014                __stop_log_filter_data = __log_filter_data_run_end__
                0x0000000020000014                __log_filter_data_run_load_end__ = __log_filter_data_run_end__
                0x0000000000000001                . = ASSERT (((__log_filter_data_run_start__ == __log_filter_data_run_end__) || ((__log_filter_data_run_end__ - __RAM_segment_start__) <= __RAM_segment_size__)), error: .log_filter_data_run is too large to fit in RAM memory segment)
                0x0000000020000014                __nrf_sections_run_end_load_start__ = ALIGN (__log_filter_data_run_end__, 0x4)

.nrf_sections_run_end
                0x0000000020000014        0x0
                0x0000000020000014                __nrf_sections_run_end_start__ = .
                0x0000000020000014                __end_nrf_sections_run = __nrf_sections_run_end_start__
 *(.nrf_sections_run_end .nrf_sections_run_end.*)
                0x0000000020000014                __nrf_sections_run_end_end__ = (__nrf_sections_run_end_start__ + SIZEOF (.nrf_sections_run_end))
                0x0000000000000000                __nrf_sections_run_end_size__ = SIZEOF (.nrf_sections_run_end)
                0x0000000020000014                __nrf_sections_run_end_load_end__ = __nrf_sections_run_end_end__
                0x0000000000000001                . = ASSERT (((__nrf_sections_run_end_start__ == __nrf_sections_run_end_end__) || ((__nrf_sections_run_end_end__ - __RAM_segment_start__) <= __RAM_segment_size__)), error: .nrf_sections_run_end is too large to fit in RAM memory segment)
                0x0000000000009658                __dtors_load_start__ = ALIGN ((__log_filter_data_load_start__ + SIZEOF (.log_filter_data)), 0x4)

.dtors          0x0000000000009658        0x0
                0x0000000000009658                __dtors_start__ = .
 *(SORT_BY_NAME(.dtors.*))
 *(.dtors)
 *(.fini_array)
 *(SORT_BY_NAME(.fini_array.*))
                0x0000000000009658                __dtors_end__ = (__dtors_start__ + SIZEOF (.dtors))
                0x0000000000000000                __dtors_size__ = SIZEOF (.dtors)
                0x0000000000009658                __dtors_load_end__ = __dtors_end__
                0x0000000000000001                . = ASSERT (((__dtors_start__ == __dtors_end__) || ((__dtors_end__ - __FLASH_segment_start__) <= __FLASH_segment_size__)), error: .dtors is too large to fit in FLASH memory segment)
                0x0000000000009658                __ctors_load_start__ = ALIGN (__dtors_end__, 0x4)

.ctors          0x0000000000009658        0x0
                0x0000000000009658                __ctors_start__ = .
 *(SORT_BY_NAME(.ctors.*))
 *(.ctors)
 *(.init_array)
 *(SORT_BY_NAME(.init_array.*))
                0x0000000000009658                __ctors_end__ = (__ctors_start__ + SIZEOF (.ctors))
                0x0000000000000000                __ctors_size__ = SIZEOF (.ctors)
                0x0000000000009658                __ctors_load_end__ = __ctors_end__
                0x0000000000000001                . = ASSERT (((__ctors_start__ == __ctors_end__) || ((__ctors_end__ - __FLASH_segment_start__) <= __FLASH_segment_size__)), error: .ctors is too large to fit in FLASH memory segment)
                0x0000000000009658                __rodata_load_start__ = ALIGN (__ctors_end__, 0x4)

.rodata         0x0000000000009658     0x1960
                0x0000000000009658                __rodata_start__ = .
 *(.rodata .rodata.* .gnu.linkonce.r.*)
 .rodata        0x0000000000009658       0x70 build/nfc_writable_ndef_msg_pca10040_Debug/obj/nrf_log_backend_uart.o
 .rodata.nrf_log_backend_uart_api
                0x00000000000096c8        0xc build/nfc_writable_ndef_msg_pca10040_Debug/obj/nrf_log_backend_uart.o
                0x00000000000096c8                nrf_log_backend_uart_api
 .rodata        0x00000000000096d4       0x68 build/nfc_writable_ndef_msg_pca10040_Debug/obj/nrf_log_default_backends.o
 .rodata.m_log_push_ringbuf
                0x000000000000973c        0xc build/nfc_writable_ndef_msg_pca10040_Debug/obj/nrf_log_frontend.o
 .rodata        0x0000000000009748       0x61 build/nfc_writable_ndef_msg_pca10040_Debug/obj/nrf_log_frontend.o
 *fill*         0x00000000000097a9        0x3 
 .rodata        0x00000000000097ac       0xaa build/nfc_writable_ndef_msg_pca10040_Debug/obj/nrf_log_str_formatter.o
 *fill*         0x0000000000009856        0x2 
 .rodata        0x0000000000009858       0x70 build/nfc_writable_ndef_msg_pca10040_Debug/obj/app_error_weak.o
 .rodata        0x00000000000098c8       0x4a build/nfc_writable_ndef_msg_pca10040_Debug/obj/app_util_platform.o
 *fill*         0x0000000000009912        0x2 