Archive member included to satisfy reference by file (symbol)

../../../../../../components/nfc/t4t_lib/nfc_t4t_lib_gcc.a(nfc_t4t_lib.c.o)
                              Output/nfc_writable_ndef_msg_pca10040 Debug/Obj/main.o (nfc_t4t_ndef_rwpayload_set)
../../../../../../components/nfc/t4t_lib/nfc_t4t_lib_gcc.a(nfc_t4t_lib_al.c.o)
                              ../../../../../../components/nfc/t4t_lib/nfc_t4t_lib_gcc.a(nfc_t4t_lib.c.o) (nfc_t4t_lib_al_parameter_set)
../../../../../../components/nfc/t4t_lib/nfc_t4t_lib_gcc.a(isodepmsg.c.o)
                              ../../../../../../components/nfc/t4t_lib/nfc_t4t_lib_gcc.a(nfc_t4t_lib.c.o) (isodepTransmit)
D:/Programas/SEGGER/SEGGER Embedded Studio for ARM 4.30b/lib/libc_v7em_fpv4_sp_d16_hard_t_le_eabi.a(libc2.o)
                              Output/nfc_writable_ndef_msg_pca10040 Debug/Obj/nrf_log_str_formatter.o (isprint)
D:/Programas/SEGGER/SEGGER Embedded Studio for ARM 4.30b/lib/libc_v7em_fpv4_sp_d16_hard_t_le_eabi.a(libc2_asm.o)
                              Output/nfc_writable_ndef_msg_pca10040 Debug/Obj/nrf_log_frontend.o (memcpy)
D:/Programas/SEGGER/SEGGER Embedded Studio for ARM 4.30b/lib/libc_v7em_fpv4_sp_d16_hard_t_le_eabi.a(libc.o)
                              D:/Programas/SEGGER/SEGGER Embedded Studio for ARM 4.30b/lib/libc_v7em_fpv4_sp_d16_hard_t_le_eabi.a(libc2.o) (__heap_lock)
D:/Programas/SEGGER/SEGGER Embedded Studio for ARM 4.30b/lib/libc_v7em_fpv4_sp_d16_hard_t_le_eabi.a(libc_asm.o)
                              D:/Programas/SEGGER/SEGGER Embedded Studio for ARM 4.30b/lib/libc_v7em_fpv4_sp_d16_hard_t_le_eabi.a(libc2.o) (__aeabi_uldivmod)
D:/Programas/SEGGER/SEGGER Embedded Studio for ARM 4.30b/lib/libdebugio_v7em_fpv4_sp_d16_hard_t_le_eabi.a(libdebugio.o)
                              Output/nfc_writable_ndef_msg_pca10040 Debug/Obj/thumb_crt0.o (debug_fopen)
D:/Programas/SEGGER/SEGGER Embedded Studio for ARM 4.30b/lib/libdebugio_mempoll_v7em_fpv4_sp_d16_hard_t_le_eabi.a(mempoll_debug_operations.o)
                              D:/Programas/SEGGER/SEGGER Embedded Studio for ARM 4.30b/lib/libdebugio_v7em_fpv4_sp_d16_hard_t_le_eabi.a(libdebugio.o) (__do_debug_operation)
D:/Programas/SEGGER/SEGGER Embedded Studio for ARM 4.30b/lib/libdebugio_mempoll_v7em_fpv4_sp_d16_hard_t_le_eabi.a(do_nv_debug_operation.o)
                              D:/Programas/SEGGER/SEGGER Embedded Studio for ARM 4.30b/lib/libdebugio_v7em_fpv4_sp_d16_hard_t_le_eabi.a(libdebugio.o) (__do_nvdebug_operation)
D:/Programas/SEGGER/SEGGER Embedded Studio for ARM 4.30b/lib/libm_v7em_fpv4_sp_d16_hard_t_le_eabi.a(libm_asm.o)
                              D:/Programas/SEGGER/SEGGER Embedded Studio for ARM 4.30b/lib/libc_v7em_fpv4_sp_d16_hard_t_le_eabi.a(libc2.o) (__aeabi_dadd)
D:/Programas/SEGGER/SEGGER Embedded Studio for ARM 4.30b/lib/libm_v7em_fpv4_sp_d16_hard_t_le_eabi.a(libm2.o)
                              D:/Programas/SEGGER/SEGGER Embedded Studio for ARM 4.30b/lib/libvfprintf_v7em_fpv4_sp_d16_hard_t_le_eabi.o (frexp)

Allocating common symbols
Common symbol       size              file

gCCArea             0xf               ../../../../../../components/nfc/t4t_lib/nfc_t4t_lib_gcc.a(nfc_t4t_lib.c.o)
isoCB               0x148             ../../../../../../components/nfc/t4t_lib/nfc_t4t_lib_gcc.a(isodepmsg.c.o)

Discarded input sections

 .text          0x0000000000000000        0x0 Output/nfc_writable_ndef_msg_pca10040 Debug/Obj/thumb_crt0.o
 .data          0x0000000000000000        0x0 Output/nfc_writable_ndef_msg_pca10040 Debug/Obj/thumb_crt0.o
 .bss           0x0000000000000000        0x0 Output/nfc_writable_ndef_msg_pca10040 Debug/Obj/thumb_crt0.o
 .text.__aeabi_read_tp
                0x0000000000000000        0x8 Output/nfc_writable_ndef_msg_pca10040 Debug/Obj/thumb_crt0.o
 .text.abort    0x0000000000000000        0x2 Output/nfc_writable_ndef_msg_pca10040 Debug/Obj/thumb_crt0.o
 .text.__assert
                0x0000000000000000        0x2 Output/nfc_writable_ndef_msg_pca10040 Debug/Obj/thumb_crt0.o
 .text.__aeabi_assert
                0x0000000000000000        0x2 Output/nfc_writable_ndef_msg_pca10040 Debug/Obj/thumb_crt0.o
 .text.__sync_synchronize
                0x0000000000000000        0x2 Output/nfc_writable_ndef_msg_pca10040 Debug/Obj/thumb_crt0.o
 .text.__getchar
                0x0000000000000000        0x4 Output/nfc_writable_ndef_msg_pca10040 Debug/Obj/thumb_crt0.o
 .text.__putchar
                0x0000000000000000        0x4 Output/nfc_writable_ndef_msg_pca10040 Debug/Obj/thumb_crt0.o
 .text.__open   0x0000000000000000        0x4 Output/nfc_writable_ndef_msg_pca10040 Debug/Obj/thumb_crt0.o
 .text.__close  0x0000000000000000        0x4 Output/nfc_writable_ndef_msg_pca10040 Debug/Obj/thumb_crt0.o
 .text.__write  0x0000000000000000        0xa Output/nfc_writable_ndef_msg_pca10040 Debug/Obj/thumb_crt0.o
 .text.__read   0x0000000000000000        0xa Output/nfc_writable_ndef_msg_pca10040 Debug/Obj/thumb_crt0.o
[...]
Memory Configuration

Name             Origin             Length             Attributes
UNPLACED_SECTIONS 0x0000000100000000 0x0000000000000000 xw
RAM              0x0000000020000000 0x0000000000010000 xw
FLASH            0x0000000000000000 0x0000000000080000 xw
*default*        0x0000000000000000 0xffffffffffffffff

Linker script and memory map

                0x0000000000000000                __vfprintf = __vfprintf_long
                0x0000000000000000                __vfscanf = __vfscanf_long
                0x0000000020000000                __RAM_segment_start__ = 0x20000000
                0x0000000020010000                __RAM_segment_end__ = 0x20010000
                0x0000000000010000                __RAM_segment_size__ = 0x10000
                0x0000000000000000                __FLASH_segment_start__ = 0x0
                0x0000000000080000                __FLASH_segment_end__ = 0x80000
                0x0000000000080000                __FLASH_segment_size__ = 0x80000
                0x0000000000002000                __HEAPSIZE__ = 0x2000
                0x0000000000000000                __STACKSIZE_PROCESS__ = 0x0
                0x0000000000002000                __STACKSIZE__ = 0x2000
                0x0000000020000000                __vectors_ram_load_start__ = 0x20000000

.vectors_ram    0x0000000020000000        0x0
                0x0000000020000000                __vectors_ram_start__ = .
                0x0000000020000000                __app_ram_start__ = __vectors_ram_start__
 *(.vectors_ram .vectors_ram.*)
                0x0000000020000000                __vectors_ram_end__ = (__vectors_ram_start__ + SIZEOF (.vectors_ram))
                0x0000000000000000                __vectors_ram_size__ = SIZEOF (.vectors_ram)
                0x0000000020000000                __vectors_ram_load_end__ = __vectors_ram_end__
                0x0000000000000001                . = ASSERT (((__vectors_ram_start__ == __vectors_ram_end__) || ((__vectors_ram_end__ - __RAM_segment_start__) <= __RAM_segment_size__)), error: .vectors_ram is too large to fit in RAM memory segment)
                0x0000000020000000                __nrf_sections_run_load_start__ = ALIGN (__vectors_ram_end__, 0x4)

.nrf_sections_run
                0x0000000020000000        0x0
                0x0000000020000000                __nrf_sections_run_start__ = .
                0x0000000020000000                __start_nrf_sections_run = __nrf_sections_run_start__
 *(.nrf_sections_run .nrf_sections_run.*)
                0x0000000020000000                __nrf_sections_run_end__ = (__nrf_sections_run_start__ + SIZEOF (.nrf_sections_run))
                0x0000000000000000                __nrf_sections_run_size__ = SIZEOF (.nrf_sections_run)
                0x0000000020000000                __nrf_sections_run_load_end__ = __nrf_sections_run_end__
                0x0000000000000001                . = ASSERT (((__nrf_sections_run_start__ == __nrf_sections_run_end__) || ((__nrf_sections_run_end__ - __RAM_segment_start__) <= __RAM_segment_size__)), error: .nrf_sections_run is too large to fit in RAM memory segment)
                0x0000000000000000                __vectors_load_start__ = 0x0

.vectors        0x0000000000000000      0x200
                0x0000000000000000                __vectors_start__ = .
 *(.vectors .vectors.*)
 .vectors       0x0000000000000000      0x200 Output/nfc_writable_ndef_msg_pca10040 Debug/Obj/ses_startup_nrf52.o
                0x0000000000000000                _vectors
                0x0000000000000200                __vectors_end__ = (__vectors_start__ + SIZEOF (.vectors))
                0x0000000000000200                __vectors_size__ = SIZEOF (.vectors)
                0x0000000000000200                __vectors_load_end__ = __vectors_end__
                0x0000000000000001                . = ASSERT (((__vectors_start__ == __vectors_end__) || ((__vectors_end__ - __FLASH_segment_start__) <= __FLASH_segment_size__)), error: .vectors is too large to fit in FLASH memory segment)
                0x0000000000000200                __init_load_start__ = ALIGN (__vectors_end__, 0x4)

.init           0x0000000000000200      0x1d0
                0x0000000000000200                __init_start__ = .
 *(.init .init.*)
 .init          0x0000000000000200      0x15c Output/nfc_writable_ndef_msg_pca10040 Debug/Obj/thumb_crt0.o
                0x0000000000000200                _start
                0x00000000000002b4                exit
 .init          0x000000000000035c       0x18 Output/nfc_writable_ndef_msg_pca10040 Debug/Obj/ses_startup_nrf52.o
                0x000000000000035c                NMI_Handler
                0x0000000000000360                MemoryManagement_Handler
                0x0000000000000362                BusFault_Handler
                0x0000000000000364                UsageFault_Handler
                0x0000000000000366                SVC_Handler
                0x0000000000000368                DebugMon_Handler
                0x000000000000036a                PendSV_Handler
                0x000000000000036c                SysTick_Handler
                0x000000000000036e                PWM1_IRQHandler
                0x000000000000036e                GPIOTE_IRQHandler
                0x000000000000036e                SWI0_EGU0_IRQHandler
                0x000000000000036e                RADIO_IRQHandler
                0x000000000000036e                PDM_IRQHandler
                0x000000000000036e                TEMP_IRQHandler
                0x000000000000036e                QDEC_IRQHandler
                0x000000000000036e                RTC0_IRQHandler
                0x000000000000036e                FPU_IRQHandler
                0x000000000000036e                SPIM0_SPIS0_TWIM0_TWIS0_SPI0_TWI0_IRQHandler
                0x000000000000036e                SWI2_EGU2_IRQHandler
                0x000000000000036e                I2S_IRQHandler
                0x000000000000036e                SWI4_EGU4_IRQHandler
                0x000000000000036e                TIMER0_IRQHandler
                0x000000000000036e                Dummy_Handler
                0x000000000000036e                TIMER1_IRQHandler
                0x000000000000036e                PWM2_IRQHandler
                0x000000000000036e                ECB_IRQHandler
                0x000000000000036e                SPIM1_SPIS1_TWIM1_TWIS1_SPI1_TWI1_IRQHandler
                0x000000000000036e                SAADC_IRQHandler
                0x000000000000036e                CCM_AAR_IRQHandler
                0x000000000000036e                WDT_IRQHandler
                0x000000000000036e                TIMER3_IRQHandler
                0x000000000000036e                SWI5_EGU5_IRQHandler
                0x000000000000036e                RNG_IRQHandler
                0x000000000000036e                RTC2_IRQHandler
                0x000000000000036e                PWM0_IRQHandler
                0x000000000000036e                SWI3_EGU3_IRQHandler
                0x000000000000036e                RTC1_IRQHandler
                0x000000000000036e                SWI1_EGU1_IRQHandler
                0x000000000000036e                SPIM2_SPIS2_SPI2_IRQHandler
                0x000000000000036e                TIMER2_IRQHandler
                0x000000000000036e                MWU_IRQHandler
                0x000000000000036e                COMP_LPCOMP_IRQHandler
                0x0000000000000370                nRFInitialize
 .init          0x0000000000000374       0x5c Output/nfc_writable_ndef_msg_pca10040 Debug/Obj/ses_startup_nrf_common.o
                0x0000000000000374                Reset_Handler
                0x0000000000000378                afterInitialize
                0x000000000000039c                InitializeUserMemorySections
                0x00000000000003d0                __init_end__ = (__init_start__ + SIZEOF (.init))
                0x00000000000001d0                __init_size__ = SIZEOF (.init)
                0x00000000000003d0                __init_load_end__ = __init_end__
                0x0000000000000001                . = ASSERT (((__init_start__ == __init_end__) || ((__init_end__ - __FLASH_segment_start__) <= __FLASH_segment_size__)), error: .init is too large to fit in FLASH memory segment)
                0x00000000000003d0                __init_rodata_load_start__ = ALIGN (__init_end__, 0x4)

.init_rodata    0x00000000000003d0        0x0
                0x00000000000003d0                __init_rodata_start__ = .
 *(.init_rodata .init_rodata.*)
                0x00000000000003d0                __init_rodata_end__ = (__init_rodata_start__ + SIZEOF (.init_rodata))
                0x0000000000000000                __init_rodata_size__ = SIZEOF (.init_rodata)
                0x00000000000003d0                __init_rodata_load_end__ = __init_rodata_end__
                0x0000000000000001                . = ASSERT (((__init_rodata_start__ == __init_rodata_end__) || ((__init_rodata_end__ - __FLASH_segment_start__) <= __FLASH_segment_size__)), error: .init_rodata is too large to fit in FLASH memory segment)
                0x00000000000003d0                __text_load_start__ = ALIGN (__init_rodata_end__, 0x4)

.text           0x00000000000003d0     0x8bdc
                0x00000000000003d0                __text_start__ = .
 *(.text .text.* .glue_7t .glue_7 .gnu.linkonce.t.* .gcc_except_table .ARM.extab* .gnu.linkonce.armextab.*)
 .glue_7        0x00000000000003d0        0x0 linker stubs
 .glue_7t       0x00000000000003d0        0x0 linker stubs
 .text.nrf_log_backend_serial_put
                0x00000000000003d0      0x124 Output/nfc_writable_ndef_msg_pca10040 Debug/Obj/nrf_log_backend_serial.o
                0x00000000000003d0                nrf_log_backend_serial_put
 .text.nrf_drv_uart_uninit
                0x00000000000004f4       0x44 Output/nfc_writable_ndef_msg_pca10040 Debug/Obj/nrf_log_backend_uart.o
 .text.nrf_drv_uart_tx
                0x0000000000000538       0x64 Output/nfc_writable_ndef_msg_pca10040 Debug/Obj/nrf_log_backend_uart.o
 .text.uart_evt_handler
                0x000000000000059c       0x18 Output/nfc_writable_ndef_msg_pca10040 Debug/Obj/nrf_log_backend_uart.o
 .text.uart_init
                0x00000000000005b4       0x88 Output/nfc_writable_ndef_msg_pca10040 Debug/Obj/nrf_log_backend_uart.o
 .text.nrf_log_backend_uart_init
                0x000000000000063c       0x1c Output/nfc_writable_ndef_msg_pca10040 Debug/Obj/nrf_log_backend_uart.o
                0x000000000000063c                nrf_log_backend_uart_init
 .text.serial_tx
                0x0000000000000658       0x6c Output/nfc_writable_ndef_msg_pca10040 Debug/Obj/nrf_log_backend_uart.o
 .text.nrf_log_backend_uart_put
                0x00000000000006c4       0x28 Output/nfc_writable_ndef_msg_pca10040 Debug/Obj/nrf_log_backend_uart.o
 .text.nrf_log_backend_uart_flush
                0x00000000000006ec        0xa Output/nfc_writable_ndef_msg_pca10040 Debug/Obj/nrf_log_backend_uart.o
 *fill*         0x00000000000006f6        0x2 
 .text.nrf_log_backend_uart_panic_set
                0x00000000000006f8       0x20 Output/nfc_writable_ndef_msg_pca10040 Debug/Obj/nrf_log_backend_uart.o
 .text.nrf_log_backend_enable
                0x0000000000000718       0x12 Output/nfc_writable_ndef_msg_pca10040 Debug/Obj/nrf_log_default_backends.o
 *fill*         0x000000000000072a        0x2 
 .text.nrf_log_default_backends_init
                0x000000000000072c       0x3c Output/nfc_writable_ndef_msg_pca10040 Debug/Obj/nrf_log_default_backends.o
                0x000000000000072c                nrf_log_default_backends_init
 .text.nrf_log_backend_put
                0x0000000000000768       0x1c Output/nfc_writable_ndef_msg_pca10040 Debug/Obj/nrf_log_frontend.o
 .text.nrf_log_backend_panic_set
                0x0000000000000784       0x18 Output/nfc_writable_ndef_msg_pca10040 Debug/Obj/nrf_log_frontend.o
 .text.nrf_log_backend_flush
                0x000000000000079c       0x18 Output/nfc_writable_ndef_msg_pca10040 Debug/Obj/nrf_log_frontend.o
 .text.nrf_log_backend_id_set
                0x00000000000007b4       0x1a Output/nfc_writable_ndef_msg_pca10040 Debug/Obj/nrf_log_frontend.o
 .text.nrf_log_backend_id_get
                0x00000000000007ce       0x10 Output/nfc_writable_ndef_msg_pca10040 Debug/Obj/nrf_log_frontend.o
 .text.nrf_log_backend_enable
                0x00000000000007de       0x12 Output/nfc_writable_ndef_msg_pca10040 Debug/Obj/nrf_log_frontend.o
 .text.nrf_log_backend_is_enabled
                0x00000000000007f0       0x10 Output/nfc_writable_ndef_msg_pca10040 Debug/Obj/nrf_log_frontend.o
 .text.nrf_log_init
                0x0000000000000800       0x74 Output/nfc_writable_ndef_msg_pca10040 Debug/Obj/nrf_log_frontend.o
                0x0000000000000800                nrf_log_init
 .text.nrf_log_module_cnt_get
                0x0000000000000874       0x14 Output/nfc_writable_ndef_msg_pca10040 Debug/Obj/nrf_log_frontend.o
                0x0000000000000874                nrf_log_module_cnt_get
 .text.module_idx_get
                0x0000000000000888       0x64 Output/nfc_writable_ndef_msg_pca10040 Debug/Obj/nrf_log_frontend.o
 .text.nrf_log_module_name_get
                0x00000000000008ec       0x40 Output/nfc_writable_ndef_msg_pca10040 Debug/Obj/nrf_log_frontend.o
                0x00000000000008ec                nrf_log_module_name_get
 .text.nrf_log_color_id_get
                0x000000000000092c       0x70 Output/nfc_writable_ndef_msg_pca10040 Debug/Obj/nrf_log_frontend.o
                0x000000000000092c                nrf_log_color_id_get
 .text.invalid_packets_omit
                0x000000000000099c       0x6e Output/nfc_writable_ndef_msg_pca10040 Debug/Obj/nrf_log_frontend.o
 *fill*         0x0000000000000a0a        0x2 
 .text.log_skip
                0x0000000000000a0c      0x114 Output/nfc_writable_ndef_msg_pca10040 Debug/Obj/nrf_log_frontend.o
 .text.dropped_sat16_get
                0x0000000000000b20       0x28 Output/nfc_writable_ndef_msg_pca10040 Debug/Obj/nrf_log_frontend.o
 .text.std_header_set
                0x0000000000000b48       0xb4 Output/nfc_writable_ndef_msg_pca10040 Debug/Obj/nrf_log_frontend.o
 .text.buf_prealloc
                0x0000000000000bfc      0x124 Output/nfc_writable_ndef_msg_pca10040 Debug/Obj/nrf_log_frontend.o
 .text.std_n    0x0000000000000d20       0x90 Output/nfc_writable_ndef_msg_pca10040 Debug/Obj/nrf_log_frontend.o
 .text.nrf_log_frontend_std_0
                0x0000000000000db0       0x1c Output/nfc_writable_ndef_msg_pca10040 Debug/Obj/nrf_log_frontend.o
                0x0000000000000db0                nrf_log_frontend_std_0
 .text.nrf_log_frontend_std_1
                0x0000000000000dcc       0x22 Output/nfc_writable_ndef_msg_pca10040 Debug/Obj/nrf_log_frontend.o
                0x0000000000000dcc                nrf_log_frontend_std_1
 .text.nrf_log_frontend_std_2
                0x0000000000000dee       0x28 Output/nfc_writable_ndef_msg_pca10040 Debug/Obj/nrf_log_frontend.o
                0x0000000000000dee                nrf_log_frontend_std_2
 .text.nrf_log_frontend_std_3
                0x0000000000000e16       0x2c Output/nfc_writable_ndef_msg_pca10040 Debug/Obj/nrf_log_frontend.o
                0x0000000000000e16                nrf_log_frontend_std_3
 .text.nrf_log_frontend_std_4
                0x0000000000000e42       0x30 Output/nfc_writable_ndef_msg_pca10040 Debug/Obj/nrf_log_frontend.o
                0x0000000000000e42                nrf_log_frontend_std_4
 .text.nrf_log_frontend_std_5
                0x0000000000000e72       0x34 Output/nfc_writable_ndef_msg_pca10040 Debug/Obj/nrf_log_frontend.o
                0x0000000000000e72                nrf_log_frontend_std_5
 *fill*         0x0000000000000ea6        0x2 
 .text.buffer_is_empty
                0x0000000000000ea8       0x1c Output/nfc_writable_ndef_msg_pca10040 Debug/Obj/nrf_log_frontend.o
                0x0000000000000ea8                buffer_is_empty
 .text.nrf_log_frontend_dequeue
                0x0000000000000ec4      0x398 Output/nfc_writable_ndef_msg_pca10040 Debug/Obj/nrf_log_frontend.o
                0x0000000000000ec4                nrf_log_frontend_dequeue
 .text.backend_id_assign
                0x000000000000125c       0x68 Output/nfc_writable_ndef_msg_pca10040 Debug/Obj/nrf_log_frontend.o
 .text.nrf_log_backend_add
                0x00000000000012c4       0x70 Output/nfc_writable_ndef_msg_pca10040 Debug/Obj/nrf_log_frontend.o
                0x00000000000012c4                nrf_log_backend_add
 .text.nrf_log_panic
                0x0000000000001334       0x3c Output/nfc_writable_ndef_msg_pca10040 Debug/Obj/nrf_log_frontend.o
                0x0000000000001334                nrf_log_panic
 .text.timestamp_print
                0x0000000000001370        0xc Output/nfc_writable_ndef_msg_pca10040 Debug/Obj/nrf_log_str_formatter.o
 .text.prefix_process
                0x000000000000137c       0xb0 Output/nfc_writable_ndef_msg_pca10040 Debug/Obj/nrf_log_str_formatter.o
 .text.postfix_process
                0x000000000000142c       0x60 Output/nfc_writable_ndef_msg_pca10040 Debug/Obj/nrf_log_str_formatter.o
 .text.nrf_log_std_entry_process
                0x000000000000148c      0x144 Output/nfc_writable_ndef_msg_pca10040 Debug/Obj/nrf_log_str_formatter.o
                0x000000000000148c                nrf_log_std_entry_process
 .text.nrf_log_hexdump_entry_process
                0x00000000000015d0       0xf0 Output/nfc_writable_ndef_msg_pca10040 Debug/Obj/nrf_log_str_formatter.o
                0x00000000000015d0                nrf_log_hexdump_entry_process
 .text.app_error_save_and_stop
                0x00000000000016c0       0x98 Output/nfc_writable_ndef_msg_pca10040 Debug/Obj/app_error.o
                0x00000000000016c0                app_error_save_and_stop
 .text.app_error_handler
                0x0000000000001758       0x1c Output/nfc_writable_ndef_msg_pca10040 Debug/Obj/app_error_handler_gcc.o
                0x0000000000001758                app_error_handler
 .text.app_error_fault_handler
                0x0000000000001774      0x104 Output/nfc_writable_ndef_msg_pca10040 Debug/Obj/app_error_weak.o
                0x0000000000001774                app_error_fault_handler
 .text.next_index
                0x0000000000001878       0x2c Output/nfc_writable_ndef_msg_pca10040 Debug/Obj/app_scheduler.o
 .text.app_sched_queue_empty
                0x00000000000018a4       0x2c Output/nfc_writable_ndef_msg_pca10040 Debug/Obj/app_scheduler.o
 .text.is_app_sched_paused
                0x00000000000018d0        0x6 Output/nfc_writable_ndef_msg_pca10040 Debug/Obj/app_scheduler.o
 *fill*         0x00000000000018d6        0x2 
 .text.app_sched_execute
                0x00000000000018d8       0x98 Output/nfc_writable_ndef_msg_pca10040 Debug/Obj/app_scheduler.o
                0x00000000000018d8                app_sched_execute
 .text.app_util_disable_irq
                0x0000000000001970       0x14 Output/nfc_writable_ndef_msg_pca10040 Debug/Obj/app_util_platform.o
                0x0000000000001970                app_util_disable_irq
 .text.app_util_enable_irq
                0x0000000000001984       0x1c Output/nfc_writable_ndef_msg_pca10040 Debug/Obj/app_util_platform.o
                0x0000000000001984                app_util_enable_irq
 .text.app_util_critical_region_enter
                0x00000000000019a0       0x28 Output/nfc_writable_ndef_msg_pca10040 Debug/Obj/app_util_platform.o
                0x00000000000019a0                app_util_critical_region_enter
 .text.app_util_critical_region_exit
                0x00000000000019c8       0x2c Output/nfc_writable_ndef_msg_pca10040 Debug/Obj/app_util_platform.o
                0x00000000000019c8                app_util_critical_region_exit
 .text.privilege_level_get
                0x00000000000019f4       0x3a Output/nfc_writable_ndef_msg_pca10040 Debug/Obj/app_util_platform.o
                0x00000000000019f4                privilege_level_get
 .text.is_word_aligned
                0x0000000000001a2e       0x1a Output/nfc_writable_ndef_msg_pca10040 Debug/Obj/fds.o
 .text.event_send
                0x0000000000001a48       0x3c Output/nfc_writable_ndef_msg_pca10040 Debug/Obj/fds.o
 .text.event_prepare
                0x0000000000001a84       0xdc Output/nfc_writable_ndef_msg_pca10040 Debug/Obj/fds.o
 .text.header_has_next
                0x0000000000001b60       0x2e Output/nfc_writable_ndef_msg_pca10040 Debug/Obj/fds.o
 .text.header_jump
                0x0000000000001b8e       0x16 Output/nfc_writable_ndef_msg_pca10040 Debug/Obj/fds.o
 .text.header_check
                0x0000000000001ba4       0x46 Output/nfc_writable_ndef_msg_pca10040 Debug/Obj/fds.o
 *fill*         0x0000000000001bea        0x2 
 .text.address_is_valid
                0x0000000000001bec       0x48 Output/nfc_writable_ndef_msg_pca10040 Debug/Obj/fds.o
 .text.page_from_record
                0x0000000000001c34       0x78 Output/nfc_writable_ndef_msg_pca10040 Debug/Obj/fds.o
 .text.page_offsets_update
                0x0000000000001cac       0x3c Output/nfc_writable_ndef_msg_pca10040 Debug/Obj/fds.o
 .text.page_tag_write_swap
                0x0000000000001ce8       0x30 Output/nfc_writable_ndef_msg_pca10040 Debug/Obj/fds.o
 .text.page_tag_write_data
                0x0000000000001d18       0x28 Output/nfc_writable_ndef_msg_pca10040 Debug/Obj/fds.o
 .text.record_find_next
                0x0000000000001d40       0xa0 Output/nfc_writable_ndef_msg_pca10040 Debug/Obj/fds.o
 .text.record_find_by_desc
                0x0000000000001de0       0xb4 Output/nfc_writable_ndef_msg_pca10040 Debug/Obj/fds.o
 .text.record_find
                0x0000000000001e94       0xe4 Output/nfc_writable_ndef_msg_pca10040 Debug/Obj/fds.o
 .text.queue_load
                0x0000000000001f78       0x20 Output/nfc_writable_ndef_msg_pca10040 Debug/Obj/fds.o
 .text.queue_free
                0x0000000000001f98       0x1c Output/nfc_writable_ndef_msg_pca10040 Debug/Obj/fds.o
 .text.queue_has_next
                0x0000000000001fb4       0x34 Output/nfc_writable_ndef_msg_pca10040 Debug/Obj/fds.o
 .text.record_header_write_begin
                0x0000000000001fe8       0x3c Output/nfc_writable_ndef_msg_pca10040 Debug/Obj/fds.o
 .text.record_header_write_id
                0x0000000000002024       0x50 Output/nfc_writable_ndef_msg_pca10040 Debug/Obj/fds.o
 .text.record_header_write_finalize
                0x0000000000002074       0x50 Output/nfc_writable_ndef_msg_pca10040 Debug/Obj/fds.o
 .text.record_header_flag_dirty
                0x00000000000020c4       0x58 Output/nfc_writable_ndef_msg_pca10040 Debug/Obj/fds.o
 .text.record_find_and_delete
                0x000000000000211c       0x60 Output/nfc_writable_ndef_msg_pca10040 Debug/Obj/fds.o
 .text.file_find_and_delete
                0x000000000000217c       0x48 Output/nfc_writable_ndef_msg_pca10040 Debug/Obj/fds.o
 .text.record_write_data
                0x00000000000021c4       0x48 Output/nfc_writable_ndef_msg_pca10040 Debug/Obj/fds.o
 .text.gc_init  0x000000000000220c       0x6c Output/nfc_writable_ndef_msg_pca10040 Debug/Obj/fds.o
 .text.gc_page_next
                0x0000000000002278       0x90 Output/nfc_writable_ndef_msg_pca10040 Debug/Obj/fds.o
 .text.gc_swap_erase
                0x0000000000002308       0x30 Output/nfc_writable_ndef_msg_pca10040 Debug/Obj/fds.o
 .text.gc_page_erase
                0x0000000000002338       0x6c Output/nfc_writable_ndef_msg_pca10040 Debug/Obj/fds.o
 .text.gc_record_copy
                0x00000000000023a4       0x58 Output/nfc_writable_ndef_msg_pca10040 Debug/Obj/fds.o
 .text.gc_record_find_next
                0x00000000000023fc       0x38 Output/nfc_writable_ndef_msg_pca10040 Debug/Obj/fds.o
 .text.gc_swap_promote
                0x0000000000002434       0x34 Output/nfc_writable_ndef_msg_pca10040 Debug/Obj/fds.o
 .text.gc_tag_new_swap
                0x0000000000002468       0x1c Output/nfc_writable_ndef_msg_pca10040 Debug/Obj/fds.o
 .text.gc_next_page
                0x0000000000002484       0x40 Output/nfc_writable_ndef_msg_pca10040 Debug/Obj/fds.o
 .text.gc_update_swap_offset
                0x00000000000024c4       0x30 Output/nfc_writable_ndef_msg_pca10040 Debug/Obj/fds.o
 .text.gc_swap_pages
                0x00000000000024f4       0x70 Output/nfc_writable_ndef_msg_pca10040 Debug/Obj/fds.o
 .text.gc_state_advance
                0x0000000000002564       0x70 Output/nfc_writable_ndef_msg_pca10040 Debug/Obj/fds.o
 .text.init_execute
                0x00000000000025d4      0x1b8 Output/nfc_writable_ndef_msg_pca10040 Debug/Obj/fds.o
 .text.write_execute
                0x000000000000278c      0x110 Output/nfc_writable_ndef_msg_pca10040 Debug/Obj/fds.o
 .text.delete_execute
                0x000000000000289c       0x6a Output/nfc_writable_ndef_msg_pca10040 Debug/Obj/fds.o
 *fill*         0x0000000000002906        0x2 
 .text.gc_execute
                0x0000000000002908       0x9c Output/nfc_writable_ndef_msg_pca10040 Debug/Obj/fds.o
 .text.queue_process
                0x00000000000029a4      0x114 Output/nfc_writable_ndef_msg_pca10040 Debug/Obj/fds.o
 .text.fs_event_handler
                0x0000000000002ab8       0x18 Output/nfc_writable_ndef_msg_pca10040 Debug/Obj/fds.o
 .text.HardFault_Handler
                0x0000000000002ad0       0x38 Output/nfc_writable_ndef_msg_pca10040 Debug/Obj/hardfault_handler_gcc.o
                0x0000000000002ad0                HardFault_Handler
 .text.NVIC_SystemReset
                0x0000000000002b08       0x24 Output/nfc_writable_ndef_msg_pca10040 Debug/Obj/hardfault_implementation.o
 .text.HardFault_process
                0x0000000000002b2c       0x12 Output/nfc_writable_ndef_msg_pca10040 Debug/Obj/hardfault_implementation.o
                0x0000000000002b2c                HardFault_process
 *fill*         0x0000000000002b3e        0x2 
 .text.HardFault_c_handler
                0x0000000000002b40      0x1b0 Output/nfc_writable_ndef_msg_pca10040 Debug/Obj/hardfault_implementation.o
                0x0000000000002b40                HardFault_c_handler
 .text.assert_nrf_callback
                0x0000000000002cf0       0x2e Output/nfc_writable_ndef_msg_pca10040 Debug/Obj/nrf_assert.o
                0x0000000000002cf0                assert_nrf_callback
 .text.nrf_atfifo_rspace_req
                0x0000000000002d1e       0x56 Output/nfc_writable_ndef_msg_pca10040 Debug/Obj/nrf_atfifo.o
 .text.nrf_atfifo_rspace_close
                0x0000000000002d74       0x20 Output/nfc_writable_ndef_msg_pca10040 Debug/Obj/nrf_atfifo.o
 .text.nrf_atfifo_item_get
                0x0000000000002d94       0x32 Output/nfc_writable_ndef_msg_pca10040 Debug/Obj/nrf_atfifo.o
                0x0000000000002d94                nrf_atfifo_item_get
 .text.nrf_atfifo_item_free
                0x0000000000002dc6       0x28 Output/nfc_writable_ndef_msg_pca10040 Debug/Obj/nrf_atfifo.o
                0x0000000000002dc6                nrf_atfifo_item_free
 .text.nrf_atomic_u32_fetch_store
                0x0000000000002dee       0x2e Output/nfc_writable_ndef_msg_pca10040 Debug/Obj/nrf_atomic.o
                0x0000000000002dee                nrf_atomic_u32_fetch_store
 .text.nrf_atomic_u32_or
                0x0000000000002e1c       0x30 Output/nfc_writable_ndef_msg_pca10040 Debug/Obj/nrf_atomic.o
                0x0000000000002e1c                nrf_atomic_u32_or
 .text.nrf_atomic_u32_fetch_and
                0x0000000000002e4c       0x30 Output/nfc_writable_ndef_msg_pca10040 Debug/Obj/nrf_atomic.o
                0x0000000000002e4c                nrf_atomic_u32_fetch_and
 .text.nrf_atomic_u32_add
                0x0000000000002e7c       0x30 Output/nfc_writable_ndef_msg_pca10040 Debug/Obj/nrf_atomic.o
                0x0000000000002e7c                nrf_atomic_u32_add
 .text.nrf_atomic_u32_sub
                0x0000000000002eac       0x30 Output/nfc_writable_ndef_msg_pca10040 Debug/Obj/nrf_atomic.o
                0x0000000000002eac                nrf_atomic_u32_sub
 .text.nrf_atomic_flag_set
                0x0000000000002edc       0x18 Output/nfc_writable_ndef_msg_pca10040 Debug/Obj/nrf_atomic.o
                0x0000000000002edc                nrf_atomic_flag_set
 .text.nrf_atomic_flag_clear_fetch
                0x0000000000002ef4       0x18 Output/nfc_writable_ndef_msg_pca10040 Debug/Obj/nrf_atomic.o
                0x0000000000002ef4                nrf_atomic_flag_clear_fetch
 .text.nrf_balloc_idx2block
                0x0000000000002f0c       0x38 Output/nfc_writable_ndef_msg_pca10040 Debug/Obj/nrf_balloc.o
 .text.nrf_balloc_block2idx
                0x0000000000002f44       0x34 Output/nfc_writable_ndef_msg_pca10040 Debug/Obj/nrf_balloc.o
 .text.nrf_balloc_init
                0x0000000000002f78       0xb8 Output/nfc_writable_ndef_msg_pca10040 Debug/Obj/nrf_balloc.o
                0x0000000000002f78                nrf_balloc_init
 .text.nrf_balloc_alloc
                0x0000000000003030       0x84 Output/nfc_writable_ndef_msg_pca10040 Debug/Obj/nrf_balloc.o
                0x0000000000003030                nrf_balloc_alloc
 .text.nrf_balloc_free
                0x00000000000030b4       0x58 Output/nfc_writable_ndef_msg_pca10040 Debug/Obj/nrf_balloc.o
                0x00000000000030b4                nrf_balloc_free
 .text.nrf_fprintf_buffer_flush
                0x000000000000310c       0x44 Output/nfc_writable_ndef_msg_pca10040 Debug/Obj/nrf_fprintf.o
                0x000000000000310c                nrf_fprintf_buffer_flush
 .text.nrf_fprintf
                0x0000000000003150       0x74 Output/nfc_writable_ndef_msg_pca10040 Debug/Obj/nrf_fprintf.o
                0x0000000000003150                nrf_fprintf
 .text.buffer_add
                0x00000000000031c4       0x4c Output/nfc_writable_ndef_msg_pca10040 Debug/Obj/nrf_fprintf_format.o
 .text.string_print
                0x0000000000003210       0xc2 Output/nfc_writable_ndef_msg_pca10040 Debug/Obj/nrf_fprintf_format.o
 *fill*         0x00000000000032d2        0x2 
 .text.unsigned_print
                0x00000000000032d4      0x130 Output/nfc_writable_ndef_msg_pca10040 Debug/Obj/nrf_fprintf_format.o
 .text.int_print
                0x0000000000003404      0x11c Output/nfc_writable_ndef_msg_pca10040 Debug/Obj/nrf_fprintf_format.o
 .text.nrf_fprintf_fmt
                0x0000000000003520      0x43c Output/nfc_writable_ndef_msg_pca10040 Debug/Obj/nrf_fprintf_format.o
                0x0000000000003520                nrf_fprintf_fmt
 .text.nrf_fstorage_write
                0x000000000000395c      0x1c4 Output/nfc_writable_ndef_msg_pca10040 Debug/Obj/nrf_fstorage.o
                0x000000000000395c                nrf_fstorage_write
 .text.nrf_fstorage_erase
                0x0000000000003b20      0x130 Output/nfc_writable_ndef_msg_pca10040 Debug/Obj/nrf_fstorage.o
                0x0000000000003b20                nrf_fstorage_erase
 .text.addr_is_within_bounds
                0x0000000000003c50       0x34 Output/nfc_writable_ndef_msg_pca10040 Debug/Obj/nrf_fstorage.o
 .text.addr_is_aligned32
                0x0000000000003c84       0x1a Output/nfc_writable_ndef_msg_pca10040 Debug/Obj/nrf_fstorage.o
 .text.addr_is_page_aligned
                0x0000000000003c9e       0x22 Output/nfc_writable_ndef_msg_pca10040 Debug/Obj/nrf_fstorage.o
 .text.nrf_memobj_pool_init
                0x0000000000003cc0       0x16 Output/nfc_writable_ndef_msg_pca10040 Debug/Obj/nrf_memobj.o
                0x0000000000003cc0                nrf_memobj_pool_init
 .text.nrf_memobj_alloc
                0x0000000000003cd6       0xae Output/nfc_writable_ndef_msg_pca10040 Debug/Obj/nrf_memobj.o
                0x0000000000003cd6                nrf_memobj_alloc
 .text.nrf_memobj_free
                0x0000000000003d84       0x72 Output/nfc_writable_ndef_msg_pca10040 Debug/Obj/nrf_memobj.o
                0x0000000000003d84                nrf_memobj_free
 .text.nrf_memobj_get
                0x0000000000003df6       0x1e Output/nfc_writable_ndef_msg_pca10040 Debug/Obj/nrf_memobj.o
                0x0000000000003df6                nrf_memobj_get
 .text.nrf_memobj_put
                0x0000000000003e14       0x34 Output/nfc_writable_ndef_msg_pca10040 Debug/Obj/nrf_memobj.o
                0x0000000000003e14                nrf_memobj_put
 .text.memobj_op
                0x0000000000003e48      0x124 Output/nfc_writable_ndef_msg_pca10040 Debug/Obj/nrf_memobj.o
 .text.nrf_memobj_write
                0x0000000000003f6c       0x3c Output/nfc_writable_ndef_msg_pca10040 Debug/Obj/nrf_memobj.o
                0x0000000000003f6c                nrf_memobj_write
 .text.nrf_memobj_read
                0x0000000000003fa8       0x40 Output/nfc_writable_ndef_msg_pca10040 Debug/Obj/nrf_memobj.o
                0x0000000000003fa8                nrf_memobj_read
 .text.nrf_ringbuf_init
                0x0000000000003fe8       0x3a Output/nfc_writable_ndef_msg_pca10040 Debug/Obj/nrf_ringbuf.o
                0x0000000000003fe8                nrf_ringbuf_init
 *fill*         0x0000000000004022        0x2 
 .text.nrf_strerror_get
                0x0000000000004024       0x28 Output/nfc_writable_ndef_msg_pca10040 Debug/Obj/nrf_strerror.o
                0x0000000000004024                nrf_strerror_get
 .text.nrf_strerror_find
                0x000000000000404c       0x68 Output/nfc_writable_ndef_msg_pca10040 Debug/Obj/nrf_strerror.o
                0x000000000000404c                nrf_strerror_find
 .text.hfclk_start
                0x00000000000040b4        0xa Output/nfc_writable_ndef_msg_pca10040 Debug/Obj/nrf_drv_clock.o
 *fill*         0x00000000000040be        0x2 
 .text.hfclk_stop
                0x00000000000040c0       0x14 Output/nfc_writable_ndef_msg_pca10040 Debug/Obj/nrf_drv_clock.o
 .text.nrf_drv_clock_init
                0x00000000000040d4       0x54 Output/nfc_writable_ndef_msg_pca10040 Debug/Obj/nrf_drv_clock.o
                0x00000000000040d4                nrf_drv_clock_init
 .text.item_enqueue
                0x0000000000004128       0x38 Output/nfc_writable_ndef_msg_pca10040 Debug/Obj/nrf_drv_clock.o
 .text.item_dequeue
                0x0000000000004160       0x20 Output/nfc_writable_ndef_msg_pca10040 Debug/Obj/nrf_drv_clock.o
 .text.nrf_drv_clock_hfclk_request
                0x0000000000004180       0xa0 Output/nfc_writable_ndef_msg_pca10040 Debug/Obj/nrf_drv_clock.o
                0x0000000000004180                nrf_drv_clock_hfclk_request
 .text.nrf_drv_clock_hfclk_release
                0x0000000000004220       0x54 Output/nfc_writable_ndef_msg_pca10040 Debug/Obj/nrf_drv_clock.o
                0x0000000000004220                nrf_drv_clock_hfclk_release
 .text.clock_clk_started_notify
                0x0000000000004274       0x4c Output/nfc_writable_ndef_msg_pca10040 Debug/Obj/nrf_drv_clock.o
 .text.clock_irq_handler
                0x00000000000042c0       0x40 Output/nfc_writable_ndef_msg_pca10040 Debug/Obj/nrf_drv_clock.o
 .text.uarte_evt_handler
                0x0000000000004300       0x50 Output/nfc_writable_ndef_msg_pca10040 Debug/Obj/nrf_drv_uart.o
 .text.uart_evt_handler
                0x0000000000004350       0x50 Output/nfc_writable_ndef_msg_pca10040 Debug/Obj/nrf_drv_uart.o
 .text.nrf_drv_uart_init
                0x00000000000043a0       0xc0 Output/nfc_writable_ndef_msg_pca10040 Debug/Obj/nrf_drv_uart.o
                0x00000000000043a0                nrf_drv_uart_init
 .text.NVIC_EnableIRQ
                0x0000000000004460       0x2c Output/nfc_writable_ndef_msg_pca10040 Debug/Obj/nrfx_clock.o
 .text.NVIC_SetPriority
                0x000000000000448c       0x50 Output/nfc_writable_ndef_msg_pca10040 Debug/Obj/nrfx_clock.o
 .text.nrfx_get_irq_number
                0x00000000000044dc       0x10 Output/nfc_writable_ndef_msg_pca10040 Debug/Obj/nrfx_clock.o
 .text._NRFX_IRQ_PRIORITY_SET
                0x00000000000044ec       0x40 Output/nfc_writable_ndef_msg_pca10040 Debug/Obj/nrfx_clock.o
 .text._NRFX_IRQ_ENABLE
                0x000000000000452c       0x1c Output/nfc_writable_ndef_msg_pca10040 Debug/Obj/nrfx_clock.o
 .text._NRFX_IRQ_IS_ENABLED
                0x0000000000004548       0x4c Output/nfc_writable_ndef_msg_pca10040 Debug/Obj/nrfx_clock.o
 .text.nrf_clock_int_enable
                0x0000000000004594       0x14 Output/nfc_writable_ndef_msg_pca10040 Debug/Obj/nrfx_clock.o
 .text.nrf_clock_int_disable
                0x00000000000045a8       0x14 Output/nfc_writable_ndef_msg_pca10040 Debug/Obj/nrfx_clock.o
 .text.nrf_clock_task_trigger
                0x00000000000045bc       0x1a Output/nfc_writable_ndef_msg_pca10040 Debug/Obj/nrfx_clock.o
 .text.nrf_clock_event_clear
                0x00000000000045d6       0x28 Output/nfc_writable_ndef_msg_pca10040 Debug/Obj/nrfx_clock.o
 .text.nrf_clock_event_check
                0x00000000000045fe       0x22 Output/nfc_writable_ndef_msg_pca10040 Debug/Obj/nrfx_clock.o
 .text.nrf_clock_lf_src_set
                0x0000000000004620       0x14 Output/nfc_writable_ndef_msg_pca10040 Debug/Obj/nrfx_clock.o
 .text.nrf_clock_hf_is_running
                0x0000000000004634       0x2c Output/nfc_writable_ndef_msg_pca10040 Debug/Obj/nrfx_clock.o
 .text.nrfx_power_clock_irq_init
                0x0000000000004660       0x56 Output/nfc_writable_ndef_msg_pca10040 Debug/Obj/nrfx_clock.o
 *fill*         0x00000000000046b6        0x2 
 .text.nrfx_clock_init
                0x00000000000046b8       0x4c Output/nfc_writable_ndef_msg_pca10040 Debug/Obj/nrfx_clock.o
                0x00000000000046b8                nrfx_clock_init
 .text.nrfx_clock_enable
                0x0000000000004704       0x28 Output/nfc_writable_ndef_msg_pca10040 Debug/Obj/nrfx_clock.o
                0x0000000000004704                nrfx_clock_enable
 .text.nrfx_clock_hfclk_start
                0x000000000000472c       0x34 Output/nfc_writable_ndef_msg_pca10040 Debug/Obj/nrfx_clock.o
                0x000000000000472c                nrfx_clock_hfclk_start
 .text.nrfx_clock_hfclk_stop
                0x0000000000004760       0x3c Output/nfc_writable_ndef_msg_pca10040 Debug/Obj/nrfx_clock.o
                0x0000000000004760                nrfx_clock_hfclk_stop
 .text.POWER_CLOCK_IRQHandler
                0x000000000000479c       0x68 Output/nfc_writable_ndef_msg_pca10040 Debug/Obj/nrfx_clock.o
                0x000000000000479c                POWER_CLOCK_IRQHandler
 .text.NVIC_EnableIRQ
                0x0000000000004804       0x2c Output/nfc_writable_ndef_msg_pca10040 Debug/Obj/nrfx_nfct.o
 .text.NVIC_ClearPendingIRQ
                0x0000000000004830       0x30 Output/nfc_writable_ndef_msg_pca10040 Debug/Obj/nrfx_nfct.o
 .text.NVIC_SetPriority
                0x0000000000004860       0x50 Output/nfc_writable_ndef_msg_pca10040 Debug/Obj/nrfx_nfct.o
 .text._NRFX_IRQ_PRIORITY_SET
                0x00000000000048b0       0x40 Output/nfc_writable_ndef_msg_pca10040 Debug/Obj/nrfx_nfct.o
 .text._NRFX_IRQ_ENABLE
                0x00000000000048f0       0x1c Output/nfc_writable_ndef_msg_pca10040 Debug/Obj/nrfx_nfct.o
 .text._NRFX_IRQ_PENDING_CLEAR
                0x000000000000490c       0x1c Output/nfc_writable_ndef_msg_pca10040 Debug/Obj/nrfx_nfct.o
 .text.nrf_nfct_task_trigger
                0x0000000000004928       0x1e Output/nfc_writable_ndef_msg_pca10040 Debug/Obj/nrfx_nfct.o
 .text.nrf_nfct_event_clear
                0x0000000000004946       0x22 Output/nfc_writable_ndef_msg_pca10040 Debug/Obj/nrfx_nfct.o
 .text.nrf_nfct_event_check
                0x0000000000004968       0x26 Output/nfc_writable_ndef_msg_pca10040 Debug/Obj/nrfx_nfct.o
 *fill*         0x000000000000498e        0x2 
 .text.nrf_nfct_int_enable
                0x0000000000004990       0x18 Output/nfc_writable_ndef_msg_pca10040 Debug/Obj/nrfx_nfct.o
 .text.nrf_nfct_int_enable_check
                0x00000000000049a8       0x24 Output/nfc_writable_ndef_msg_pca10040 Debug/Obj/nrfx_nfct.o
 .text.nrf_nfct_int_enable_get
                0x00000000000049cc       0x10 Output/nfc_writable_ndef_msg_pca10040 Debug/Obj/nrfx_nfct.o
 .text.nrf_nfct_int_disable
                0x00000000000049dc       0x18 Output/nfc_writable_ndef_msg_pca10040 Debug/Obj/nrfx_nfct.o
 .text.nrf_nfct_error_status_get
                0x00000000000049f4       0x10 Output/nfc_writable_ndef_msg_pca10040 Debug/Obj/nrfx_nfct.o
 .text.nrf_nfct_error_status_clear
                0x0000000000004a04       0x18 Output/nfc_writable_ndef_msg_pca10040 Debug/Obj/nrfx_nfct.o
 .text.nrf_nfct_rx_frame_status_get
                0x0000000000004a1c       0x10 Output/nfc_writable_ndef_msg_pca10040 Debug/Obj/nrfx_nfct.o
 .text.nrf_nfct_rx_frame_status_clear
                0x0000000000004a2c       0x18 Output/nfc_writable_ndef_msg_pca10040 Debug/Obj/nrfx_nfct.o
 .text.nrf_nfct_field_status_get
                0x0000000000004a44       0x10 Output/nfc_writable_ndef_msg_pca10040 Debug/Obj/nrfx_nfct.o
 .text.nrf_nfct_frame_delay_max_get
                0x0000000000004a54       0x10 Output/nfc_writable_ndef_msg_pca10040 Debug/Obj/nrfx_nfct.o
 .text.nrf_nfct_frame_delay_max_set
                0x0000000000004a64       0x18 Output/nfc_writable_ndef_msg_pca10040 Debug/Obj/nrfx_nfct.o
 .text.nrf_nfct_frame_delay_mode_set
                0x0000000000004a7c       0x1c Output/nfc_writable_ndef_msg_pca10040 Debug/Obj/nrfx_nfct.o
 .text.nrf_nfct_rxtx_buffer_get
                0x0000000000004a98       0x10 Output/nfc_writable_ndef_msg_pca10040 Debug/Obj/nrfx_nfct.o
 .text.nrf_nfct_rxtx_buffer_set
                0x0000000000004aa8       0x2c Output/nfc_writable_ndef_msg_pca10040 Debug/Obj/nrfx_nfct.o
 .text.nrf_nfct_tx_bits_get
                0x0000000000004ad4       0x18 Output/nfc_writable_ndef_msg_pca10040 Debug/Obj/nrfx_nfct.o
 .text.nrf_nfct_tx_bits_set
                0x0000000000004aec       0x20 Output/nfc_writable_ndef_msg_pca10040 Debug/Obj/nrfx_nfct.o
 .text.nrf_nfct_rx_bits_get
                0x0000000000004b0c       0x38 Output/nfc_writable_ndef_msg_pca10040 Debug/Obj/nrfx_nfct.o
 .text.nrf_nfct_nfcid1_get
                0x0000000000004b44       0xd0 Output/nfc_writable_ndef_msg_pca10040 Debug/Obj/nrfx_nfct.o
 .text.nrf_nfct_nfcid1_set
                0x0000000000004c14       0xc4 Output/nfc_writable_ndef_msg_pca10040 Debug/Obj/nrfx_nfct.o
 .text.nrf_nfct_sensres_bit_frame_sdd_set
                0x0000000000004cd8       0x28 Output/nfc_writable_ndef_msg_pca10040 Debug/Obj/nrfx_nfct.o
 .text.nrf_nfct_selsres_protocol_get
                0x0000000000004d00       0x18 Output/nfc_writable_ndef_msg_pca10040 Debug/Obj/nrfx_nfct.o
 .text.nrf_nfct_selres_protocol_set
                0x0000000000004d18       0x2c Output/nfc_writable_ndef_msg_pca10040 Debug/Obj/nrfx_nfct.o
 .text.nrf_timer_frequency_get
                0x0000000000004d44       0x12 Output/nfc_writable_ndef_msg_pca10040 Debug/Obj/nrfx_nfct.o
 *fill*         0x0000000000004d56        0x2 
 .text.nrf_timer_us_to_ticks
                0x0000000000004d58       0x70 Output/nfc_writable_ndef_msg_pca10040 Debug/Obj/nrfx_nfct.o
 .text.nrfx_timer_us_to_ticks
                0x0000000000004dc8       0x26 Output/nfc_writable_ndef_msg_pca10040 Debug/Obj/nrfx_nfct.o
 .text.nrfx_nfct_hw_init_setup
                0x0000000000004dee       0x12 Output/nfc_writable_ndef_msg_pca10040 Debug/Obj/nrfx_nfct.o
 .text.nrfx_nfct_frame_delay_max_set
                0x0000000000004e00       0x34 Output/nfc_writable_ndef_msg_pca10040 Debug/Obj/nrfx_nfct.o
 .text.nrfx_nfct_field_event_handler
                0x0000000000004e34       0xc4 Output/nfc_writable_ndef_msg_pca10040 Debug/Obj/nrfx_nfct.o
 .text.nrfx_nfct_reset
                0x0000000000004ef8       0x74 Output/nfc_writable_ndef_msg_pca10040 Debug/Obj/nrfx_nfct.o
 .text.nrfx_nfct_field_poll
                0x0000000000004f6c       0x78 Output/nfc_writable_ndef_msg_pca10040 Debug/Obj/nrfx_nfct.o
 .text.nrfx_nfct_field_timer_handler
                0x0000000000004fe4       0x24 Output/nfc_writable_ndef_msg_pca10040 Debug/Obj/nrfx_nfct.o
 .text.nrfx_nfct_field_timer_config
                0x0000000000005008       0x5c Output/nfc_writable_ndef_msg_pca10040 Debug/Obj/nrfx_nfct.o
 .text.nrf_nfct_nfcid1_size_to_sensres_size
                0x0000000000005064       0x2c Output/nfc_writable_ndef_msg_pca10040 Debug/Obj/nrfx_nfct.o
 .text.nrfx_nfct_rxtx_int_enable
                0x0000000000005090       0x20 Output/nfc_writable_ndef_msg_pca10040 Debug/Obj/nrfx_nfct.o
 .text.nrfx_nfct_init
                0x00000000000050b0       0xa0 Output/nfc_writable_ndef_msg_pca10040 Debug/Obj/nrfx_nfct.o
                0x00000000000050b0                nrfx_nfct_init
 .text.nrfx_nfct_enable
                0x0000000000005150       0x1c Output/nfc_writable_ndef_msg_pca10040 Debug/Obj/nrfx_nfct.o
                0x0000000000005150                nrfx_nfct_enable
 .text.nrfx_nfct_field_check
                0x000000000000516c       0x2e Output/nfc_writable_ndef_msg_pca10040 Debug/Obj/nrfx_nfct.o
                0x000000000000516c                nrfx_nfct_field_check
 *fill*         0x000000000000519a        0x2 
 .text.nrfx_nfct_rx
                0x000000000000519c       0x44 Output/nfc_writable_ndef_msg_pca10040 Debug/Obj/nrfx_nfct.o
                0x000000000000519c                nrfx_nfct_rx
 .text.nrfx_nfct_tx
                0x00000000000051e0       0x80 Output/nfc_writable_ndef_msg_pca10040 Debug/Obj/nrfx_nfct.o
                0x00000000000051e0                nrfx_nfct_tx
 .text.nrfx_nfct_state_force
                0x0000000000005260       0x1c Output/nfc_writable_ndef_msg_pca10040 Debug/Obj/nrfx_nfct.o
                0x0000000000005260                nrfx_nfct_state_force
 .text.nrfx_nfct_init_substate_force
                0x000000000000527c       0x54 Output/nfc_writable_ndef_msg_pca10040 Debug/Obj/nrfx_nfct.o
                0x000000000000527c                nrfx_nfct_init_substate_force
 .text.nrfx_nfct_parameter_set
                0x00000000000052d0       0xa4 Output/nfc_writable_ndef_msg_pca10040 Debug/Obj/nrfx_nfct.o
                0x00000000000052d0                nrfx_nfct_parameter_set
 .text.nrfx_nfct_nfcid1_default_bytes_get
                0x0000000000005374       0xdc Output/nfc_writable_ndef_msg_pca10040 Debug/Obj/nrfx_nfct.o
                0x0000000000005374                nrfx_nfct_nfcid1_default_bytes_get
 .text.nrfx_nfct_autocolres_enable
                0x0000000000005450       0x14 Output/nfc_writable_ndef_msg_pca10040 Debug/Obj/nrfx_nfct.o
                0x0000000000005450                nrfx_nfct_autocolres_enable
 .text.nrfx_nfct_autocolres_disable
                0x0000000000005464       0x14 Output/nfc_writable_ndef_msg_pca10040 Debug/Obj/nrfx_nfct.o
                0x0000000000005464                nrfx_nfct_autocolres_disable
 .text.NFCT_IRQHandler
                0x0000000000005478      0x26c Output/nfc_writable_ndef_msg_pca10040 Debug/Obj/nrfx_nfct.o
                0x0000000000005478                NFCT_IRQHandler
 .text.UARTE0_UART0_IRQHandler
                0x00000000000056e4       0x24 Output/nfc_writable_ndef_msg_pca10040 Debug/Obj/nrfx_prs.o
                0x00000000000056e4                UARTE0_UART0_IRQHandler
 .text.prs_box_get
                0x0000000000005708       0x20 Output/nfc_writable_ndef_msg_pca10040 Debug/Obj/nrfx_prs.o
 .text.nrfx_prs_acquire
                0x0000000000005728       0x74 Output/nfc_writable_ndef_msg_pca10040 Debug/Obj/nrfx_prs.o
                0x0000000000005728                nrfx_prs_acquire
 .text.nrfx_prs_release
                0x000000000000579c       0x3c Output/nfc_writable_ndef_msg_pca10040 Debug/Obj/nrfx_prs.o
                0x000000000000579c                nrfx_prs_release
 .text.NVIC_EnableIRQ
                0x00000000000057d8       0x2c Output/nfc_writable_ndef_msg_pca10040 Debug/Obj/nrfx_timer.o
 .text.NVIC_SetPriority
                0x0000000000005804       0x50 Output/nfc_writable_ndef_msg_pca10040 Debug/Obj/nrfx_timer.o
 .text.nrfx_get_irq_number
                0x0000000000005854       0x10 Output/nfc_writable_ndef_msg_pca10040 Debug/Obj/nrfx_timer.o
 .text._NRFX_IRQ_PRIORITY_SET
                0x0000000000005864       0x40 Output/nfc_writable_ndef_msg_pca10040 Debug/Obj/nrfx_timer.o
 .text._NRFX_IRQ_ENABLE
                0x00000000000058a4       0x1c Output/nfc_writable_ndef_msg_pca10040 Debug/Obj/nrfx_timer.o
 .text.nrf_timer_task_trigger
                0x00000000000058c0       0x1c Output/nfc_writable_ndef_msg_pca10040 Debug/Obj/nrfx_timer.o
 .text.nrf_timer_event_clear
                0x00000000000058dc       0x2a Output/nfc_writable_ndef_msg_pca10040 Debug/Obj/nrfx_timer.o
 .text.nrf_timer_event_check
                0x0000000000005906       0x24 Output/nfc_writable_ndef_msg_pca10040 Debug/Obj/nrfx_timer.o
 .text.nrf_timer_shorts_enable
                0x000000000000592a       0x1c Output/nfc_writable_ndef_msg_pca10040 Debug/Obj/nrfx_timer.o
 .text.nrf_timer_shorts_disable
                0x0000000000005946       0x1e Output/nfc_writable_ndef_msg_pca10040 Debug/Obj/nrfx_timer.o
 .text.nrf_timer_int_enable
                0x0000000000005964       0x14 Output/nfc_writable_ndef_msg_pca10040 Debug/Obj/nrfx_timer.o
 .text.nrf_timer_int_disable
                0x0000000000005978       0x14 Output/nfc_writable_ndef_msg_pca10040 Debug/Obj/nrfx_timer.o
 .text.nrf_timer_int_enable_check
                0x000000000000598c       0x20 Output/nfc_writable_ndef_msg_pca10040 Debug/Obj/nrfx_timer.o
 .text.nrf_timer_mode_set
                0x00000000000059ac       0x2a Output/nfc_writable_ndef_msg_pca10040 Debug/Obj/nrfx_timer.o
 .text.nrf_timer_bit_width_set
                0x00000000000059d6       0x2a Output/nfc_writable_ndef_msg_pca10040 Debug/Obj/nrfx_timer.o
 .text.nrf_timer_frequency_set
                0x0000000000005a00       0x2a Output/nfc_writable_ndef_msg_pca10040 Debug/Obj/nrfx_timer.o
 .text.nrf_timer_cc_write
                0x0000000000005a2a       0x22 Output/nfc_writable_ndef_msg_pca10040 Debug/Obj/nrfx_timer.o
 .text.nrf_timer_compare_event_get
                0x0000000000005a4c       0x14 Output/nfc_writable_ndef_msg_pca10040 Debug/Obj/nrfx_timer.o
 .text.nrf_timer_compare_int_get
                0x0000000000005a60       0x14 Output/nfc_writable_ndef_msg_pca10040 Debug/Obj/nrfx_timer.o
 .text.nrfx_timer_init
                0x0000000000005a74      0x1f8 Output/nfc_writable_ndef_msg_pca10040 Debug/Obj/nrfx_timer.o
                0x0000000000005a74                nrfx_timer_init
 .text.nrfx_timer_enable
                0x0000000000005c6c       0x5c Output/nfc_writable_ndef_msg_pca10040 Debug/Obj/nrfx_timer.o
                0x0000000000005c6c                nrfx_timer_enable
 .text.nrfx_timer_disable
                0x0000000000005cc8       0x5c Output/nfc_writable_ndef_msg_pca10040 Debug/Obj/nrfx_timer.o
                0x0000000000005cc8                nrfx_timer_disable
 .text.nrfx_timer_clear
                0x0000000000005d24       0x44 Output/nfc_writable_ndef_msg_pca10040 Debug/Obj/nrfx_timer.o
                0x0000000000005d24                nrfx_timer_clear
 .text.nrfx_timer_compare
                0x0000000000005d68       0x72 Output/nfc_writable_ndef_msg_pca10040 Debug/Obj/nrfx_timer.o
                0x0000000000005d68                nrfx_timer_compare
 .text.nrfx_timer_extended_compare
                0x0000000000005dda       0x5e Output/nfc_writable_ndef_msg_pca10040 Debug/Obj/nrfx_timer.o
                0x0000000000005dda                nrfx_timer_extended_compare
 .text.irq_handler
                0x0000000000005e38       0x8c Output/nfc_writable_ndef_msg_pca10040 Debug/Obj/nrfx_timer.o
 .text.TIMER4_IRQHandler
                0x0000000000005ec4       0x18 Output/nfc_writable_ndef_msg_pca10040 Debug/Obj/nrfx_timer.o
                0x0000000000005ec4                TIMER4_IRQHandler
 .text.NVIC_EnableIRQ
                0x0000000000005edc       0x2c Output/nfc_writable_ndef_msg_pca10040 Debug/Obj/nrfx_uart.o
 .text.NVIC_DisableIRQ
                0x0000000000005f08       0x30 Output/nfc_writable_ndef_msg_pca10040 Debug/Obj/nrfx_uart.o
 .text.NVIC_SetPriority
                0x0000000000005f38       0x50 Output/nfc_writable_ndef_msg_pca10040 Debug/Obj/nrfx_uart.o
 .text.nrfx_get_irq_number
                0x0000000000005f88       0x10 Output/nfc_writable_ndef_msg_pca10040 Debug/Obj/nrfx_uart.o
 .text._NRFX_IRQ_PRIORITY_SET
                0x0000000000005f98       0x40 Output/nfc_writable_ndef_msg_pca10040 Debug/Obj/nrfx_uart.o
 .text._NRFX_IRQ_ENABLE
                0x0000000000005fd8       0x1c Output/nfc_writable_ndef_msg_pca10040 Debug/Obj/nrfx_uart.o
 .text._NRFX_IRQ_DISABLE
                0x0000000000005ff4       0x1c Output/nfc_writable_ndef_msg_pca10040 Debug/Obj/nrfx_uart.o
 .text.nrf_uart_event_clear
                0x0000000000006010       0x2a Output/nfc_writable_ndef_msg_pca10040 Debug/Obj/nrfx_uart.o
 .text.nrf_uart_event_check
                0x000000000000603a       0x24 Output/nfc_writable_ndef_msg_pca10040 Debug/Obj/nrfx_uart.o
 .text.nrf_uart_int_enable
                0x000000000000605e       0x14 Output/nfc_writable_ndef_msg_pca10040 Debug/Obj/nrfx_uart.o
 .text.nrf_uart_int_enable_check
                0x0000000000006072       0x20 Output/nfc_writable_ndef_msg_pca10040 Debug/Obj/nrfx_uart.o
 .text.nrf_uart_int_disable
                0x0000000000006092       0x14 Output/nfc_writable_ndef_msg_pca10040 Debug/Obj/nrfx_uart.o
 .text.nrf_uart_errorsrc_get_and_clear
                0x00000000000060a6       0x1c Output/nfc_writable_ndef_msg_pca10040 Debug/Obj/nrfx_uart.o
 .text.nrf_uart_enable
                0x00000000000060c2       0x12 Output/nfc_writable_ndef_msg_pca10040 Debug/Obj/nrfx_uart.o
 .text.nrf_uart_disable
                0x00000000000060d4       0x12 Output/nfc_writable_ndef_msg_pca10040 Debug/Obj/nrfx_uart.o
 .text.nrf_uart_txrx_pins_set
                0x00000000000060e6       0x1e Output/nfc_writable_ndef_msg_pca10040 Debug/Obj/nrfx_uart.o
 .text.nrf_uart_txrx_pins_disconnect
                0x0000000000006104       0x1c Output/nfc_writable_ndef_msg_pca10040 Debug/Obj/nrfx_uart.o
 .text.nrf_uart_tx_pin_get
                0x0000000000006120       0x10 Output/nfc_writable_ndef_msg_pca10040 Debug/Obj/nrfx_uart.o
 .text.nrf_uart_rx_pin_get
                0x0000000000006130       0x10 Output/nfc_writable_ndef_msg_pca10040 Debug/Obj/nrfx_uart.o
 .text.nrf_uart_rts_pin_get
                0x0000000000006140       0x10 Output/nfc_writable_ndef_msg_pca10040 Debug/Obj/nrfx_uart.o
 .text.nrf_uart_cts_pin_get
                0x0000000000006150       0x10 Output/nfc_writable_ndef_msg_pca10040 Debug/Obj/nrfx_uart.o
 .text.nrf_uart_hwfc_pins_set
                0x0000000000006160       0x1e Output/nfc_writable_ndef_msg_pca10040 Debug/Obj/nrfx_uart.o
 .text.nrf_uart_hwfc_pins_disconnect
                0x000000000000617e       0x1c Output/nfc_writable_ndef_msg_pca10040 Debug/Obj/nrfx_uart.o
 .text.nrf_uart_rxd_get
                0x000000000000619a       0x12 Output/nfc_writable_ndef_msg_pca10040 Debug/Obj/nrfx_uart.o
 .text.nrf_uart_txd_set
                0x00000000000061ac       0x1a Output/nfc_writable_ndef_msg_pca10040 Debug/Obj/nrfx_uart.o
 .text.nrf_uart_task_trigger
                0x00000000000061c6       0x1c Output/nfc_writable_ndef_msg_pca10040 Debug/Obj/nrfx_uart.o
 .text.nrf_uart_configure
                0x00000000000061e2       0x2a Output/nfc_writable_ndef_msg_pca10040 Debug/Obj/nrfx_uart.o
 .text.nrf_uart_baudrate_set
                0x000000000000620c       0x14 Output/nfc_writable_ndef_msg_pca10040 Debug/Obj/nrfx_uart.o
 .text.nrf_gpio_pin_port_decode
                0x0000000000006220       0x28 Output/nfc_writable_ndef_msg_pca10040 Debug/Obj/nrfx_uart.o
 .text.nrf_gpio_cfg
                0x0000000000006248       0x62 Output/nfc_writable_ndef_msg_pca10040 Debug/Obj/nrfx_uart.o
 .text.nrf_gpio_cfg_output
                0x00000000000062aa       0x22 Output/nfc_writable_ndef_msg_pca10040 Debug/Obj/nrfx_uart.o
 .text.nrf_gpio_cfg_input
                0x00000000000062cc       0x2c Output/nfc_writable_ndef_msg_pca10040 Debug/Obj/nrfx_uart.o
 .text.nrf_gpio_cfg_default
                0x00000000000062f8       0x22 Output/nfc_writable_ndef_msg_pca10040 Debug/Obj/nrfx_uart.o
 .text.nrf_gpio_pin_set
                0x000000000000631a       0x28 Output/nfc_writable_ndef_msg_pca10040 Debug/Obj/nrfx_uart.o
 .text.nrf_gpio_port_out_set
                0x0000000000006342       0x14 Output/nfc_writable_ndef_msg_pca10040 Debug/Obj/nrfx_uart.o
 .text.apply_config
                0x0000000000006356       0xc6 Output/nfc_writable_ndef_msg_pca10040 Debug/Obj/nrfx_uart.o
 .text.interrupts_enable
                0x000000000000641c       0x6c Output/nfc_writable_ndef_msg_pca10040 Debug/Obj/nrfx_uart.o
 .text.interrupts_disable
                0x0000000000006488       0x30 Output/nfc_writable_ndef_msg_pca10040 Debug/Obj/nrfx_uart.o
 .text.pins_to_default
                0x00000000000064b8       0x8a Output/nfc_writable_ndef_msg_pca10040 Debug/Obj/nrfx_uart.o
 *fill*         0x0000000000006542        0x2 
 .text.nrfx_uart_init
                0x0000000000006544       0xd4 Output/nfc_writable_ndef_msg_pca10040 Debug/Obj/nrfx_uart.o
                0x0000000000006544                nrfx_uart_init
 .text.nrfx_uart_uninit
                0x0000000000006618       0x5c Output/nfc_writable_ndef_msg_pca10040 Debug/Obj/nrfx_uart.o
                0x0000000000006618                nrfx_uart_uninit
 .text.tx_byte  0x0000000000006674       0x40 Output/nfc_writable_ndef_msg_pca10040 Debug/Obj/nrfx_uart.o
 .text.tx_blocking
                0x00000000000066b4       0x52 Output/nfc_writable_ndef_msg_pca10040 Debug/Obj/nrfx_uart.o
 *fill*         0x0000000000006706        0x2 
 .text.nrfx_uart_tx
                0x0000000000006708      0x110 Output/nfc_writable_ndef_msg_pca10040 Debug/Obj/nrfx_uart.o
                0x0000000000006708                nrfx_uart_tx
 .text.nrfx_uart_tx_in_progress
                0x0000000000006818       0x2c Output/nfc_writable_ndef_msg_pca10040 Debug/Obj/nrfx_uart.o
                0x0000000000006818                nrfx_uart_tx_in_progress
 .text.rx_byte  0x0000000000006844       0x4e Output/nfc_writable_ndef_msg_pca10040 Debug/Obj/nrfx_uart.o
 .text.rx_done_event
                0x0000000000006892       0x2e Output/nfc_writable_ndef_msg_pca10040 Debug/Obj/nrfx_uart.o
 .text.tx_done_event
                0x00000000000068c0       0x34 Output/nfc_writable_ndef_msg_pca10040 Debug/Obj/nrfx_uart.o
 .text.uart_irq_handler
                0x00000000000068f4      0x1de Output/nfc_writable_ndef_msg_pca10040 Debug/Obj/nrfx_uart.o
 *fill*         0x0000000000006ad2        0x2 
 .text.nrfx_uart_0_irq_handler
                0x0000000000006ad4       0x18 Output/nfc_writable_ndef_msg_pca10040 Debug/Obj/nrfx_uart.o
                0x0000000000006ad4                nrfx_uart_0_irq_handler
 .text.NVIC_EnableIRQ
                0x0000000000006aec       0x2c Output/nfc_writable_ndef_msg_pca10040 Debug/Obj/nrfx_uarte.o
 .text.NVIC_DisableIRQ
                0x0000000000006b18       0x30 Output/nfc_writable_ndef_msg_pca10040 Debug/Obj/nrfx_uarte.o
 .text.NVIC_SetPriority
                0x0000000000006b48       0x50 Output/nfc_writable_ndef_msg_pca10040 Debug/Obj/nrfx_uarte.o
 .text.nrfx_is_in_ram
                0x0000000000006b98       0x1c Output/nfc_writable_ndef_msg_pca10040 Debug/Obj/nrfx_uarte.o
 .text.nrfx_get_irq_number
                0x0000000000006bb4       0x10 Output/nfc_writable_ndef_msg_pca10040 Debug/Obj/nrfx_uarte.o
 .text._NRFX_IRQ_PRIORITY_SET
                0x0000000000006bc4       0x40 Output/nfc_writable_ndef_msg_pca10040 Debug/Obj/nrfx_uarte.o
 .text._NRFX_IRQ_ENABLE
                0x0000000000006c04       0x1c Output/nfc_writable_ndef_msg_pca10040 Debug/Obj/nrfx_uarte.o
 .text._NRFX_IRQ_DISABLE
                0x0000000000006c20       0x1c Output/nfc_writable_ndef_msg_pca10040 Debug/Obj/nrfx_uarte.o
 .text.nrf_uarte_event_clear
                0x0000000000006c3c       0x2a Output/nfc_writable_ndef_msg_pca10040 Debug/Obj/nrfx_uarte.o
 .text.nrf_uarte_event_check
                0x0000000000006c66       0x24 Output/nfc_writable_ndef_msg_pca10040 Debug/Obj/nrfx_uarte.o
 .text.nrf_uarte_shorts_disable
                0x0000000000006c8a       0x1e Output/nfc_writable_ndef_msg_pca10040 Debug/Obj/nrfx_uarte.o
 .text.nrf_uarte_int_enable
                0x0000000000006ca8       0x14 Output/nfc_writable_ndef_msg_pca10040 Debug/Obj/nrfx_uarte.o
 .text.nrf_uarte_int_disable
                0x0000000000006cbc       0x14 Output/nfc_writable_ndef_msg_pca10040 Debug/Obj/nrfx_uarte.o
 .text.nrf_uarte_errorsrc_get_and_clear
                0x0000000000006cd0       0x1c Output/nfc_writable_ndef_msg_pca10040 Debug/Obj/nrfx_uarte.o
 .text.nrf_uarte_enable
                0x0000000000006cec       0x12 Output/nfc_writable_ndef_msg_pca10040 Debug/Obj/nrfx_uarte.o
 .text.nrf_uarte_disable
                0x0000000000006cfe       0x12 Output/nfc_writable_ndef_msg_pca10040 Debug/Obj/nrfx_uarte.o
 .text.nrf_uarte_txrx_pins_set
                0x0000000000006d10       0x1e Output/nfc_writable_ndef_msg_pca10040 Debug/Obj/nrfx_uarte.o
 .text.nrf_uarte_txrx_pins_disconnect
                0x0000000000006d2e       0x1c Output/nfc_writable_ndef_msg_pca10040 Debug/Obj/nrfx_uarte.o
 .text.nrf_uarte_tx_pin_get
                0x0000000000006d4a       0x10 Output/nfc_writable_ndef_msg_pca10040 Debug/Obj/nrfx_uarte.o
 .text.nrf_uarte_rx_pin_get
                0x0000000000006d5a       0x10 Output/nfc_writable_ndef_msg_pca10040 Debug/Obj/nrfx_uarte.o
 .text.nrf_uarte_rts_pin_get
                0x0000000000006d6a       0x10 Output/nfc_writable_ndef_msg_pca10040 Debug/Obj/nrfx_uarte.o
 .text.nrf_uarte_cts_pin_get
                0x0000000000006d7a       0x10 Output/nfc_writable_ndef_msg_pca10040 Debug/Obj/nrfx_uarte.o
 .text.nrf_uarte_hwfc_pins_set
                0x0000000000006d8a       0x1e Output/nfc_writable_ndef_msg_pca10040 Debug/Obj/nrfx_uarte.o
 .text.nrf_uarte_hwfc_pins_disconnect
                0x0000000000006da8       0x1c Output/nfc_writable_ndef_msg_pca10040 Debug/Obj/nrfx_uarte.o
 .text.nrf_uarte_task_trigger
                0x0000000000006dc4       0x1c Output/nfc_writable_ndef_msg_pca10040 Debug/Obj/nrfx_uarte.o
 .text.nrf_uarte_configure
                0x0000000000006de0       0x2a Output/nfc_writable_ndef_msg_pca10040 Debug/Obj/nrfx_uarte.o
 .text.nrf_uarte_baudrate_set
                0x0000000000006e0a       0x14 Output/nfc_writable_ndef_msg_pca10040 Debug/Obj/nrfx_uarte.o
 .text.nrf_uarte_tx_buffer_set
                0x0000000000006e1e       0x1e Output/nfc_writable_ndef_msg_pca10040 Debug/Obj/nrfx_uarte.o
 .text.nrf_uarte_tx_amount_get
                0x0000000000006e3c       0x10 Output/nfc_writable_ndef_msg_pca10040 Debug/Obj/nrfx_uarte.o
 .text.nrf_uarte_rx_amount_get
                0x0000000000006e4c       0x10 Output/nfc_writable_ndef_msg_pca10040 Debug/Obj/nrfx_uarte.o
 .text.nrf_gpio_pin_port_decode
                0x0000000000006e5c       0x28 Output/nfc_writable_ndef_msg_pca10040 Debug/Obj/nrfx_uarte.o
 .text.nrf_gpio_cfg
                0x0000000000006e84       0x62 Output/nfc_writable_ndef_msg_pca10040 Debug/Obj/nrfx_uarte.o
 .text.nrf_gpio_cfg_output
                0x0000000000006ee6       0x22 Output/nfc_writable_ndef_msg_pca10040 Debug/Obj/nrfx_uarte.o
 .text.nrf_gpio_cfg_input
                0x0000000000006f08       0x2c Output/nfc_writable_ndef_msg_pca10040 Debug/Obj/nrfx_uarte.o
 .text.nrf_gpio_cfg_default
                0x0000000000006f34       0x22 Output/nfc_writable_ndef_msg_pca10040 Debug/Obj/nrfx_uarte.o
 .text.nrf_gpio_pin_set
                0x0000000000006f56       0x28 Output/nfc_writable_ndef_msg_pca10040 Debug/Obj/nrfx_uarte.o
 .text.nrf_gpio_port_out_set
                0x0000000000006f7e       0x14 Output/nfc_writable_ndef_msg_pca10040 Debug/Obj/nrfx_uarte.o
 .text.apply_config
                0x0000000000006f92       0xc6 Output/nfc_writable_ndef_msg_pca10040 Debug/Obj/nrfx_uarte.o
 .text.interrupts_enable
                0x0000000000007058       0x98 Output/nfc_writable_ndef_msg_pca10040 Debug/Obj/nrfx_uarte.o
 .text.interrupts_disable
                0x00000000000070f0       0x30 Output/nfc_writable_ndef_msg_pca10040 Debug/Obj/nrfx_uarte.o
 .text.pins_to_default
                0x0000000000007120       0x8a Output/nfc_writable_ndef_msg_pca10040 Debug/Obj/nrfx_uarte.o
 *fill*         0x00000000000071aa        0x2 
 .text.nrfx_uarte_init
                0x00000000000071ac       0xcc Output/nfc_writable_ndef_msg_pca10040 Debug/Obj/nrfx_uarte.o
                0x00000000000071ac                nrfx_uarte_init
 .text.nrfx_uarte_uninit
                0x0000000000007278       0xac Output/nfc_writable_ndef_msg_pca10040 Debug/Obj/nrfx_uarte.o
                0x0000000000007278                nrfx_uarte_uninit
 .text.nrfx_uarte_tx
                0x0000000000007324      0x17c Output/nfc_writable_ndef_msg_pca10040 Debug/Obj/nrfx_uarte.o
                0x0000000000007324                nrfx_uarte_tx
 .text.nrfx_uarte_tx_in_progress
                0x00000000000074a0       0x30 Output/nfc_writable_ndef_msg_pca10040 Debug/Obj/nrfx_uarte.o
                0x00000000000074a0                nrfx_uarte_tx_in_progress
 .text.rx_done_event
                0x00000000000074d0       0x2e Output/nfc_writable_ndef_msg_pca10040 Debug/Obj/nrfx_uarte.o
 .text.tx_done_event
                0x00000000000074fe       0x34 Output/nfc_writable_ndef_msg_pca10040 Debug/Obj/nrfx_uarte.o
 .text.uarte_irq_handler
                0x0000000000007532      0x18c Output/nfc_writable_ndef_msg_pca10040 Debug/Obj/nrfx_uarte.o
 *fill*         0x00000000000076be        0x2 
 .text.nrfx_uarte_0_irq_handler
                0x00000000000076c0       0x18 Output/nfc_writable_ndef_msg_pca10040 Debug/Obj/nrfx_uarte.o
                0x00000000000076c0                nrfx_uarte_0_irq_handler
 .text.nfc_callback
                0x00000000000076d8       0x38 Output/nfc_writable_ndef_msg_pca10040 Debug/Obj/main.o
 .text.log_init
                0x0000000000007710       0x34 Output/nfc_writable_ndef_msg_pca10040 Debug/Obj/main.o
 .text.main     0x0000000000007744       0xa4 Output/nfc_writable_ndef_msg_pca10040 Debug/Obj/main.o
                0x0000000000007744                main
 .text.NVIC_SystemReset
                0x00000000000077e8       0x24 Output/nfc_writable_ndef_msg_pca10040 Debug/Obj/system_nrf52.o
 .text.SystemCoreClockUpdate
                0x000000000000780c       0x14 Output/nfc_writable_ndef_msg_pca10040 Debug/Obj/system_nrf52.o
                0x000000000000780c                SystemCoreClockUpdate
 .text.SystemInit
                0x0000000000007820      0x2d4 Output/nfc_writable_ndef_msg_pca10040 Debug/Obj/system_nrf52.o
                0x0000000000007820                SystemInit
 .text.errata_12
                0x0000000000007af4       0x58 Output/nfc_writable_ndef_msg_pca10040 Debug/Obj/system_nrf52.o
 .text.errata_16
                0x0000000000007b4c       0x38 Output/nfc_writable_ndef_msg_pca10040 Debug/Obj/system_nrf52.o
 .text.errata_31
                0x0000000000007b84       0x58 Output/nfc_writable_ndef_msg_pca10040 Debug/Obj/system_nrf52.o
 .text.errata_32
                0x0000000000007bdc       0x38 Output/nfc_writable_ndef_msg_pca10040 Debug/Obj/system_nrf52.o
 .text.errata_36
                0x0000000000007c14       0x58 Output/nfc_writable_ndef_msg_pca10040 Debug/Obj/system_nrf52.o
 .text.errata_37
                0x0000000000007c6c       0x38 Output/nfc_writable_ndef_msg_pca10040 Debug/Obj/system_nrf52.o
 .text.errata_57
                0x0000000000007ca4       0x38 Output/nfc_writable_ndef_msg_pca10040 Debug/Obj/system_nrf52.o
 .text.errata_66
                0x0000000000007cdc       0x38 Output/nfc_writable_ndef_msg_pca10040 Debug/Obj/system_nrf52.o
 .text.errata_108
                0x0000000000007d14       0x58 Output/nfc_writable_ndef_msg_pca10040 Debug/Obj/system_nrf52.o
 .text.errata_136
                0x0000000000007d6c       0x58 Output/nfc_writable_ndef_msg_pca10040 Debug/Obj/system_nrf52.o
 .text.errata_182
                0x0000000000007dc4       0x24 Output/nfc_writable_ndef_msg_pca10040 Debug/Obj/system_nrf52.o
 .text.clock_event_handler
                0x0000000000007de8       0x24 Output/nfc_writable_ndef_msg_pca10040 Debug/Obj/nfc_platform.o
 .text.nfc_platform_setup
                0x0000000000007e0c       0x40 Output/nfc_writable_ndef_msg_pca10040 Debug/Obj/nfc_platform.o
                0x0000000000007e0c                nfc_platform_setup
 .text.nfc_platform_event_handler
                0x0000000000007e4c       0x30 Output/nfc_writable_ndef_msg_pca10040 Debug/Obj/nfc_platform.o
                0x0000000000007e4c                nfc_platform_event_handler
 .text.nfc_t4t_ndef_rwpayload_set
                0x0000000000007e7c       0x58 ../../../../../../components/nfc/t4t_lib/nfc_t4t_lib_gcc.a(nfc_t4t_lib.c.o)
                0x0000000000007e7c                nfc_t4t_ndef_rwpayload_set
 .text.nfcHandle7816Select
                0x0000000000007ed4       0x8c ../../../../../../components/nfc/t4t_lib/nfc_t4t_lib_gcc.a(nfc_t4t_lib.c.o)
                0x0000000000007ed4                nfcHandle7816Select
 .text.nfcHandle7816Update
                0x0000000000007f60       0xac ../../../../../../components/nfc/t4t_lib/nfc_t4t_lib_gcc.a(nfc_t4t_lib.c.o)
                0x0000000000007f60                nfcHandle7816Update
 .text.nfcHandle7816ChainUpdate
                0x000000000000800c       0x88 ../../../../../../components/nfc/t4t_lib/nfc_t4t_lib_gcc.a(nfc_t4t_lib.c.o)
                0x000000000000800c                nfcHandle7816ChainUpdate
 .text.nfcHandleEvDataIndication
                0x0000000000008094       0xf4 ../../../../../../components/nfc/t4t_lib/nfc_t4t_lib_gcc.a(nfc_t4t_lib.c.o)
                0x0000000000008094                nfcHandleEvDataIndication
 .text.isodepCallback
                0x0000000000008188       0xc4 ../../../../../../components/nfc/t4t_lib/nfc_t4t_lib_gcc.a(nfc_t4t_lib.c.o)
                0x0000000000008188                isodepCallback
 .text.nfc_t4t_setup
                0x000000000000824c       0x74 ../../../../../../components/nfc/t4t_lib/nfc_t4t_lib_gcc.a(nfc_t4t_lib.c.o)
                0x000000000000824c                nfc_t4t_setup
 .text.nfc_t4t_emulation_start
                0x00000000000082c0       0x24 ../../../../../../components/nfc/t4t_lib/nfc_t4t_lib_gcc.a(nfc_t4t_lib.c.o)
                0x00000000000082c0                nfc_t4t_emulation_start
 .text.nrfx_nfct_evt_handler
                0x00000000000082e4      0x184 ../../../../../../components/nfc/t4t_lib/nfc_t4t_lib_gcc.a(nfc_t4t_lib_al.c.o)
 .text.nfc_t4t_lib_al_setup
                0x0000000000008468       0x7c ../../../../../../components/nfc/t4t_lib/nfc_t4t_lib_gcc.a(nfc_t4t_lib_al.c.o)
                0x0000000000008468                nfc_t4t_lib_al_setup
 .text.nfc_t4t_lib_al_parameter_set
                0x00000000000084e4       0xcc ../../../../../../components/nfc/t4t_lib/nfc_t4t_lib_gcc.a(nfc_t4t_lib_al.c.o)
                0x00000000000084e4                nfc_t4t_lib_al_parameter_set
 .text.nfc_t4t_lib_al_start
                0x00000000000085b0        0x4 ../../../../../../components/nfc/t4t_lib/nfc_t4t_lib_gcc.a(nfc_t4t_lib_al.c.o)
                0x00000000000085b0                nfc_t4t_lib_al_start
 .text.nfc_t4t_lib_al_send
                0x00000000000085b4       0x1c ../../../../../../components/nfc/t4t_lib/nfc_t4t_lib_gcc.a(nfc_t4t_lib_al.c.o)
                0x00000000000085b4                nfc_t4t_lib_al_send
 .text.isodepTransmit
                0x00000000000085d0      0x12c ../../../../../../components/nfc/t4t_lib/nfc_t4t_lib_gcc.a(isodepmsg.c.o)
                0x00000000000085d0                isodepTransmit
 .text.isodepSetup
                0x00000000000086fc       0x70 ../../../../../../components/nfc/t4t_lib/nfc_t4t_lib_gcc.a(isodepmsg.c.o)
                0x00000000000086fc                isodepSetup
 .text.isodepSendChunk
                0x000000000000876c      0x108 ../../../../../../components/nfc/t4t_lib/nfc_t4t_lib_gcc.a(isodepmsg.c.o)
                0x000000000000876c                isodepSendChunk
 .text.isodepSendATS
                0x0000000000008874       0x80 ../../../../../../components/nfc/t4t_lib/nfc_t4t_lib_gcc.a(isodepmsg.c.o)
                0x0000000000008874                isodepSendATS
 .text.isodepSetWtx
                0x00000000000088f4       0x4c ../../../../../../components/nfc/t4t_lib/nfc_t4t_lib_gcc.a(isodepmsg.c.o)
                0x00000000000088f4                isodepSetWtx
 .text.isodepSendAck
                0x0000000000008940       0x34 ../../../../../../components/nfc/t4t_lib/nfc_t4t_lib_gcc.a(isodepmsg.c.o)
                0x0000000000008940                isodepSendAck
 .text.isodepHandleDeselect
                0x0000000000008974       0x74 ../../../../../../components/nfc/t4t_lib/nfc_t4t_lib_gcc.a(isodepmsg.c.o)
                0x0000000000008974                isodepHandleDeselect
 .text.alNfcCallback
                0x00000000000089e8      0x37c ../../../../../../components/nfc/t4t_lib/nfc_t4t_lib_gcc.a(isodepmsg.c.o)
                0x00000000000089e8                alNfcCallback
 .text.libc.__RAL_ascii_isctype
                0x0000000000008d64       0x1c D:/Programas/SEGGER/SEGGER Embedded Studio for ARM 4.30b/lib/libc_v7em_fpv4_sp_d16_hard_t_le_eabi.a(libc2.o)
 .text.libc.__RAL_ascii_toupper
                0x0000000000008d80        0xc D:/Programas/SEGGER/SEGGER Embedded Studio for ARM 4.30b/lib/libc_v7em_fpv4_sp_d16_hard_t_le_eabi.a(libc2.o)
 .text.libc.__RAL_ascii_tolower
                0x0000000000008d8c        0xc D:/Programas/SEGGER/SEGGER Embedded Studio for ARM 4.30b/lib/libc_v7em_fpv4_sp_d16_hard_t_le_eabi.a(libc2.o)
 .text.libc.__RAL_ascii_iswctype
                0x0000000000008d98       0x1c D:/Programas/SEGGER/SEGGER Embedded Studio for ARM 4.30b/lib/libc_v7em_fpv4_sp_d16_hard_t_le_eabi.a(libc2.o)
 .text.libc.__RAL_ascii_towupper
                0x0000000000008db4        0xc D:/Programas/SEGGER/SEGGER Embedded Studio for ARM 4.30b/lib/libc_v7em_fpv4_sp_d16_hard_t_le_eabi.a(libc2.o)
 .text.libc.__RAL_ascii_towlower
                0x0000000000008dc0        0xc D:/Programas/SEGGER/SEGGER Embedded Studio for ARM 4.30b/lib/libc_v7em_fpv4_sp_d16_hard_t_le_eabi.a(libc2.o)
 .text.libc.__RAL_ascii_wctomb
                0x0000000000008dcc        0xe D:/Programas/SEGGER/SEGGER Embedded Studio for ARM 4.30b/lib/libc_v7em_fpv4_sp_d16_hard_t_le_eabi.a(libc2.o)
                0x0000000000008dcc                __RAL_ascii_wctomb
 .text.libc.__RAL_ascii_mbtowc
                0x0000000000008dda       0x24 D:/Programas/SEGGER/SEGGER Embedded Studio for ARM 4.30b/lib/libc_v7em_fpv4_sp_d16_hard_t_le_eabi.a(libc2.o)
                0x0000000000008dda                __RAL_ascii_mbtowc
 *fill*         0x0000000000008dfe        0x2 
 .text.libc.__RAL_isctype
                0x0000000000008e00       0x14 D:/Programas/SEGGER/SEGGER Embedded Studio for ARM 4.30b/lib/libc_v7em_fpv4_sp_d16_hard_t_le_eabi.a(libc2.o)
                0x0000000000008e00                __RAL_isctype
 .text.libc.isprint
                0x0000000000008e14        0xa D:/Programas/SEGGER/SEGGER Embedded Studio for ARM 4.30b/lib/libc_v7em_fpv4_sp_d16_hard_t_le_eabi.a(libc2.o)
                0x0000000000008e14                isprint
 .text.libc.memcmp
                0x0000000000008e1e       0x76 D:/Programas/SEGGER/SEGGER Embedded Studio for ARM 4.30b/lib/libc_v7em_fpv4_sp_d16_hard_t_le_eabi.a(libc2.o)
                0x0000000000008e1e                memcmp
 .text.libc.memcpy
                0x0000000000008e94       0x52 D:/Programas/SEGGER/SEGGER Embedded Studio for ARM 4.30b/lib/libc_v7em_fpv4_sp_d16_hard_t_le_eabi.a(libc2_asm.o)
                0x0000000000008e94                __aeabi_memcpy
                0x0000000000008e94                memcpy
                0x0000000000008ea0                __aeabi_memcpy8
                0x0000000000008ea0                __aeabi_memcpy4
 .text.libc.memset
                0x0000000000008ee6       0x66 D:/Programas/SEGGER/SEGGER Embedded Studio for ARM 4.30b/lib/libc_v7em_fpv4_sp_d16_hard_t_le_eabi.a(libc2_asm.o)
                0x0000000000008ee6                memset
 .text.libc.strlen
                0x0000000000008f4c       0x60 D:/Programas/SEGGER/SEGGER Embedded Studio for ARM 4.30b/lib/libc_v7em_fpv4_sp_d16_hard_t_le_eabi.a(libc2_asm.o)
                0x0000000000008f4c                strlen
                0x0000000000008fac                __text_end__ = (__text_start__ + SIZEOF (.text))
                0x0000000000008bdc                __text_size__ = SIZEOF (.text)
                0x0000000000008fac                __text_load_end__ = __text_end__

.vfp11_veneer   0x0000000100000000        0x0
 .vfp11_veneer  0x0000000100000000        0x0 linker stubs

.v4_bx          0x0000000100000000        0x0
 .v4_bx         0x0000000100000000        0x0 linker stubs

.iplt           0x0000000100000000        0x0
 .iplt          0x0000000100000000        0x0 Output/nfc_writable_ndef_msg_pca10040 Debug/Obj/thumb_crt0.o
                0x0000000000000001                . = ASSERT (((__text_start__ == __text_end__) || ((__text_end__ - __FLASH_segment_start__) <= __FLASH_segment_size__)), error: .text is too large to fit in FLASH memory segment)
                0x0000000000008fac                __log_const_data_load_start__ = ALIGN (__text_end__, 0x4)

.log_const_data
                0x0000000000008fac       0x58
                0x0000000000008fac                __log_const_data_start__ = .
                0x0000000000008fac                __start_log_const_data = __log_const_data_start__
 *(SORT_BY_NAME(.log_const_data*))
 .log_const_data_CLOCK
                0x0000000000008fac        0x8 Output/nfc_writable_ndef_msg_pca10040 Debug/Obj/nrfx_clock.o
                0x0000000000008fac                m_nrf_log_CLOCK_logs_data_const
 .log_const_data_NFCT
                0x0000000000008fb4        0x8 Output/nfc_writable_ndef_msg_pca10040 Debug/Obj/nrfx_nfct.o
                0x0000000000008fb4                m_nrf_log_NFCT_logs_data_const
 .log_const_data_PRS
                0x0000000000008fbc        0x8 Output/nfc_writable_ndef_msg_pca10040 Debug/Obj/nrfx_prs.o
                0x0000000000008fbc                m_nrf_log_PRS_logs_data_const
 .log_const_data_TIMER
                0x0000000000008fc4        0x8 Output/nfc_writable_ndef_msg_pca10040 Debug/Obj/nrfx_timer.o
                0x0000000000008fc4                m_nrf_log_TIMER_logs_data_const
 .log_const_data_UART
                0x0000000000008fcc        0x8 Output/nfc_writable_ndef_msg_pca10040 Debug/Obj/nrfx_uart.o
                0x0000000000008fcc                m_nrf_log_UART_logs_data_const
 .log_const_data_UARTE
                0x0000000000008fd4        0x8 Output/nfc_writable_ndef_msg_pca10040 Debug/Obj/nrfx_uarte.o
                0x0000000000008fd4                m_nrf_log_UARTE_logs_data_const
 .log_const_data_app
                0x0000000000008fdc        0x8 Output/nfc_writable_ndef_msg_pca10040 Debug/Obj/nrf_log_frontend.o
                0x0000000000008fdc                m_nrf_log_app_logs_data_const
 .log_const_data_clock
                0x0000000000008fe4        0x8 Output/nfc_writable_ndef_msg_pca10040 Debug/Obj/nrf_drv_clock.o
                0x0000000000008fe4                m_nrf_log_clock_logs_data_const
 .log_const_data_hardfault
                0x0000000000008fec        0x8 Output/nfc_writable_ndef_msg_pca10040 Debug/Obj/hardfault_implementation.o
                0x0000000000008fec                m_nrf_log_hardfault_logs_data_const
 .log_const_data_ndef_file_m
                0x0000000000008ff4        0x8 Output/nfc_writable_ndef_msg_pca10040 Debug/Obj/ndef_file_m.o
                0x0000000000008ff4                m_nrf_log_ndef_file_m_logs_data_const
 .log_const_data_nrf_fstorage
                0x0000000000008ffc        0x8 Output/nfc_writable_ndef_msg_pca10040 Debug/Obj/nrf_fstorage.o
                0x0000000000008ffc                m_nrf_log_nrf_fstorage_logs_data_const
                0x0000000000009004                __log_const_data_end__ = (__log_const_data_start__ + SIZEOF (.log_const_data))
                0x0000000000000058                __log_const_data_size__ = SIZEOF (.log_const_data)
                0x0000000000009004                __stop_log_const_data = __log_const_data_end__
                0x0000000000009004                __log_const_data_load_end__ = __log_const_data_end__
                0x0000000000000001                . = ASSERT (((__log_const_data_start__ == __log_const_data_end__) || ((__log_const_data_end__ - __FLASH_segment_start__) <= __FLASH_segment_size__)), error: .log_const_data is too large to fit in FLASH memory segment)
                0x0000000000009004                __log_backends_load_start__ = ALIGN (__log_const_data_end__, 0x4)

.log_backends   0x0000000000009004       0x10
                0x0000000000009004                __log_backends_start__ = .
                0x0000000000009004                __start_log_backends = __log_backends_start__
 *(SORT_BY_NAME(.log_backends*))
 .log_backends  0x0000000000009004       0x10 Output/nfc_writable_ndef_msg_pca10040 Debug/Obj/nrf_log_default_backends.o
                0x0000000000009014                __log_backends_end__ = (__log_backends_start__ + SIZEOF (.log_backends))
                0x0000000000000010                __log_backends_size__ = SIZEOF (.log_backends)
                0x0000000000009014                __stop_log_backends = __log_backends_end__
                0x0000000000009014                __log_backends_load_end__ = __log_backends_end__
                0x0000000000000001                . = ASSERT (((__log_backends_start__ == __log_backends_end__) || ((__log_backends_end__ - __FLASH_segment_start__) <= __FLASH_segment_size__)), error: .log_backends is too large to fit in FLASH memory segment)
                0x0000000000009014                __nrf_balloc_load_start__ = ALIGN (__log_backends_end__, 0x4)

.nrf_balloc     0x0000000000009014       0x14
                0x0000000000009014                __nrf_balloc_start__ = .
                0x0000000000009014                __start_nrf_balloc = __nrf_balloc_start__
 *(.nrf_balloc*)
 .nrf_balloc    0x0000000000009014       0x14 Output/nfc_writable_ndef_msg_pca10040 Debug/Obj/nrf_log_frontend.o
                0x0000000000009014                log_mempool
                0x0000000000009028                __nrf_balloc_end__ = (__nrf_balloc_start__ + SIZEOF (.nrf_balloc))
                0x0000000000000014                __nrf_balloc_size__ = SIZEOF (.nrf_balloc)
                0x0000000000009028                __stop_nrf_balloc = __nrf_balloc_end__
                0x0000000000009028                __nrf_balloc_load_end__ = __nrf_balloc_end__
                0x0000000000000001                . = ASSERT (((__nrf_balloc_start__ == __nrf_balloc_end__) || ((__nrf_balloc_end__ - __FLASH_segment_start__) <= __FLASH_segment_size__)), error: .nrf_balloc is too large to fit in FLASH memory segment)
                0x0000000000009028                __nrf_sections_load_start__ = ALIGN (__nrf_balloc_end__, 0x4)

.nrf_sections   0x0000000000009028        0x0
                0x0000000000009028                __nrf_sections_start__ = .
                0x0000000000009028                __start_nrf_sections = __nrf_sections_start__
 *(.nrf_sections .nrf_sections.*)
                0x0000000000009028                __nrf_sections_end__ = (__nrf_sections_start__ + SIZEOF (.nrf_sections))
                0x0000000000000000                __nrf_sections_size__ = SIZEOF (.nrf_sections)
                0x0000000000009028                __nrf_sections_load_end__ = __nrf_sections_end__
                0x0000000000000001                . = ASSERT (((__nrf_sections_start__ == __nrf_sections_end__) || ((__nrf_sections_end__ - __FLASH_segment_start__) <= __FLASH_segment_size__)), error: .nrf_sections is too large to fit in FLASH memory segment)
                0x0000000000009028                __fs_data_load_start__ = ALIGN (__nrf_sections_end__, 0x4)

.fs_data        0x0000000020000000       0x14 load address 0x0000000000009028
                0x0000000020000000                __fs_data_start__ = .
 *(.fs_data*)
 .fs_data       0x0000000020000000       0x14 Output/nfc_writable_ndef_msg_pca10040 Debug/Obj/fds.o
                0x0000000020000000                m_fs
                0x0000000020000014                __fs_data_end__ = (__fs_data_start__ + SIZEOF (.fs_data))
                0x0000000000000014                __fs_data_size__ = SIZEOF (.fs_data)
                0x000000000000903c                __fs_data_load_end__ = (__fs_data_load_start__ + SIZEOF (.fs_data))
                0x0000000000000001                . = ASSERT (((__fs_data_load_start__ == __fs_data_load_end__) || ((__fs_data_load_end__ - __FLASH_segment_start__) <= __FLASH_segment_size__)), error: .fs_data is too large to fit in FLASH memory segment)

.fs_data_run    0x0000000020000000       0x14 load address 0x0000000000009028
                0x0000000020000000                __fs_data_run_start__ = .
                0x0000000020000000                __start_fs_data = __fs_data_run_start__
                0x0000000020000014                . = MAX ((__fs_data_run_start__ + SIZEOF (.fs_data)), .)
 *fill*         0x0000000020000000       0x14 
                0x0000000020000014                __fs_data_run_end__ = (__fs_data_run_start__ + SIZEOF (.fs_data_run))
                0x0000000000000014                __fs_data_run_size__ = SIZEOF (.fs_data_run)
                0x0000000020000014                __stop_fs_data = __fs_data_run_end__
                0x0000000020000014                __fs_data_run_load_end__ = __fs_data_run_end__
                0x0000000000000001                . = ASSERT (((__fs_data_run_start__ == __fs_data_run_end__) || ((__fs_data_run_end__ - __RAM_segment_start__) <= __RAM_segment_size__)), error: .fs_data_run is too large to fit in RAM memory segment)
                0x000000000000903c                __log_dynamic_data_load_start__ = ALIGN ((__fs_data_load_start__ + SIZEOF (.fs_data)), 0x4)

.log_dynamic_data
                0x0000000020000014        0x0 load address 0x000000000000903c
                0x0000000020000014                __log_dynamic_data_start__ = .
 *(SORT_BY_NAME(.log_dynamic_data*))
                0x0000000020000014                __log_dynamic_data_end__ = (__log_dynamic_data_start__ + SIZEOF (.log_dynamic_data))
                0x0000000000000000                __log_dynamic_data_size__ = SIZEOF (.log_dynamic_data)
                0x000000000000903c                __log_dynamic_data_load_end__ = (__log_dynamic_data_load_start__ + SIZEOF (.log_dynamic_data))
                0x0000000000000001                . = ASSERT (((__log_dynamic_data_load_start__ == __log_dynamic_data_load_end__) || ((__log_dynamic_data_load_end__ - __FLASH_segment_start__) <= __FLASH_segment_size__)), error: .log_dynamic_data is too large to fit in FLASH memory segment)

.log_dynamic_data_run
                0x0000000020000014        0x0
                0x0000000020000014                __log_dynamic_data_run_start__ = .
                0x0000000020000014                __start_log_dynamic_data = __log_dynamic_data_run_start__
                0x0000000020000014                . = MAX ((__log_dynamic_data_run_start__ + SIZEOF (.log_dynamic_data)), .)
                0x0000000020000014                __log_dynamic_data_run_end__ = (__log_dynamic_data_run_start__ + SIZEOF (.log_dynamic_data_run))
                0x0000000000000000                __log_dynamic_data_run_size__ = SIZEOF (.log_dynamic_data_run)
                0x0000000020000014                __stop_log_dynamic_data = __log_dynamic_data_run_end__
                0x0000000020000014                __log_dynamic_data_run_load_end__ = __log_dynamic_data_run_end__
                0x0000000000000001                . = ASSERT (((__log_dynamic_data_run_start__ == __log_dynamic_data_run_end__) || ((__log_dynamic_data_run_end__ - __RAM_segment_start__) <= __RAM_segment_size__)), error: .log_dynamic_data_run is too large to fit in RAM memory segment)
                0x000000000000903c                __log_filter_data_load_start__ = ALIGN ((__log_dynamic_data_load_start__ + SIZEOF (.log_dynamic_data)), 0x4)

.log_filter_data
                0x0000000020000014        0x0 load address 0x000000000000903c
                0x0000000020000014                __log_filter_data_start__ = .
 *(SORT_BY_NAME(.log_filter_data*))
                0x0000000020000014                __log_filter_data_end__ = (__log_filter_data_start__ + SIZEOF (.log_filter_data))
                0x0000000000000000                __log_filter_data_size__ = SIZEOF (.log_filter_data)
                0x000000000000903c                __log_filter_data_load_end__ = (__log_filter_data_load_start__ + SIZEOF (.log_filter_data))
                0x0000000000000001                . = ASSERT (((__log_filter_data_load_start__ == __log_filter_data_load_end__) || ((__log_filter_data_load_end__ - __FLASH_segment_start__) <= __FLASH_segment_size__)), error: .log_filter_data is too large to fit in FLASH memory segment)

.log_filter_data_run
                0x0000000020000014        0x0
                0x0000000020000014                __log_filter_data_run_start__ = .
                0x0000000020000014                __start_log_filter_data = __log_filter_data_run_start__
                0x0000000020000014                . = MAX ((__log_filter_data_run_start__ + SIZEOF (.log_filter_data)), .)
                0x0000000020000014                __log_filter_data_run_end__ = (__log_filter_data_run_start__ + SIZEOF (.log_filter_data_run))
                0x0000000000000000                __log_filter_data_run_size__ = SIZEOF (.log_filter_data_run)
                0x0000000020000014                __stop_log_filter_data = __log_filter_data_run_end__
                0x0000000020000014                __log_filter_data_run_load_end__ = __log_filter_data_run_end__
                0x0000000000000001                . = ASSERT (((__log_filter_data_run_start__ == __log_filter_data_run_end__) || ((__log_filter_data_run_end__ - __RAM_segment_start__) <= __RAM_segment_size__)), error: .log_filter_data_run is too large to fit in RAM memory segment)
                0x0000000020000014                __nrf_sections_run_end_load_start__ = ALIGN (__log_filter_data_run_end__, 0x4)

.nrf_sections_run_end
                0x0000000020000014        0x0
                0x0000000020000014                __nrf_sections_run_end_start__ = .
                0x0000000020000014                __end_nrf_sections_run = __nrf_sections_run_end_start__
 *(.nrf_sections_run_end .nrf_sections_run_end.*)
                0x0000000020000014                __nrf_sections_run_end_end__ = (__nrf_sections_run_end_start__ + SIZEOF (.nrf_sections_run_end))
                0x0000000000000000                __nrf_sections_run_end_size__ = SIZEOF (.nrf_sections_run_end)
                0x0000000020000014                __nrf_sections_run_end_load_end__ = __nrf_sections_run_end_end__
                0x0000000000000001                . = ASSERT (((__nrf_sections_run_end_start__ == __nrf_sections_run_end_end__) || ((__nrf_sections_run_end_end__ - __RAM_segment_start__) <= __RAM_segment_size__)), error: .nrf_sections_run_end is too large to fit in RAM memory segment)
                0x000000000000903c                __dtors_load_start__ = ALIGN ((__log_filter_data_load_start__ + SIZEOF (.log_filter_data)), 0x4)

.dtors          0x000000000000903c        0x0
                0x000000000000903c                __dtors_start__ = .
 *(SORT_BY_NAME(.dtors.*))
 *(.dtors)
 *(.fini_array)
 *(SORT_BY_NAME(.fini_array.*))
                0x000000000000903c                __dtors_end__ = (__dtors_start__ + SIZEOF (.dtors))
                0x0000000000000000                __dtors_size__ = SIZEOF (.dtors)
                0x000000000000903c                __dtors_load_end__ = __dtors_end__
                0x0000000000000001                . = ASSERT (((__dtors_start__ == __dtors_end__) || ((__dtors_end__ - __FLASH_segment_start__) <= __FLASH_segment_size__)), error: .dtors is too large to fit in FLASH memory segment)
                0x000000000000903c                __ctors_load_start__ = ALIGN (__dtors_end__, 0x4)

.ctors          0x000000000000903c        0x0
                0x000000000000903c                __ctors_start__ = .
 *(SORT_BY_NAME(.ctors.*))
 *(.ctors)
 *(.init_array)
 *(SORT_BY_NAME(.init_array.*))
                0x000000000000903c                __ctors_end__ = (__ctors_start__ + SIZEOF (.ctors))
                0x0000000000000000                __ctors_size__ = SIZEOF (.ctors)
                0x000000000000903c                __ctors_load_end__ = __ctors_end__
                0x0000000000000001                . = ASSERT (((__ctors_start__ == __ctors_end__) || ((__ctors_end__ - __FLASH_segment_start__) <= __FLASH_segment_size__)), error: .ctors is too large to fit in FLASH memory segment)
                0x000000000000903c                __rodata_load_start__ = ALIGN (__ctors_end__, 0x4)

.rodata         0x000000000000903c     0x1960
                0x000000000000903c                __rodata_start__ = .
 *(.rodata .rodata.* .gnu.linkonce.r.*)
 .rodata        0x000000000000903c       0x70 Output/nfc_writable_ndef_msg_pca10040 Debug/Obj/nrf_log_backend_uart.o
 .rodata.nrf_log_backend_uart_api
                0x00000000000090ac        0xc Output/nfc_writable_ndef_msg_pca10040 Debug/Obj/nrf_log_backend_uart.o
                0x00000000000090ac                nrf_log_backend_uart_api
 .rodata        0x00000000000090b8       0x68 Output/nfc_writable_ndef_msg_pca10040 Debug/Obj/nrf_log_default_backends.o
 .rodata.m_log_push_ringbuf
                0x0000000000009120        0xc Output/nfc_writable_ndef_msg_pca10040 Debug/Obj/nrf_log_frontend.o
 .rodata        0x000000000000912c       0x61 Output/nfc_writable_ndef_msg_pca10040 Debug/Obj/nrf_log_frontend.o
 *fill*         0x000000000000918d        0x3 
 .rodata        0x0000000000009190       0xaa Output/nfc_writable_ndef_msg_pca10040 Debug/Obj/nrf_log_str_formatter.o
 *fill*         0x000000000000923a        0x2 
 .rodata        0x000000000000923c       0x70 Output/nfc_writable_ndef_msg_pca10040 Debug/Obj/app_error_weak.o
 .rodata        0x00000000000092ac       0x4a Output/nfc_writable_ndef_msg_pca10040 Debug/Obj/app_util_platform.o
 *fill*         0x00000000000092f6        0x2 